<html>
<body>
<pre>
<h1>µVision Build Log</h1>
<h2>Tool Versions:</h2>
IDE-Version: ¦ÌVision V5.35.0.0
Copyright (C) 2021 ARM Ltd and ARM Germany GmbH. All rights reserved.
License Information: fcy cfyfy, cfyy, LIC=SDA0P-MWKS2-GKYBG-VNQDI-Z1PVJ-JJP68
 
Tool Versions:
Toolchain:       MDK-ARM Plus  Version: 5.35.0.2
Toolchain Path:  E:\keil\ARM\ARMCC\Bin
C Compiler:      Armcc.exe V5.06 update 7 (build 960)
Assembler:       Armasm.exe V5.06 update 7 (build 960)
Linker/Locator:  ArmLink.exe V5.06 update 7 (build 960)
Library Manager: ArmAr.exe V5.06 update 7 (build 960)
Hex Converter:   FromElf.exe V5.06 update 7 (build 960)
CPU DLL:         SARMCM3.DLL V5.35.0.2
Dialog DLL:      DCM.DLL V1.17.3.0
Target DLL:      STLink\ST-LINKIII-KEIL_SWO.dll V3.0.9.0
Dialog DLL:      TCM.DLL V1.53.0.0
 
<h2>Project:</h2>
C:\Users\cyyy\Documents\1bcu¿Î³Ì\IoT project\STM32_WIFI\Project\RVMDK£¨uv5£©\BH-STM32.uvprojx
Project File Date:  08/06/2021

<h2>Output:</h2>
*** Using Compiler 'V5.06 update 7 (build 960)', folder: 'E:\keil\ARM\ARMCC\Bin'
Build target 'dht11'
compiling stm32f10x_it.c...
compiling bsp_esp8266.c...
compiling main.c...
..\..\User\main.c(50): warning:  #177-D: variable "Oribuff"  was declared but never referenced
  	unsigned char Oribuff[128] = {0};
..\..\User\main.c(52): warning:  #177-D: variable "MainString"  was declared but never referenced
  	unsigned char *MainString;
..\..\User\main.c(54): warning:  #177-D: variable "opt_buff"  was declared but never referenced
  	char opt_buff[70]={0};
..\..\User\main.c(129): warning:  #177-D: variable "Orilen"  was declared but never referenced
  	unsigned short Orilen = 0;
..\..\User\main.c: 4 warnings, 0 errors
linking...
Program Size: Code=12364 RO-data=432 RW-data=80 ZI-data=6968  
FromELF: creating hex file...
"..\..\Output\health.axf" - 0 Error(s), 4 Warning(s).

<h2>Software Packages used:</h2>

Package Vendor: Keil
                http://www.keil.com/pack/Keil.STM32F1xx_DFP.2.3.0.pack
                Keil.STM32F1xx_DFP.2.3.0
                STMicroelectronics STM32F1 Series Device Support, Drivers and Examples

<h2>Collection of Component include folders:</h2>
  E:\keil\packk\Keil\STM32F1xx_DFP\2.3.0\Device\Include

<h2>Collection of Component Files used:</h2>
Build Time Elapsed:  00:00:01
</pre>
</body>
</html>
