Component: ARM Compiler 5.06 update 7 (build 960) Tool: armlink [4d3601]

==============================================================================

Section Cross References

    startup_stm32f10x_hd.o(RESET) refers to startup_stm32f10x_hd.o(STACK) for __initial_sp
    startup_stm32f10x_hd.o(RESET) refers to startup_stm32f10x_hd.o(.text) for Reset_Handler
    startup_stm32f10x_hd.o(RESET) refers to stm32f10x_it.o(i.NMI_Handler) for NMI_Handler
    startup_stm32f10x_hd.o(RESET) refers to stm32f10x_it.o(i.HardFault_Handler) for HardFault_Handler
    startup_stm32f10x_hd.o(RESET) refers to stm32f10x_it.o(i.MemManage_Handler) for MemManage_Handler
    startup_stm32f10x_hd.o(RESET) refers to stm32f10x_it.o(i.BusFault_Handler) for BusFault_Handler
    startup_stm32f10x_hd.o(RESET) refers to stm32f10x_it.o(i.UsageFault_Handler) for UsageFault_Handler
    startup_stm32f10x_hd.o(RESET) refers to stm32f10x_it.o(i.SVC_Handler) for SVC_Handler
    startup_stm32f10x_hd.o(RESET) refers to stm32f10x_it.o(i.DebugMon_Handler) for DebugMon_Handler
    startup_stm32f10x_hd.o(RESET) refers to stm32f10x_it.o(i.PendSV_Handler) for PendSV_Handler
    startup_stm32f10x_hd.o(RESET) refers to stm32f10x_it.o(i.SysTick_Handler) for SysTick_Handler
    startup_stm32f10x_hd.o(RESET) refers to stm32f10x_it.o(i.EXTI0_IRQHandler) for EXTI0_IRQHandler
    startup_stm32f10x_hd.o(RESET) refers to stm32f10x_it.o(i.USART1_IRQHandler) for USART1_IRQHandler
    startup_stm32f10x_hd.o(RESET) refers to stm32f10x_it.o(i.USART2_IRQHandler) for USART2_IRQHandler
    startup_stm32f10x_hd.o(RESET) refers to stm32f10x_it.o(i.USART3_IRQHandler) for USART3_IRQHandler
    startup_stm32f10x_hd.o(.text) refers to system_stm32f10x.o(i.SystemInit) for SystemInit
    startup_stm32f10x_hd.o(.text) refers to entry.o(.ARM.Collect$$$$00000000) for __main
    system_stm32f10x.o(i.SetSysClock) refers to system_stm32f10x.o(i.SetSysClockTo72) for SetSysClockTo72
    system_stm32f10x.o(i.SystemCoreClockUpdate) refers to system_stm32f10x.o(.data) for SystemCoreClock
    system_stm32f10x.o(i.SystemInit) refers to system_stm32f10x.o(i.SetSysClock) for SetSysClock
    stm32f10x_adc.o(i.ADC_DeInit) refers to stm32f10x_rcc.o(i.RCC_APB2PeriphResetCmd) for RCC_APB2PeriphResetCmd
    stm32f10x_bkp.o(i.BKP_DeInit) refers to stm32f10x_rcc.o(i.RCC_BackupResetCmd) for RCC_BackupResetCmd
    stm32f10x_can.o(i.CAN_DeInit) refers to stm32f10x_rcc.o(i.RCC_APB1PeriphResetCmd) for RCC_APB1PeriphResetCmd
    stm32f10x_can.o(i.CAN_GetITStatus) refers to stm32f10x_can.o(i.CheckITStatus) for CheckITStatus
    stm32f10x_cec.o(i.CEC_DeInit) refers to stm32f10x_rcc.o(i.RCC_APB1PeriphResetCmd) for RCC_APB1PeriphResetCmd
    stm32f10x_dac.o(i.DAC_DeInit) refers to stm32f10x_rcc.o(i.RCC_APB1PeriphResetCmd) for RCC_APB1PeriphResetCmd
    stm32f10x_flash.o(i.FLASH_EnableWriteProtection) refers to stm32f10x_flash.o(i.FLASH_WaitForLastOperation) for FLASH_WaitForLastOperation
    stm32f10x_flash.o(i.FLASH_EraseAllBank1Pages) refers to stm32f10x_flash.o(i.FLASH_WaitForLastBank1Operation) for FLASH_WaitForLastBank1Operation
    stm32f10x_flash.o(i.FLASH_EraseAllPages) refers to stm32f10x_flash.o(i.FLASH_WaitForLastOperation) for FLASH_WaitForLastOperation
    stm32f10x_flash.o(i.FLASH_EraseOptionBytes) refers to stm32f10x_flash.o(i.FLASH_GetReadOutProtectionStatus) for FLASH_GetReadOutProtectionStatus
    stm32f10x_flash.o(i.FLASH_EraseOptionBytes) refers to stm32f10x_flash.o(i.FLASH_WaitForLastOperation) for FLASH_WaitForLastOperation
    stm32f10x_flash.o(i.FLASH_ErasePage) refers to stm32f10x_flash.o(i.FLASH_WaitForLastOperation) for FLASH_WaitForLastOperation
    stm32f10x_flash.o(i.FLASH_ProgramHalfWord) refers to stm32f10x_flash.o(i.FLASH_WaitForLastOperation) for FLASH_WaitForLastOperation
    stm32f10x_flash.o(i.FLASH_ProgramOptionByteData) refers to stm32f10x_flash.o(i.FLASH_WaitForLastOperation) for FLASH_WaitForLastOperation
    stm32f10x_flash.o(i.FLASH_ProgramWord) refers to stm32f10x_flash.o(i.FLASH_WaitForLastOperation) for FLASH_WaitForLastOperation
    stm32f10x_flash.o(i.FLASH_ReadOutProtection) refers to stm32f10x_flash.o(i.FLASH_WaitForLastOperation) for FLASH_WaitForLastOperation
    stm32f10x_flash.o(i.FLASH_UserOptionByteConfig) refers to stm32f10x_flash.o(i.FLASH_WaitForLastOperation) for FLASH_WaitForLastOperation
    stm32f10x_flash.o(i.FLASH_WaitForLastBank1Operation) refers to stm32f10x_flash.o(i.FLASH_GetBank1Status) for FLASH_GetBank1Status
    stm32f10x_flash.o(i.FLASH_WaitForLastOperation) refers to stm32f10x_flash.o(i.FLASH_GetBank1Status) for FLASH_GetBank1Status
    stm32f10x_gpio.o(i.GPIO_AFIODeInit) refers to stm32f10x_rcc.o(i.RCC_APB2PeriphResetCmd) for RCC_APB2PeriphResetCmd
    stm32f10x_gpio.o(i.GPIO_DeInit) refers to stm32f10x_rcc.o(i.RCC_APB2PeriphResetCmd) for RCC_APB2PeriphResetCmd
    stm32f10x_i2c.o(i.I2C_DeInit) refers to stm32f10x_rcc.o(i.RCC_APB1PeriphResetCmd) for RCC_APB1PeriphResetCmd
[...]
    Removing stm32f10x_tim.o(i.TIM_ForcedOC3Config), (18 bytes).
    Removing stm32f10x_tim.o(i.TIM_ForcedOC4Config), (26 bytes).
    Removing stm32f10x_tim.o(i.TIM_GenerateEvent), (4 bytes).
    Removing stm32f10x_tim.o(i.TIM_GetCapture1), (6 bytes).
    Removing stm32f10x_tim.o(i.TIM_GetCapture2), (6 bytes).
    Removing stm32f10x_tim.o(i.TIM_GetCapture3), (6 bytes).
    Removing stm32f10x_tim.o(i.TIM_GetCapture4), (8 bytes).
    Removing stm32f10x_tim.o(i.TIM_GetCounter), (6 bytes).
    Removing stm32f10x_tim.o(i.TIM_GetFlagStatus), (18 bytes).
    Removing stm32f10x_tim.o(i.TIM_GetITStatus), (34 bytes).
    Removing stm32f10x_tim.o(i.TIM_GetPrescaler), (6 bytes).
    Removing stm32f10x_tim.o(i.TIM_ICInit), (172 bytes).
    Removing stm32f10x_tim.o(i.TIM_ICStructInit), (18 bytes).
    Removing stm32f10x_tim.o(i.TIM_ITConfig), (18 bytes).
    Removing stm32f10x_tim.o(i.TIM_ITRxExternalClockConfig), (24 bytes).
    Removing stm32f10x_tim.o(i.TIM_InternalClockConfig), (12 bytes).
    Removing stm32f10x_tim.o(i.TIM_OC1FastConfig), (18 bytes).
    Removing stm32f10x_tim.o(i.TIM_OC1Init), (152 bytes).
    Removing stm32f10x_tim.o(i.TIM_OC1NPolarityConfig), (18 bytes).
    Removing stm32f10x_tim.o(i.TIM_OC1PolarityConfig), (18 bytes).
    Removing stm32f10x_tim.o(i.TIM_OC1PreloadConfig), (18 bytes).
    Removing stm32f10x_tim.o(i.TIM_OC2FastConfig), (26 bytes).
    Removing stm32f10x_tim.o(i.TIM_OC2Init), (164 bytes).
    Removing stm32f10x_tim.o(i.TIM_OC2NPolarityConfig), (26 bytes).
    Removing stm32f10x_tim.o(i.TIM_OC2PolarityConfig), (26 bytes).
    Removing stm32f10x_tim.o(i.TIM_OC2PreloadConfig), (26 bytes).
    Removing stm32f10x_tim.o(i.TIM_OC3FastConfig), (18 bytes).
    Removing stm32f10x_tim.o(i.TIM_OC3Init), (160 bytes).
    Removing stm32f10x_tim.o(i.TIM_OC3NPolarityConfig), (26 bytes).
    Removing stm32f10x_tim.o(i.TIM_OC3PolarityConfig), (26 bytes).
    Removing stm32f10x_tim.o(i.TIM_OC3PreloadConfig), (18 bytes).
    Removing stm32f10x_tim.o(i.TIM_OC4FastConfig), (26 bytes).
    Removing stm32f10x_tim.o(i.TIM_OC4Init), (124 bytes).
    Removing stm32f10x_tim.o(i.TIM_OC4PolarityConfig), (26 bytes).
    Removing stm32f10x_tim.o(i.TIM_OC4PreloadConfig), (26 bytes).
    Removing stm32f10x_tim.o(i.TIM_OCStructInit), (20 bytes).
    Removing stm32f10x_tim.o(i.TIM_PWMIConfig), (124 bytes).
    Removing stm32f10x_tim.o(i.TIM_PrescalerConfig), (6 bytes).
    Removing stm32f10x_tim.o(i.TIM_SelectCCDMA), (24 bytes).
    Removing stm32f10x_tim.o(i.TIM_SelectCOM), (24 bytes).
    Removing stm32f10x_tim.o(i.TIM_SelectHallSensor), (24 bytes).
    Removing stm32f10x_tim.o(i.TIM_SelectInputTrigger), (18 bytes).
    Removing stm32f10x_tim.o(i.TIM_SelectMasterSlaveMode), (18 bytes).
    Removing stm32f10x_tim.o(i.TIM_SelectOCxM), (82 bytes).
    Removing stm32f10x_tim.o(i.TIM_SelectOnePulseMode), (18 bytes).
    Removing stm32f10x_tim.o(i.TIM_SelectOutputTrigger), (18 bytes).
    Removing stm32f10x_tim.o(i.TIM_SelectSlaveMode), (18 bytes).
    Removing stm32f10x_tim.o(i.TIM_SetAutoreload), (4 bytes).
    Removing stm32f10x_tim.o(i.TIM_SetClockDivision), (18 bytes).
    Removing stm32f10x_tim.o(i.TIM_SetCompare1), (4 bytes).
    Removing stm32f10x_tim.o(i.TIM_SetCompare2), (4 bytes).
    Removing stm32f10x_tim.o(i.TIM_SetCompare3), (4 bytes).
    Removing stm32f10x_tim.o(i.TIM_SetCompare4), (6 bytes).
    Removing stm32f10x_tim.o(i.TIM_SetCounter), (4 bytes).
    Removing stm32f10x_tim.o(i.TIM_SetIC1Prescaler), (18 bytes).
    Removing stm32f10x_tim.o(i.TIM_SetIC2Prescaler), (26 bytes).
    Removing stm32f10x_tim.o(i.TIM_SetIC3Prescaler), (18 bytes).
    Removing stm32f10x_tim.o(i.TIM_SetIC4Prescaler), (26 bytes).
    Removing stm32f10x_tim.o(i.TIM_TIxExternalClockConfig), (62 bytes).
    Removing stm32f10x_tim.o(i.TIM_TimeBaseInit), (164 bytes).
    Removing stm32f10x_tim.o(i.TIM_TimeBaseStructInit), (18 bytes).
    Removing stm32f10x_tim.o(i.TIM_UpdateDisableConfig), (24 bytes).
    Removing stm32f10x_tim.o(i.TIM_UpdateRequestConfig), (24 bytes).
    Removing stm32f10x_usart.o(i.USART_ClearFlag), (18 bytes).
    Removing stm32f10x_usart.o(i.USART_ClearITPendingBit), (30 bytes).
    Removing stm32f10x_usart.o(i.USART_ClockInit), (34 bytes).
    Removing stm32f10x_usart.o(i.USART_ClockStructInit), (12 bytes).
    Removing stm32f10x_usart.o(i.USART_DMACmd), (18 bytes).
    Removing stm32f10x_usart.o(i.USART_DeInit), (156 bytes).
    Removing stm32f10x_usart.o(i.USART_HalfDuplexCmd), (24 bytes).
    Removing stm32f10x_usart.o(i.USART_IrDACmd), (24 bytes).
    Removing stm32f10x_usart.o(i.USART_IrDAConfig), (18 bytes).
    Removing stm32f10x_usart.o(i.USART_LINBreakDetectLengthConfig), (18 bytes).
    Removing stm32f10x_usart.o(i.USART_LINCmd), (24 bytes).
    Removing stm32f10x_usart.o(i.USART_OneBitMethodCmd), (24 bytes).
    Removing stm32f10x_usart.o(i.USART_OverSampling8Cmd), (22 bytes).
    Removing stm32f10x_usart.o(i.USART_ReceiverWakeUpCmd), (24 bytes).
    Removing stm32f10x_usart.o(i.USART_SendBreak), (10 bytes).
    Removing stm32f10x_usart.o(i.USART_SetAddress), (18 bytes).
    Removing stm32f10x_usart.o(i.USART_SetGuardTime), (16 bytes).
    Removing stm32f10x_usart.o(i.USART_SetPrescaler), (16 bytes).
    Removing stm32f10x_usart.o(i.USART_SmartCardCmd), (24 bytes).
    Removing stm32f10x_usart.o(i.USART_SmartCardNACKCmd), (24 bytes).
    Removing stm32f10x_usart.o(i.USART_StructInit), (24 bytes).
    Removing stm32f10x_usart.o(i.USART_WakeUpConfig), (18 bytes).
    Removing stm32f10x_wwdg.o(i.WWDG_ClearFlag), (12 bytes).
    Removing stm32f10x_wwdg.o(i.WWDG_DeInit), (22 bytes).
    Removing stm32f10x_wwdg.o(i.WWDG_Enable), (16 bytes).
    Removing stm32f10x_wwdg.o(i.WWDG_EnableIT), (12 bytes).
    Removing stm32f10x_wwdg.o(i.WWDG_GetFlagStatus), (12 bytes).
    Removing stm32f10x_wwdg.o(i.WWDG_SetCounter), (16 bytes).
    Removing stm32f10x_wwdg.o(i.WWDG_SetPrescaler), (24 bytes).
    Removing stm32f10x_wwdg.o(i.WWDG_SetWindowValue), (40 bytes).
    Removing main.o(i.GetDataFixedHead), (34 bytes).
    Removing main.o(i.GetDataONENETPUBLISH), (130 bytes).
    Removing main.o(i.Send_Data2Server), (100 bytes).
    Removing bsp_usart.o(i.Usart_SendByte), (30 bytes).
    Removing bsp_usart.o(i.Usart_SendHalfWord), (60 bytes).
    Removing bsp_usart.o(i.Usart_SendString), (42 bytes).
    Removing bsp_usart.o(i.fgetc), (32 bytes).
    Removing bsp_systick.o(i.Get_TmDelay_measure), (12 bytes).
    Removing bsp_systick.o(i.TmDelay_measure), (52 bytes).
    Removing bsp_systick.o(i.TmDelay_measureClr), (20 bytes).
    Removing bsp_systick.o(i.TmDelay_measureSet), (24 bytes).
    Removing bsp_esp8266.o(i.ESP8266_BuildAP), (72 bytes).
    Removing bsp_esp8266.o(i.ESP8266_Get_IdLinkStatus), (232 bytes).
    Removing bsp_esp8266.o(i.ESP8266_Inquire_ApIp), (108 bytes).
    Removing bsp_esp8266.o(i.ESP8266_ReceiveString), (100 bytes).
    Removing bsp_esp8266.o(i.ESP8266_SendString), (160 bytes).
    Removing bsp_esp8266.o(i.ESP8266_StartOrShutServer), (144 bytes).
    Removing bsp_esp8266.o(i.mqtt_get_qos), (10 bytes).
    Removing bsp_led.o(i.BEEP_GPIO_Config), (44 bytes).
    Removing bsp_led.o(i.BEEP_Init), (20 bytes).
    Removing bsp_led.o(i.RELAY_GPIO_Config), (144 bytes).
    Removing bsp_led.o(i.RELAY_Init), (44 bytes).
    Removing mqttconnectclient.o(i.MQTTDeserialize_connack), (118 bytes).
    Removing mqttconnectclient.o(i.MQTTSerialize_disconnect), (18 bytes).
    Removing mqttconnectclient.o(i.MQTTSerialize_pingreq), (18 bytes).
    Removing mqttconnectclient.o(i.MQTTSerialize_zero), (76 bytes).
    Removing mqttdeserializepublish.o(i.MQTTDeserialize_ack), (108 bytes).
    Removing mqttdeserializepublish.o(i.MQTTDeserialize_publish), (168 bytes).
    Removing mqttformat.o(i.MQTTPacket_getName), (16 bytes).
    Removing mqttformat.o(i.MQTTStringFormat_ack), (100 bytes).
    Removing mqttformat.o(i.MQTTStringFormat_connack), (72 bytes).
    Removing mqttformat.o(i.MQTTStringFormat_connect), (192 bytes).
    Removing mqttformat.o(i.MQTTStringFormat_publish), (84 bytes).
    Removing mqttformat.o(i.MQTTStringFormat_suback), (84 bytes).
    Removing mqttformat.o(i.MQTTStringFormat_subscribe), (120 bytes).
    Removing mqttformat.o(i.MQTTStringFormat_unsubscribe), (104 bytes).
    Removing mqttformat.o(.conststring), (383 bytes).
    Removing mqttformat.o(.data), (60 bytes).
    Removing mqttpacket.o(i.MQTTPacket_decode), (88 bytes).
    Removing mqttpacket.o(i.MQTTPacket_decodeBuf), (28 bytes).
    Removing mqttpacket.o(i.MQTTPacket_decodenb), (104 bytes).
    Removing mqttpacket.o(i.MQTTPacket_equals), (66 bytes).
    Removing mqttpacket.o(i.MQTTPacket_read), (102 bytes).
    Removing mqttpacket.o(i.MQTTPacket_readnb), (204 bytes).
    Removing mqttpacket.o(i.bufchar), (40 bytes).
    Removing mqttpacket.o(i.getLenStringLen), (18 bytes).
    Removing mqttpacket.o(i.readChar), (14 bytes).
    Removing mqttpacket.o(i.readInt), (26 bytes).
    Removing mqttpacket.o(i.readMQTTLenString), (58 bytes).
    Removing mqttpacket.o(.data), (4 bytes).
    Removing mqttserializepublish.o(i.MQTTSerialize_ack), (114 bytes).
    Removing mqttserializepublish.o(i.MQTTSerialize_puback), (24 bytes).
    Removing mqttserializepublish.o(i.MQTTSerialize_pubcomp), (24 bytes).
    Removing mqttserializepublish.o(i.MQTTSerialize_pubrel), (26 bytes).
    Removing mqttsubscribeclient.o(i.MQTTDeserialize_suback), (146 bytes).
    Removing mqttsubscribeclient.o(i.MQTTSerialize_subscribe), (176 bytes).
    Removing mqttsubscribeclient.o(i.MQTTSerialize_subscribeLength), (46 bytes).
    Removing mqttunsubscribeclient.o(i.MQTTDeserialize_unsuback), (46 bytes).
    Removing mqttunsubscribeclient.o(i.MQTTSerialize_unsubscribe), (166 bytes).
    Removing mqttunsubscribeclient.o(i.MQTTSerialize_unsubscribeLength), (46 bytes).

516 unused section(s) (total 24073 bytes) removed from the image.

==============================================================================

Image Symbol Table

    Local Symbols

    Symbol Name                              Value     Ov Type        Size  Object(Section)

    ../clib/microlib/division.c              0x00000000   Number         0  uidiv.o ABSOLUTE
    ../clib/microlib/division.c              0x00000000   Number         0  uldiv.o ABSOLUTE
    ../clib/microlib/init/entry.s            0x00000000   Number         0  entry12b.o ABSOLUTE
    ../clib/microlib/init/entry.s            0x00000000   Number         0  entry5.o ABSOLUTE
    ../clib/microlib/init/entry.s            0x00000000   Number         0  entry12a.o ABSOLUTE
    ../clib/microlib/init/entry.s            0x00000000   Number         0  entry11b.o ABSOLUTE
    ../clib/microlib/init/entry.s            0x00000000   Number         0  entry9a.o ABSOLUTE
    ../clib/microlib/init/entry.s            0x00000000   Number         0  entry2.o ABSOLUTE
    ../clib/microlib/init/entry.s            0x00000000   Number         0  entry11a.o ABSOLUTE
    ../clib/microlib/init/entry.s            0x00000000   Number         0  entry10b.o ABSOLUTE
    ../clib/microlib/init/entry.s            0x00000000   Number         0  entry8b.o ABSOLUTE
    ../clib/microlib/init/entry.s            0x00000000   Number         0  entry8a.o ABSOLUTE
    ../clib/microlib/init/entry.s            0x00000000   Number         0  entry10a.o ABSOLUTE
    ../clib/microlib/init/entry.s            0x00000000   Number         0  entry.o ABSOLUTE
    ../clib/microlib/init/entry.s            0x00000000   Number         0  entry7b.o ABSOLUTE
    ../clib/microlib/init/entry.s            0x00000000   Number         0  entry7a.o ABSOLUTE
    ../clib/microlib/init/entry.s            0x00000000   Number         0  entry9b.o ABSOLUTE
    ../clib/microlib/longlong.c              0x00000000   Number         0  llsshr.o ABSOLUTE
    ../clib/microlib/longlong.c              0x00000000   Number         0  llushr.o ABSOLUTE
    ../clib/microlib/longlong.c              0x00000000   Number         0  llshl.o ABSOLUTE
    ../clib/microlib/printf/printf.c         0x00000000   Number         0  printf1.o ABSOLUTE
    ../clib/microlib/printf/printf.c         0x00000000   Number         0  printf2.o ABSOLUTE
    ../clib/microlib/printf/printf.c         0x00000000   Number         0  printf3.o ABSOLUTE
    ../clib/microlib/printf/printf.c         0x00000000   Number         0  printf5.o ABSOLUTE
    ../clib/microlib/printf/printf.c         0x00000000   Number         0  printf6.o ABSOLUTE
    ../clib/microlib/printf/printf.c         0x00000000   Number         0  printf7.o ABSOLUTE
    ../clib/microlib/printf/printf.c         0x00000000   Number         0  printf8.o ABSOLUTE
    ../clib/microlib/printf/printf.c         0x00000000   Number         0  printfa.o ABSOLUTE
    ../clib/microlib/printf/printf.c         0x00000000   Number         0  printf4.o ABSOLUTE
    ../clib/microlib/printf/printf.c         0x00000000   Number         0  printfb.o ABSOLUTE
    ../clib/microlib/printf/printf.c         0x00000000   Number         0  printf0.o ABSOLUTE
    ../clib/microlib/printf/stubs.s          0x00000000   Number         0  stubs.o ABSOLUTE
    ../clib/microlib/stdio/streams.c         0x00000000   Number         0  stdout.o ABSOLUTE
    ../clib/microlib/string/memcpy.c         0x00000000   Number         0  memcpyb.o ABSOLUTE
    ../clib/microlib/string/memcpy.c         0x00000000   Number         0  memcpya.o ABSOLUTE
    ../clib/microlib/string/memset.c         0x00000000   Number         0  memseta.o ABSOLUTE
    ../clib/microlib/string/strlen.c         0x00000000   Number         0  strlen.o ABSOLUTE
    ../clib/microlib/string/strncmp.c        0x00000000   Number         0  strncmp.o ABSOLUTE
    ../clib/microlib/string/strstr.c         0x00000000   Number         0  strstr.o ABSOLUTE
    ../clib/microlib/stubs.s                 0x00000000   Number         0  iusefp.o ABSOLUTE
    ../fplib/microlib/f2d.c                  0x00000000   Number         0  f2d.o ABSOLUTE
    ../fplib/microlib/fpadd.c                0x00000000   Number         0  dadd.o ABSOLUTE
    ../fplib/microlib/fpadd.c                0x00000000   Number         0  fadd.o ABSOLUTE
    ../fplib/microlib/fpdiv.c                0x00000000   Number         0  ddiv.o ABSOLUTE
    ../fplib/microlib/fpdiv.c                0x00000000   Number         0  fdiv.o ABSOLUTE
    ../fplib/microlib/fpepilogue.c           0x00000000   Number         0  depilogue.o ABSOLUTE
    ../fplib/microlib/fpepilogue.c           0x00000000   Number         0  fepilogue.o ABSOLUTE
    ../fplib/microlib/fpfix.c                0x00000000   Number         0  dfixul.o ABSOLUTE
    ../fplib/microlib/fpflt.c                0x00000000   Number         0  ffltui.o ABSOLUTE
    ../fplib/microlib/fpmul.c                0x00000000   Number         0  dmul.o ABSOLUTE
    ..\..\Libraries\CMSIS\core_cm3.c         0x00000000   Number         0  core_cm3.o ABSOLUTE
    ..\..\Libraries\CMSIS\startup\startup_stm32f10x_hd.s 0x00000000   Number         0  startup_stm32f10x_hd.o ABSOLUTE
    ..\..\Libraries\CMSIS\system_stm32f10x.c 0x00000000   Number         0  system_stm32f10x.o ABSOLUTE
    ..\..\Libraries\FWlib\src\misc.c         0x00000000   Number         0  misc.o ABSOLUTE
    ..\..\Libraries\FWlib\src\stm32f10x_adc.c 0x00000000   Number         0  stm32f10x_adc.o ABSOLUTE
    ..\..\Libraries\FWlib\src\stm32f10x_bkp.c 0x00000000   Number         0  stm32f10x_bkp.o ABSOLUTE
    ..\..\Libraries\FWlib\src\stm32f10x_can.c 0x00000000   Number         0  stm32f10x_can.o ABSOLUTE
    ..\..\Libraries\FWlib\src\stm32f10x_cec.c 0x00000000   Number         0  stm32f10x_cec.o ABSOLUTE
    ..\..\Libraries\FWlib\src\stm32f10x_crc.c 0x00000000   Number         0  stm32f10x_crc.o ABSOLUTE
    ..\..\Libraries\FWlib\src\stm32f10x_dac.c 0x00000000   Number         0  stm32f10x_dac.o ABSOLUTE
    ..\..\Libraries\FWlib\src\stm32f10x_dbgmcu.c 0x00000000   Number         0  stm32f10x_dbgmcu.o ABSOLUTE
    ..\..\Libraries\FWlib\src\stm32f10x_dma.c 0x00000000   Number         0  stm32f10x_dma.o ABSOLUTE
    ..\..\Libraries\FWlib\src\stm32f10x_exti.c 0x00000000   Number         0  stm32f10x_exti.o ABSOLUTE
    ..\..\Libraries\FWlib\src\stm32f10x_flash.c 0x00000000   Number         0  stm32f10x_flash.o ABSOLUTE
    ..\..\Libraries\FWlib\src\stm32f10x_fsmc.c 0x00000000   Number         0  stm32f10x_fsmc.o ABSOLUTE
    ..\..\Libraries\FWlib\src\stm32f10x_gpio.c 0x00000000   Number         0  stm32f10x_gpio.o ABSOLUTE
    ..\..\Libraries\FWlib\src\stm32f10x_i2c.c 0x00000000   Number         0  stm32f10x_i2c.o ABSOLUTE
    ..\..\Libraries\FWlib\src\stm32f10x_iwdg.c 0x00000000   Number         0  stm32f10x_iwdg.o ABSOLUTE
    ..\..\Libraries\FWlib\src\stm32f10x_pwr.c 0x00000000   Number         0  stm32f10x_pwr.o ABSOLUTE
    ..\..\Libraries\FWlib\src\stm32f10x_rcc.c 0x00000000   Number         0  stm32f10x_rcc.o ABSOLUTE
    ..\..\Libraries\FWlib\src\stm32f10x_rtc.c 0x00000000   Number         0  stm32f10x_rtc.o ABSOLUTE
    ..\..\Libraries\FWlib\src\stm32f10x_sdio.c 0x00000000   Number         0  stm32f10x_sdio.o ABSOLUTE
    ..\..\Libraries\FWlib\src\stm32f10x_spi.c 0x00000000   Number         0  stm32f10x_spi.o ABSOLUTE
    ..\..\Libraries\FWlib\src\stm32f10x_tim.c 0x00000000   Number         0  stm32f10x_tim.o ABSOLUTE
    ..\..\Libraries\FWlib\src\stm32f10x_usart.c 0x00000000   Number         0  stm32f10x_usart.o ABSOLUTE
    ..\..\Libraries\FWlib\src\stm32f10x_wwdg.c 0x00000000   Number         0  stm32f10x_wwdg.o ABSOLUTE
    ..\..\User\Common\Common.c               0x00000000   Number         0  common.o ABSOLUTE
    ..\..\User\ESP8266\bsp_esp8266.c         0x00000000   Number         0  bsp_esp8266.o ABSOLUTE
    ..\..\User\Led\bsp_led.c                 0x00000000   Number         0  bsp_led.o ABSOLUTE
    ..\..\User\MQTT\MQTTPacket\src\MQTTConnectClient.c 0x00000000   Number         0  mqttconnectclient.o ABSOLUTE
    ..\..\User\MQTT\MQTTPacket\src\MQTTDeserializePublish.c 0x00000000   Number         0  mqttdeserializepublish.o ABSOLUTE
    ..\..\User\MQTT\MQTTPacket\src\MQTTFormat.c 0x00000000   Number         0  mqttformat.o ABSOLUTE
    ..\..\User\MQTT\MQTTPacket\src\MQTTPacket.c 0x00000000   Number         0  mqttpacket.o ABSOLUTE
    ..\..\User\MQTT\MQTTPacket\src\MQTTSerializePublish.c 0x00000000   Number         0  mqttserializepublish.o ABSOLUTE
    ..\..\User\MQTT\MQTTPacket\src\MQTTSubscribeClient.c 0x00000000   Number         0  mqttsubscribeclient.o ABSOLUTE
    ..\..\User\MQTT\MQTTPacket\src\MQTTUnsubscribeClient.c 0x00000000   Number         0  mqttunsubscribeclient.o ABSOLUTE
    ..\..\User\SGP30\sgp30.c                 0x00000000   Number         0  sgp30.o ABSOLUTE
    ..\..\User\SysTick\bsp_SysTick.c         0x00000000   Number         0  bsp_systick.o ABSOLUTE
    ..\..\User\dht11\bsp_dht11.c             0x00000000   Number         0  bsp_dht11.o ABSOLUTE
    ..\..\User\dwt_delay\core_delay.c        0x00000000   Number         0  core_delay.o ABSOLUTE
    ..\..\User\main.c                        0x00000000   Number         0  main.o ABSOLUTE
    ..\..\User\stm32f10x_it.c                0x00000000   Number         0  stm32f10x_it.o ABSOLUTE
    ..\..\User\usart\bsp_usart.c             0x00000000   Number         0  bsp_usart.o ABSOLUTE
    ..\\..\\Libraries\\CMSIS\\core_cm3.c     0x00000000   Number         0  core_cm3.o ABSOLUTE
    cdrcmple.s                               0x00000000   Number         0  cdrcmple.o ABSOLUTE
    dc.s                                     0x00000000   Number         0  dc.o ABSOLUTE
    handlers.s                               0x00000000   Number         0  handlers.o ABSOLUTE
    init.s                                   0x00000000   Number         0  init.o ABSOLUTE
    RESET                                    0x08000000   Section      304  startup_stm32f10x_hd.o(RESET)
    .ARM.Collect$$$$00000000                 0x08000130   Section        0  entry.o(.ARM.Collect$$$$00000000)
    .ARM.Collect$$$$00000001                 0x08000130   Section        4  entry2.o(.ARM.Collect$$$$00000001)
    .ARM.Collect$$$$00000004                 0x08000134   Section        4  entry5.o(.ARM.Collect$$$$00000004)
    .ARM.Collect$$$$00000008                 0x08000138   Section        0  entry7b.o(.ARM.Collect$$$$00000008)
    .ARM.Collect$$$$0000000A                 0x08000138   Section        0  entry8b.o(.ARM.Collect$$$$0000000A)
    .ARM.Collect$$$$0000000B                 0x08000138   Section        8  entry9a.o(.ARM.Collect$$$$0000000B)
    .ARM.Collect$$$$0000000E                 0x08000140   Section        4  entry12b.o(.ARM.Collect$$$$0000000E)
    .ARM.Collect$$$$0000000F                 0x08000144   Section        0  entry10a.o(.ARM.Collect$$$$0000000F)
    .ARM.Collect$$$$00000011                 0x08000144   Section        0  entry11a.o(.ARM.Collect$$$$00000011)
    .ARM.Collect$$$$00002712                 0x08000144   Section        4  entry2.o(.ARM.Collect$$$$00002712)
    __lit__00000000                          0x08000144   Data           4  entry2.o(.ARM.Collect$$$$00002712)
    .text                                    0x08000148   Section       36  startup_stm32f10x_hd.o(.text)
    .text                                    0x0800016c   Section        0  memcpya.o(.text)
    .text                                    0x08000190   Section        0  memseta.o(.text)
    .text                                    0x080001b4   Section        0  strstr.o(.text)
    .text                                    0x080001d8   Section        0  strlen.o(.text)
    .text                                    0x080001e6   Section        0  fadd.o(.text)
    .text                                    0x08000296   Section        0  fdiv.o(.text)
    .text                                    0x08000312   Section        0  ffltui.o(.text)
    .text                                    0x0800031c   Section        0  f2d.o(.text)
    .text                                    0x08000342   Section        0  uidiv.o(.text)
    .text                                    0x0800036e   Section        0  uldiv.o(.text)
    .text                                    0x080003d0   Section        0  fepilogue.o(.text)
    .text                                    0x080003d0   Section        0  iusefp.o(.text)
    .text                                    0x0800043e   Section        0  dadd.o(.text)
    .text                                    0x0800058c   Section        0  dmul.o(.text)
    .text                                    0x08000670   Section        0  ddiv.o(.text)
    .text                                    0x0800074e   Section        0  dfixul.o(.text)
    .text                                    0x08000780   Section       48  cdrcmple.o(.text)
    .text                                    0x080007b0   Section       36  init.o(.text)
    .text                                    0x080007d4   Section        0  llshl.o(.text)
    .text                                    0x080007f2   Section        0  llushr.o(.text)
    .text                                    0x08000812   Section        0  llsshr.o(.text)
    .text                                    0x08000836   Section        0  depilogue.o(.text)
    i.BusFault_Handler                       0x080008f0   Section        0  stm32f10x_it.o(i.BusFault_Handler)
    i.CPU_TS_TmrInit                         0x080008f4   Section        0  core_delay.o(i.CPU_TS_TmrInit)
    i.CPU_TS_TmrRd                           0x0800091c   Section        0  core_delay.o(i.CPU_TS_TmrRd)
    i.CPU_TS_Tmr_Delay_US                    0x08000928   Section        0  core_delay.o(i.CPU_TS_Tmr_Delay_US)
    i.DHT11_GPIO_Config                      0x0800097c   Section        0  bsp_dht11.o(i.DHT11_GPIO_Config)
    DHT11_GPIO_Config                        0x0800097d   Thumb Code    36  bsp_dht11.o(i.DHT11_GPIO_Config)
    i.DHT11_Init                             0x080009a4   Section        0  bsp_dht11.o(i.DHT11_Init)
    i.DHT11_Mode_IPU                         0x080009b8   Section        0  bsp_dht11.o(i.DHT11_Mode_IPU)
    DHT11_Mode_IPU                           0x080009b9   Thumb Code    24  bsp_dht11.o(i.DHT11_Mode_IPU)
    i.DHT11_Mode_Out_PP                      0x080009d4   Section        0  bsp_dht11.o(i.DHT11_Mode_Out_PP)
    DHT11_Mode_Out_PP                        0x080009d5   Thumb Code    28  bsp_dht11.o(i.DHT11_Mode_Out_PP)
    i.DHT11_ReadByte                         0x080009f4   Section        0  bsp_dht11.o(i.DHT11_ReadByte)
    DHT11_ReadByte                           0x080009f5   Thumb Code    90  bsp_dht11.o(i.DHT11_ReadByte)
    i.DHT11_Read_TempAndHumidity             0x08000a54   Section        0  bsp_dht11.o(i.DHT11_Read_TempAndHumidity)
    i.DebugMon_Handler                       0x08000af4   Section        0  stm32f10x_it.o(i.DebugMon_Handler)
    i.Delay_ms                               0x08000af6   Section        0  bsp_esp8266.o(i.Delay_ms)
    i.Delay_us                               0x08000b08   Section        0  bsp_systick.o(i.Delay_us)
    i.ESP8266_AT_Test                        0x08000b30   Section        0  bsp_esp8266.o(i.ESP8266_AT_Test)
    i.ESP8266_Cmd                            0x08000b78   Section        0  bsp_esp8266.o(i.ESP8266_Cmd)
    i.ESP8266_Enable_MultipleId              0x08000c50   Section        0  bsp_esp8266.o(i.ESP8266_Enable_MultipleId)
    i.ESP8266_ExitUnvarnishSend              0x08000c90   Section        0  bsp_esp8266.o(i.ESP8266_ExitUnvarnishSend)
    i.ESP8266_GPIO_Config                    0x08000cb4   Section        0  bsp_esp8266.o(i.ESP8266_GPIO_Config)
    ESP8266_GPIO_Config                      0x08000cb5   Thumb Code    64  bsp_esp8266.o(i.ESP8266_GPIO_Config)
    i.ESP8266_Get_LinkStatus                 0x08000cf8   Section        0  bsp_esp8266.o(i.ESP8266_Get_LinkStatus)
    i.ESP8266_Init                           0x08000d74   Section        0  bsp_esp8266.o(i.ESP8266_Init)
    i.ESP8266_JoinAP                         0x08000d98   Section        0  bsp_esp8266.o(i.ESP8266_JoinAP)
    i.ESP8266_Link_Server                    0x08000dd8   Section        0  bsp_esp8266.o(i.ESP8266_Link_Server)
    i.ESP8266_Net_Mode_Choose                0x08000e98   Section        0  bsp_esp8266.o(i.ESP8266_Net_Mode_Choose)
    i.ESP8266_Rst                            0x08000f10   Section        0  bsp_esp8266.o(i.ESP8266_Rst)
    i.ESP8266_StaTcpClient_UnvarnishTest     0x08000f34   Section        0  bsp_esp8266.o(i.ESP8266_StaTcpClient_UnvarnishTest)
    i.ESP8266_StaTcpClient_startUnvarnishTest 0x080010a8   Section        0  bsp_esp8266.o(i.ESP8266_StaTcpClient_startUnvarnishTest)
    i.ESP8266_USART_Config                   0x08001190   Section        0  bsp_esp8266.o(i.ESP8266_USART_Config)
    ESP8266_USART_Config                     0x08001191   Thumb Code   148  bsp_esp8266.o(i.ESP8266_USART_Config)
    i.ESP8266_USART_NVIC_Configuration       0x0800122c   Section        0  bsp_esp8266.o(i.ESP8266_USART_NVIC_Configuration)
    ESP8266_USART_NVIC_Configuration         0x0800122d   Thumb Code    40  bsp_esp8266.o(i.ESP8266_USART_NVIC_Configuration)
    i.ESP8266_UnvarnishSend                  0x08001254   Section        0  bsp_esp8266.o(i.ESP8266_UnvarnishSend)
    i.EXTI0_IRQHandler                       0x080012a0   Section        0  stm32f10x_it.o(i.EXTI0_IRQHandler)
    i.EXTI_ClearITPendingBit                 0x080012b4   Section        0  stm32f10x_exti.o(i.EXTI_ClearITPendingBit)
    i.EXTI_GetITStatus                       0x080012c0   Section        0  stm32f10x_exti.o(i.EXTI_GetITStatus)
    i.GPIO_Init                              0x080012e8   Section        0  stm32f10x_gpio.o(i.GPIO_Init)
    i.GPIO_ReadInputDataBit                  0x080013fe   Section        0  stm32f10x_gpio.o(i.GPIO_ReadInputDataBit)
    i.GPIO_ReadOutputDataBit                 0x08001410   Section        0  stm32f10x_gpio.o(i.GPIO_ReadOutputDataBit)
    i.GPIO_ResetBits                         0x08001422   Section        0  stm32f10x_gpio.o(i.GPIO_ResetBits)
    i.GPIO_SetBits                           0x08001426   Section        0  stm32f10x_gpio.o(i.GPIO_SetBits)
    i.HardFault_Handler                      0x0800142a   Section        0  stm32f10x_it.o(i.HardFault_Handler)
    i.LED_GPIO_Config                        0x08001430   Section        0  bsp_led.o(i.LED_GPIO_Config)
    LED_GPIO_Config                          0x08001431   Thumb Code    38  bsp_led.o(i.LED_GPIO_Config)
    i.LED_Init                               0x0800145c   Section        0  bsp_led.o(i.LED_Init)
    i.MQTTPacket_encode                      0x08001470   Section        0  mqttpacket.o(i.MQTTPacket_encode)
    i.MQTTPacket_len                         0x080014a8   Section        0  mqttpacket.o(i.MQTTPacket_len)
    i.MQTTSerialize_connect                  0x080014d0   Section        0  mqttconnectclient.o(i.MQTTSerialize_connect)
    i.MQTTSerialize_connectLength            0x08001638   Section        0  mqttconnectclient.o(i.MQTTSerialize_connectLength)
    i.MQTTSerialize_opt                      0x080016ae   Section        0  mqttconnectclient.o(i.MQTTSerialize_opt)
    i.MQTTSerialize_publish                  0x080016d8   Section        0  mqttserializepublish.o(i.MQTTSerialize_publish)
    i.MQTTSerialize_publishLength            0x08001788   Section        0  mqttserializepublish.o(i.MQTTSerialize_publishLength)
    i.MQTT_CallBack                          0x080017ac   Section        0  main.o(i.MQTT_CallBack)
    MQTT_CallBack                            0x080017ad   Thumb Code   150  main.o(i.MQTT_CallBack)
    i.MQTT_ConnectAnalysis                   0x08001874   Section        0  bsp_esp8266.o(i.MQTT_ConnectAnalysis)
    i.MQTT_ConnectPacket                     0x0800188c   Section        0  main.o(i.MQTT_ConnectPacket)
    i.MQTT_PublishDataPacket                 0x08001918   Section        0  main.o(i.MQTT_PublishDataPacket)
    i.MQTTstrlen                             0x08001a00   Section        0  mqttpacket.o(i.MQTTstrlen)
    i.MemManage_Handler                      0x08001a18   Section        0  stm32f10x_it.o(i.MemManage_Handler)
    i.MqttConnectMqttAck                     0x08001a1c   Section        0  bsp_esp8266.o(i.MqttConnectMqttAck)
    i.Mqtt_Send                              0x08001a38   Section        0  main.o(i.Mqtt_Send)
    i.NMI_Handler                            0x08001a68   Section        0  stm32f10x_it.o(i.NMI_Handler)
    i.NVIC_Configuration                     0x08001a6a   Section        0  bsp_usart.o(i.NVIC_Configuration)
    NVIC_Configuration                       0x08001a6b   Thumb Code    38  bsp_usart.o(i.NVIC_Configuration)
    i.NVIC_Init                              0x08001a90   Section        0  misc.o(i.NVIC_Init)
    i.NVIC_PriorityGroupConfig               0x08001b00   Section        0  misc.o(i.NVIC_PriorityGroupConfig)
    i.PendSV_Handler                         0x08001b14   Section        0  stm32f10x_it.o(i.PendSV_Handler)
    i.RCC_APB1PeriphClockCmd                 0x08001b18   Section        0  stm32f10x_rcc.o(i.RCC_APB1PeriphClockCmd)
    i.RCC_APB2PeriphClockCmd                 0x08001b38   Section        0  stm32f10x_rcc.o(i.RCC_APB2PeriphClockCmd)
    i.RCC_GetClocksFreq                      0x08001b58   Section        0  stm32f10x_rcc.o(i.RCC_GetClocksFreq)
    i.Read_Dht11                             0x08001c2c   Section        0  main.o(i.Read_Dht11)
    i.Read_PM                                0x08001c94   Section        0  main.o(i.Read_PM)
    i.Read_SPG30                             0x08001cf0   Section        0  main.o(i.Read_SPG30)
    i.SDA_IN                                 0x08001d3c   Section        0  sgp30.o(i.SDA_IN)
    i.SDA_OUT                                0x08001d60   Section        0  sgp30.o(i.SDA_OUT)
    i.SGP30_GPIO_Init                        0x08001d84   Section        0  sgp30.o(i.SGP30_GPIO_Init)
    i.SGP30_IIC_Ack                          0x08001dbc   Section        0  sgp30.o(i.SGP30_IIC_Ack)
    i.SGP30_IIC_NAck                         0x08001df4   Section        0  sgp30.o(i.SGP30_IIC_NAck)
    i.SGP30_IIC_Read_Byte                    0x08001e2c   Section        0  sgp30.o(i.SGP30_IIC_Read_Byte)
    i.SGP30_IIC_Send_Byte                    0x08001e90   Section        0  sgp30.o(i.SGP30_IIC_Send_Byte)
    i.SGP30_IIC_Start                        0x08001ef4   Section        0  sgp30.o(i.SGP30_IIC_Start)
    i.SGP30_IIC_Stop                         0x08001f2c   Section        0  sgp30.o(i.SGP30_IIC_Stop)
    i.SGP30_IIC_Wait_Ack                     0x08001f60   Section        0  sgp30.o(i.SGP30_IIC_Wait_Ack)
    i.SGP30_Init                             0x08001fb8   Section        0  sgp30.o(i.SGP30_Init)
    i.SGP30_Read                             0x08001fc8   Section        0  sgp30.o(i.SGP30_Read)
    i.SGP30_Write                            0x08002010   Section        0  sgp30.o(i.SGP30_Write)
    i.SVC_Handler                            0x08002048   Section        0  stm32f10x_it.o(i.SVC_Handler)
    i.SetSysClock                            0x0800204a   Section        0  system_stm32f10x.o(i.SetSysClock)
    SetSysClock                              0x0800204b   Thumb Code     8  system_stm32f10x.o(i.SetSysClock)
    i.SetSysClockTo72                        0x08002054   Section        0  system_stm32f10x.o(i.SetSysClockTo72)
    SetSysClockTo72                          0x08002055   Thumb Code   214  system_stm32f10x.o(i.SetSysClockTo72)
    i.SysTick_Handler                        0x08002134   Section        0  stm32f10x_it.o(i.SysTick_Handler)
    i.SysTick_Init                           0x0800213c   Section        0  bsp_systick.o(i.SysTick_Init)
    i.SystemInit                             0x080021b8   Section        0  system_stm32f10x.o(i.SystemInit)
    i.TimingDelay_Decrement                  0x08002218   Section        0  bsp_systick.o(i.TimingDelay_Decrement)
    i.Toggle_Led                             0x08002230   Section        0  main.o(i.Toggle_Led)
    i.USART1_IRQHandler                      0x08002270   Section        0  stm32f10x_it.o(i.USART1_IRQHandler)
    i.USART2_IRQHandler                      0x080022ec   Section        0  stm32f10x_it.o(i.USART2_IRQHandler)
    i.USART3_IRQHandler                      0x08002300   Section        0  stm32f10x_it.o(i.USART3_IRQHandler)
    i.USART_Cmd                              0x080023a0   Section        0  stm32f10x_usart.o(i.USART_Cmd)
    i.USART_Config                           0x080023b8   Section        0  bsp_usart.o(i.USART_Config)
    i.USART_GetFlagStatus                    0x08002454   Section        0  stm32f10x_usart.o(i.USART_GetFlagStatus)
    i.USART_GetITStatus                      0x0800246e   Section        0  stm32f10x_usart.o(i.USART_GetITStatus)
    i.USART_ITConfig                         0x080024c2   Section        0  stm32f10x_usart.o(i.USART_ITConfig)
    i.USART_Init                             0x0800250c   Section        0  stm32f10x_usart.o(i.USART_Init)
    i.USART_ReceiveData                      0x080025e4   Section        0  stm32f10x_usart.o(i.USART_ReceiveData)
    i.USART_SendData                         0x080025ee   Section        0  stm32f10x_usart.o(i.USART_SendData)
    i.USART_printf                           0x080025f6   Section        0  common.o(i.USART_printf)
    i.UsageFault_Handler                     0x080026fc   Section        0  stm32f10x_it.o(i.UsageFault_Handler)
    i.__0printf                              0x08002700   Section        0  printfa.o(i.__0printf)
    i.__0sprintf                             0x08002720   Section        0  printfa.o(i.__0sprintf)
    i.__scatterload_copy                     0x08002748   Section       14  handlers.o(i.__scatterload_copy)
    i.__scatterload_null                     0x08002756   Section        2  handlers.o(i.__scatterload_null)
    i.__scatterload_zeroinit                 0x08002758   Section       14  handlers.o(i.__scatterload_zeroinit)
    i._fp_digits                             0x08002768   Section        0  printfa.o(i._fp_digits)
    _fp_digits                               0x08002769   Thumb Code   366  printfa.o(i._fp_digits)
    i._printf_core                           0x080028ec   Section        0  printfa.o(i._printf_core)
    _printf_core                             0x080028ed   Thumb Code  1704  printfa.o(i._printf_core)
    i._printf_post_padding                   0x08002fa0   Section        0  printfa.o(i._printf_post_padding)
    _printf_post_padding                     0x08002fa1   Thumb Code    36  printfa.o(i._printf_post_padding)
    i._printf_pre_padding                    0x08002fc4   Section        0  printfa.o(i._printf_pre_padding)
    _printf_pre_padding                      0x08002fc5   Thumb Code    46  printfa.o(i._printf_pre_padding)
    i._sputc                                 0x08002ff2   Section        0  printfa.o(i._sputc)
    _sputc                                   0x08002ff3   Thumb Code    10  printfa.o(i._sputc)
    i.fputc                                  0x08002ffc   Section        0  bsp_usart.o(i.fputc)
    i.itoa                                   0x08003020   Section        0  common.o(i.itoa)
    itoa                                     0x08003021   Thumb Code    98  common.o(i.itoa)
    i.main                                   0x08003082   Section        0  main.o(i.main)
    i.mqtt_disconnect_message                0x080030be   Section        0  main.o(i.mqtt_disconnect_message)
    i.mqtt_get_connect_ret_code              0x080030cc   Section        0  bsp_esp8266.o(i.mqtt_get_connect_ret_code)
    i.mqtt_get_type                          0x080030d2   Section        0  bsp_esp8266.o(i.mqtt_get_type)
    i.writeCString                           0x080030da   Section        0  mqttpacket.o(i.writeCString)
    i.writeChar                              0x08003102   Section        0  mqttpacket.o(i.writeChar)
    i.writeInt                               0x0800310e   Section        0  mqttpacket.o(i.writeInt)
    i.writeMQTTString                        0x0800313e   Section        0  mqttpacket.o(i.writeMQTTString)
    .conststring                             0x0800317c   Section       96  main.o(.conststring)
    .data                                    0x20000000   Section       20  system_stm32f10x.o(.data)
    .data                                    0x20000014   Section       20  stm32f10x_rcc.o(.data)
    APBAHBPrescTable                         0x20000014   Data          16  stm32f10x_rcc.o(.data)
    ADCPrescTable                            0x20000024   Data           4  stm32f10x_rcc.o(.data)
    .data                                    0x20000028   Section       13  main.o(.data)
    Cnt                                      0x20000028   Data           1  main.o(.data)
    tag                                      0x2000002c   Data           4  main.o(.data)
    Cnt                                      0x20000030   Data           1  main.o(.data)
    tmCnt                                    0x20000031   Data           1  main.o(.data)
    Cnt                                      0x20000032   Data           1  main.o(.data)
    Cnt                                      0x20000033   Data           1  main.o(.data)
    Cnt                                      0x20000034   Data           1  main.o(.data)
    .data                                    0x20000038   Section       12  bsp_systick.o(.data)
    TimingDelay                              0x20000038   Data           4  bsp_systick.o(.data)
    .data                                    0x20000044   Section        3  bsp_esp8266.o(.data)
    ucStatus                                 0x20000046   Data           1  bsp_esp8266.o(.data)
    .data                                    0x20000047   Section        5  bsp_dht11.o(.data)
    .data                                    0x2000004c   Section        4  stdout.o(.data)
    .bss                                     0x20000050   Section      728  main.o(.bss)
    .bss                                     0x20000328   Section     2052  bsp_esp8266.o(.bss)
    .bss                                     0x20000b2c   Section       88  mqttconnectclient.o(.bss)
    STACK                                    0x20000b88   Section     4096  startup_stm32f10x_hd.o(STACK)

    Global Symbols

    Symbol Name                              Value     Ov Type        Size  Object(Section)

    BuildAttributes$$THM_ISAv4$P$D$K$B$S$PE$A:L22UL41UL21$X:L11$S22US41US21$IEEE1$IW$USESV6$~STKCKD$USESV7$~SHL$OTIME$ROPI$EBA8$MICROLIB$REQ8$PRES8$EABIv2 0x00000000   Number         0  anon$$obj.o ABSOLUTE
    __ARM_use_no_argv                        0x00000000   Number         0  main.o ABSOLUTE
    _printf_a                                0x00000000   Number         0  stubs.o ABSOLUTE
    _printf_c                                0x00000000   Number         0  stubs.o ABSOLUTE
    _printf_charcount                        0x00000000   Number         0  stubs.o ABSOLUTE
    _printf_d                                0x00000000   Number         0  stubs.o ABSOLUTE
    _printf_e                                0x00000000   Number         0  stubs.o ABSOLUTE
    _printf_f                                0x00000000   Number         0  stubs.o ABSOLUTE
    _printf_flags                            0x00000000   Number         0  stubs.o ABSOLUTE
    _printf_fp_dec                           0x00000000   Number         0  stubs.o ABSOLUTE
    _printf_fp_hex                           0x00000000   Number         0  stubs.o ABSOLUTE
    _printf_g                                0x00000000   Number         0  stubs.o ABSOLUTE
    _printf_i                                0x00000000   Number         0  stubs.o ABSOLUTE
    _printf_int_dec                          0x00000000   Number         0  stubs.o ABSOLUTE
    _printf_l                                0x00000000   Number         0  stubs.o ABSOLUTE
    _printf_lc                               0x00000000   Number         0  stubs.o ABSOLUTE
    _printf_ll                               0x00000000   Number         0  stubs.o ABSOLUTE
    _printf_lld                              0x00000000   Number         0  stubs.o ABSOLUTE
    _printf_lli                              0x00000000   Number         0  stubs.o ABSOLUTE
    _printf_llo                              0x00000000   Number         0  stubs.o ABSOLUTE
    _printf_llu                              0x00000000   Number         0  stubs.o ABSOLUTE
    _printf_llx                              0x00000000   Number         0  stubs.o ABSOLUTE
    _printf_longlong_dec                     0x00000000   Number         0  stubs.o ABSOLUTE
    _printf_longlong_hex                     0x00000000   Number         0  stubs.o ABSOLUTE
    _printf_longlong_oct                     0x00000000   Number         0  stubs.o ABSOLUTE
    _printf_ls                               0x00000000   Number         0  stubs.o ABSOLUTE
    _printf_mbtowc                           0x00000000   Number         0  stubs.o ABSOLUTE
    _printf_n                                0x00000000   Number         0  stubs.o ABSOLUTE
    _printf_o                                0x00000000   Number         0  stubs.o ABSOLUTE
    _printf_p                                0x00000000   Number         0  stubs.o ABSOLUTE
    _printf_percent                          0x00000000   Number         0  stubs.o ABSOLUTE
    _printf_pre_padding                      0x00000000   Number         0  stubs.o ABSOLUTE
    _printf_return_value                     0x00000000   Number         0  stubs.o ABSOLUTE
    _printf_s                                0x00000000   Number         0  stubs.o ABSOLUTE
    _printf_sizespec                         0x00000000   Number         0  stubs.o ABSOLUTE
    _printf_str                              0x00000000   Number         0  stubs.o ABSOLUTE
    _printf_truncate_signed                  0x00000000   Number         0  stubs.o ABSOLUTE
    _printf_truncate_unsigned                0x00000000   Number         0  stubs.o ABSOLUTE
    _printf_u                                0x00000000   Number         0  stubs.o ABSOLUTE
    _printf_wc                               0x00000000   Number         0  stubs.o ABSOLUTE
    _printf_wctomb                           0x00000000   Number         0  stubs.o ABSOLUTE
    _printf_widthprec                        0x00000000   Number         0  stubs.o ABSOLUTE
    _printf_x                                0x00000000   Number         0  stubs.o ABSOLUTE
    __arm_fini_                               - Undefined Weak Reference
    __cpp_initialize__aeabi_                  - Undefined Weak Reference
    __cxa_finalize                            - Undefined Weak Reference
    __decompress                              - Undefined Weak Reference
    _clock_init                               - Undefined Weak Reference
    _microlib_exit                            - Undefined Weak Reference
    __Vectors_Size                           0x00000130   Number         0  startup_stm32f10x_hd.o ABSOLUTE
    __Vectors                                0x08000000   Data           4  startup_stm32f10x_hd.o(RESET)
    __Vectors_End                            0x08000130   Data           0  startup_stm32f10x_hd.o(RESET)
    __main                                   0x08000131   Thumb Code     0  entry.o(.ARM.Collect$$$$00000000)
    _main_stk                                0x08000131   Thumb Code     0  entry2.o(.ARM.Collect$$$$00000001)
    _main_scatterload                        0x08000135   Thumb Code     0  entry5.o(.ARM.Collect$$$$00000004)
    __main_after_scatterload                 0x08000139   Thumb Code     0  entry5.o(.ARM.Collect$$$$00000004)
    _main_clock                              0x08000139   Thumb Code     0  entry7b.o(.ARM.Collect$$$$00000008)
    _main_cpp_init                           0x08000139   Thumb Code     0  entry8b.o(.ARM.Collect$$$$0000000A)
    _main_init                               0x08000139   Thumb Code     0  entry9a.o(.ARM.Collect$$$$0000000B)
    __rt_lib_shutdown_fini                   0x08000141   Thumb Code     0  entry12b.o(.ARM.Collect$$$$0000000E)
    __rt_final_cpp                           0x08000145   Thumb Code     0  entry10a.o(.ARM.Collect$$$$0000000F)
    __rt_final_exit                          0x08000145   Thumb Code     0  entry11a.o(.ARM.Collect$$$$00000011)
    Reset_Handler                            0x08000149   Thumb Code     8  startup_stm32f10x_hd.o(.text)
    ADC1_2_IRQHandler                        0x08000163   Thumb Code     0  startup_stm32f10x_hd.o(.text)
    ADC3_IRQHandler                          0x08000163   Thumb Code     0  startup_stm32f10x_hd.o(.text)
    CAN1_RX1_IRQHandler                      0x08000163   Thumb Code     0  startup_stm32f10x_hd.o(.text)
    CAN1_SCE_IRQHandler                      0x08000163   Thumb Code     0  startup_stm32f10x_hd.o(.text)
    DMA1_Channel1_IRQHandler                 0x08000163   Thumb Code     0  startup_stm32f10x_hd.o(.text)
    DMA1_Channel2_IRQHandler                 0x08000163   Thumb Code     0  startup_stm32f10x_hd.o(.text)
    DMA1_Channel3_IRQHandler                 0x08000163   Thumb Code     0  startup_stm32f10x_hd.o(.text)
    DMA1_Channel4_IRQHandler                 0x08000163   Thumb Code     0  startup_stm32f10x_hd.o(.text)
    DMA1_Channel5_IRQHandler                 0x08000163   Thumb Code     0  startup_stm32f10x_hd.o(.text)
    DMA1_Channel6_IRQHandler                 0x08000163   Thumb Code     0  startup_stm32f10x_hd.o(.text)
    DMA1_Channel7_IRQHandler                 0x08000163   Thumb Code     0  startup_stm32f10x_hd.o(.text)
    DMA2_Channel1_IRQHandler                 0x08000163   Thumb Code     0  startup_stm32f10x_hd.o(.text)
    DMA2_Channel2_IRQHandler                 0x08000163   Thumb Code     0  startup_stm32f10x_hd.o(.text)
    DMA2_Channel3_IRQHandler                 0x08000163   Thumb Code     0  startup_stm32f10x_hd.o(.text)
    DMA2_Channel4_5_IRQHandler               0x08000163   Thumb Code     0  startup_stm32f10x_hd.o(.text)
    EXTI15_10_IRQHandler                     0x08000163   Thumb Code     0  startup_stm32f10x_hd.o(.text)
    EXTI1_IRQHandler                         0x08000163   Thumb Code     0  startup_stm32f10x_hd.o(.text)
    EXTI2_IRQHandler                         0x08000163   Thumb Code     0  startup_stm32f10x_hd.o(.text)
    EXTI3_IRQHandler                         0x08000163   Thumb Code     0  startup_stm32f10x_hd.o(.text)
    EXTI4_IRQHandler                         0x08000163   Thumb Code     0  startup_stm32f10x_hd.o(.text)
    EXTI9_5_IRQHandler                       0x08000163   Thumb Code     0  startup_stm32f10x_hd.o(.text)
    FLASH_IRQHandler                         0x08000163   Thumb Code     0  startup_stm32f10x_hd.o(.text)
    FSMC_IRQHandler                          0x08000163   Thumb Code     0  startup_stm32f10x_hd.o(.text)
    I2C1_ER_IRQHandler                       0x08000163   Thumb Code     0  startup_stm32f10x_hd.o(.text)
    I2C1_EV_IRQHandler                       0x08000163   Thumb Code     0  startup_stm32f10x_hd.o(.text)
    I2C2_ER_IRQHandler                       0x08000163   Thumb Code     0  startup_stm32f10x_hd.o(.text)
    I2C2_EV_IRQHandler                       0x08000163   Thumb Code     0  startup_stm32f10x_hd.o(.text)
    PVD_IRQHandler                           0x08000163   Thumb Code     0  startup_stm32f10x_hd.o(.text)
    RCC_IRQHandler                           0x08000163   Thumb Code     0  startup_stm32f10x_hd.o(.text)
    RTCAlarm_IRQHandler                      0x08000163   Thumb Code     0  startup_stm32f10x_hd.o(.text)
    RTC_IRQHandler                           0x08000163   Thumb Code     0  startup_stm32f10x_hd.o(.text)
    SDIO_IRQHandler                          0x08000163   Thumb Code     0  startup_stm32f10x_hd.o(.text)
    SPI1_IRQHandler                          0x08000163   Thumb Code     0  startup_stm32f10x_hd.o(.text)
    SPI2_IRQHandler                          0x08000163   Thumb Code     0  startup_stm32f10x_hd.o(.text)
    SPI3_IRQHandler                          0x08000163   Thumb Code     0  startup_stm32f10x_hd.o(.text)
    TAMPER_IRQHandler                        0x08000163   Thumb Code     0  startup_stm32f10x_hd.o(.text)
    TIM1_BRK_IRQHandler                      0x08000163   Thumb Code     0  startup_stm32f10x_hd.o(.text)
    TIM1_CC_IRQHandler                       0x08000163   Thumb Code     0  startup_stm32f10x_hd.o(.text)
    TIM1_TRG_COM_IRQHandler                  0x08000163   Thumb Code     0  startup_stm32f10x_hd.o(.text)
    TIM1_UP_IRQHandler                       0x08000163   Thumb Code     0  startup_stm32f10x_hd.o(.text)
    TIM2_IRQHandler                          0x08000163   Thumb Code     0  startup_stm32f10x_hd.o(.text)
    TIM3_IRQHandler                          0x08000163   Thumb Code     0  startup_stm32f10x_hd.o(.text)
    TIM4_IRQHandler                          0x08000163   Thumb Code     0  startup_stm32f10x_hd.o(.text)
    TIM5_IRQHandler                          0x08000163   Thumb Code     0  startup_stm32f10x_hd.o(.text)
    TIM6_IRQHandler                          0x08000163   Thumb Code     0  startup_stm32f10x_hd.o(.text)
    TIM7_IRQHandler                          0x08000163   Thumb Code     0  startup_stm32f10x_hd.o(.text)
    TIM8_BRK_IRQHandler                      0x08000163   Thumb Code     0  startup_stm32f10x_hd.o(.text)
    TIM8_CC_IRQHandler                       0x08000163   Thumb Code     0  startup_stm32f10x_hd.o(.text)
    TIM8_TRG_COM_IRQHandler                  0x08000163   Thumb Code     0  startup_stm32f10x_hd.o(.text)
    TIM8_UP_IRQHandler                       0x08000163   Thumb Code     0  startup_stm32f10x_hd.o(.text)
    UART4_IRQHandler                         0x08000163   Thumb Code     0  startup_stm32f10x_hd.o(.text)
    UART5_IRQHandler                         0x08000163   Thumb Code     0  startup_stm32f10x_hd.o(.text)
    USBWakeUp_IRQHandler                     0x08000163   Thumb Code     0  startup_stm32f10x_hd.o(.text)
    USB_HP_CAN1_TX_IRQHandler                0x08000163   Thumb Code     0  startup_stm32f10x_hd.o(.text)
    USB_LP_CAN1_RX0_IRQHandler               0x08000163   Thumb Code     0  startup_stm32f10x_hd.o(.text)
    WWDG_IRQHandler                          0x08000163   Thumb Code     0  startup_stm32f10x_hd.o(.text)
    __aeabi_memcpy                           0x0800016d   Thumb Code    36  memcpya.o(.text)
    __aeabi_memcpy4                          0x0800016d   Thumb Code     0  memcpya.o(.text)
    __aeabi_memcpy8                          0x0800016d   Thumb Code     0  memcpya.o(.text)
    __aeabi_memset                           0x08000191   Thumb Code    14  memseta.o(.text)
    __aeabi_memset4                          0x08000191   Thumb Code     0  memseta.o(.text)
    __aeabi_memset8                          0x08000191   Thumb Code     0  memseta.o(.text)
    __aeabi_memclr                           0x0800019f   Thumb Code     4  memseta.o(.text)
    __aeabi_memclr4                          0x0800019f   Thumb Code     0  memseta.o(.text)
    __aeabi_memclr8                          0x0800019f   Thumb Code     0  memseta.o(.text)
    _memset$wrapper                          0x080001a3   Thumb Code    18  memseta.o(.text)
    strstr                                   0x080001b5   Thumb Code    36  strstr.o(.text)
    strlen                                   0x080001d9   Thumb Code    14  strlen.o(.text)
    __aeabi_fadd                             0x080001e7   Thumb Code   164  fadd.o(.text)
    __aeabi_fsub                             0x0800028b   Thumb Code     6  fadd.o(.text)
    __aeabi_frsub                            0x08000291   Thumb Code     6  fadd.o(.text)
    __aeabi_fdiv                             0x08000297   Thumb Code   124  fdiv.o(.text)
    __aeabi_ui2f                             0x08000313   Thumb Code    10  ffltui.o(.text)
    __aeabi_f2d                              0x0800031d   Thumb Code    38  f2d.o(.text)
    __aeabi_uidiv                            0x08000343   Thumb Code     0  uidiv.o(.text)
    __aeabi_uidivmod                         0x08000343   Thumb Code    44  uidiv.o(.text)
    __aeabi_uldivmod                         0x0800036f   Thumb Code    98  uldiv.o(.text)
    __I$use$fp                               0x080003d1   Thumb Code     0  iusefp.o(.text)
    _float_round                             0x080003d1   Thumb Code    18  fepilogue.o(.text)
    _float_epilogue                          0x080003e3   Thumb Code    92  fepilogue.o(.text)
    __aeabi_dadd                             0x0800043f   Thumb Code   322  dadd.o(.text)
    __aeabi_dsub                             0x08000581   Thumb Code     6  dadd.o(.text)
    __aeabi_drsub                            0x08000587   Thumb Code     6  dadd.o(.text)
    __aeabi_dmul                             0x0800058d   Thumb Code   228  dmul.o(.text)
    __aeabi_ddiv                             0x08000671   Thumb Code   222  ddiv.o(.text)
    __aeabi_d2ulz                            0x0800074f   Thumb Code    48  dfixul.o(.text)
    __aeabi_cdrcmple                         0x08000781   Thumb Code    48  cdrcmple.o(.text)
    __scatterload                            0x080007b1   Thumb Code    28  init.o(.text)
    __scatterload_rt2                        0x080007b1   Thumb Code     0  init.o(.text)
    __aeabi_llsl                             0x080007d5   Thumb Code    30  llshl.o(.text)
    _ll_shift_l                              0x080007d5   Thumb Code     0  llshl.o(.text)
    __aeabi_llsr                             0x080007f3   Thumb Code    32  llushr.o(.text)
    _ll_ushift_r                             0x080007f3   Thumb Code     0  llushr.o(.text)
    __aeabi_lasr                             0x08000813   Thumb Code    36  llsshr.o(.text)
    _ll_sshift_r                             0x08000813   Thumb Code     0  llsshr.o(.text)
    _double_round                            0x08000837   Thumb Code    30  depilogue.o(.text)
    _double_epilogue                         0x08000855   Thumb Code   156  depilogue.o(.text)
    BusFault_Handler                         0x080008f1   Thumb Code     4  stm32f10x_it.o(i.BusFault_Handler)
    CPU_TS_TmrInit                           0x080008f5   Thumb Code    30  core_delay.o(i.CPU_TS_TmrInit)
    CPU_TS_TmrRd                             0x0800091d   Thumb Code     6  core_delay.o(i.CPU_TS_TmrRd)
    CPU_TS_Tmr_Delay_US                      0x08000929   Thumb Code    76  core_delay.o(i.CPU_TS_Tmr_Delay_US)
    DHT11_Init                               0x080009a5   Thumb Code    16  bsp_dht11.o(i.DHT11_Init)
    DHT11_Read_TempAndHumidity               0x08000a55   Thumb Code   156  bsp_dht11.o(i.DHT11_Read_TempAndHumidity)
    DebugMon_Handler                         0x08000af5   Thumb Code     2  stm32f10x_it.o(i.DebugMon_Handler)
    Delay_ms                                 0x08000af7   Thumb Code    18  bsp_esp8266.o(i.Delay_ms)
    Delay_us                                 0x08000b09   Thumb Code    36  bsp_systick.o(i.Delay_us)
    ESP8266_AT_Test                          0x08000b31   Thumb Code    58  bsp_esp8266.o(i.ESP8266_AT_Test)
    ESP8266_Cmd                              0x08000b79   Thumb Code   194  bsp_esp8266.o(i.ESP8266_Cmd)
    ESP8266_Enable_MultipleId                0x08000c51   Thumb Code    42  bsp_esp8266.o(i.ESP8266_Enable_MultipleId)
    ESP8266_ExitUnvarnishSend                0x08000c91   Thumb Code    28  bsp_esp8266.o(i.ESP8266_ExitUnvarnishSend)
    ESP8266_Get_LinkStatus                   0x08000cf9   Thumb Code    64  bsp_esp8266.o(i.ESP8266_Get_LinkStatus)
    ESP8266_Init                             0x08000d75   Thumb Code    32  bsp_esp8266.o(i.ESP8266_Init)
    ESP8266_JoinAP                           0x08000d99   Thumb Code    38  bsp_esp8266.o(i.ESP8266_JoinAP)
    ESP8266_Link_Server                      0x08000dd9   Thumb Code   110  bsp_esp8266.o(i.ESP8266_Link_Server)
    ESP8266_Net_Mode_Choose                  0x08000e99   Thumb Code    68  bsp_esp8266.o(i.ESP8266_Net_Mode_Choose)
    ESP8266_Rst                              0x08000f11   Thumb Code    32  bsp_esp8266.o(i.ESP8266_Rst)
    ESP8266_StaTcpClient_UnvarnishTest       0x08000f35   Thumb Code   226  bsp_esp8266.o(i.ESP8266_StaTcpClient_UnvarnishTest)
    ESP8266_StaTcpClient_startUnvarnishTest  0x080010a9   Thumb Code    90  bsp_esp8266.o(i.ESP8266_StaTcpClient_startUnvarnishTest)
    ESP8266_UnvarnishSend                    0x08001255   Thumb Code    38  bsp_esp8266.o(i.ESP8266_UnvarnishSend)
    EXTI0_IRQHandler                         0x080012a1   Thumb Code    18  stm32f10x_it.o(i.EXTI0_IRQHandler)
    EXTI_ClearITPendingBit                   0x080012b5   Thumb Code     6  stm32f10x_exti.o(i.EXTI_ClearITPendingBit)
    EXTI_GetITStatus                         0x080012c1   Thumb Code    34  stm32f10x_exti.o(i.EXTI_GetITStatus)
    GPIO_Init                                0x080012e9   Thumb Code   278  stm32f10x_gpio.o(i.GPIO_Init)
    GPIO_ReadInputDataBit                    0x080013ff   Thumb Code    18  stm32f10x_gpio.o(i.GPIO_ReadInputDataBit)
    GPIO_ReadOutputDataBit                   0x08001411   Thumb Code    18  stm32f10x_gpio.o(i.GPIO_ReadOutputDataBit)
    GPIO_ResetBits                           0x08001423   Thumb Code     4  stm32f10x_gpio.o(i.GPIO_ResetBits)
    GPIO_SetBits                             0x08001427   Thumb Code     4  stm32f10x_gpio.o(i.GPIO_SetBits)
    HardFault_Handler                        0x0800142b   Thumb Code     4  stm32f10x_it.o(i.HardFault_Handler)
    LED_Init                                 0x0800145d   Thumb Code    16  bsp_led.o(i.LED_Init)
    MQTTPacket_encode                        0x08001471   Thumb Code    54  mqttpacket.o(i.MQTTPacket_encode)
    MQTTPacket_len                           0x080014a9   Thumb Code    34  mqttpacket.o(i.MQTTPacket_len)
    MQTTSerialize_connect                    0x080014d1   Thumb Code   342  mqttconnectclient.o(i.MQTTSerialize_connect)
    MQTTSerialize_connectLength              0x08001639   Thumb Code   118  mqttconnectclient.o(i.MQTTSerialize_connectLength)
    MQTTSerialize_opt                        0x080016af   Thumb Code    42  mqttconnectclient.o(i.MQTTSerialize_opt)
    MQTTSerialize_publish                    0x080016d9   Thumb Code   176  mqttserializepublish.o(i.MQTTSerialize_publish)
    MQTTSerialize_publishLength              0x08001789   Thumb Code    34  mqttserializepublish.o(i.MQTTSerialize_publishLength)
    MQTT_ConnectAnalysis                     0x08001875   Thumb Code    24  bsp_esp8266.o(i.MQTT_ConnectAnalysis)
    MQTT_ConnectPacket                       0x0800188d   Thumb Code   124  main.o(i.MQTT_ConnectPacket)
    MQTT_PublishDataPacket                   0x08001919   Thumb Code   214  main.o(i.MQTT_PublishDataPacket)
    MQTTstrlen                               0x08001a01   Thumb Code    24  mqttpacket.o(i.MQTTstrlen)
    MemManage_Handler                        0x08001a19   Thumb Code     4  stm32f10x_it.o(i.MemManage_Handler)
    MqttConnectMqttAck                       0x08001a1d   Thumb Code    28  bsp_esp8266.o(i.MqttConnectMqttAck)
    Mqtt_Send                                0x08001a39   Thumb Code    42  main.o(i.Mqtt_Send)
    NMI_Handler                              0x08001a69   Thumb Code     2  stm32f10x_it.o(i.NMI_Handler)
    NVIC_Init                                0x08001a91   Thumb Code   100  misc.o(i.NVIC_Init)
    NVIC_PriorityGroupConfig                 0x08001b01   Thumb Code    10  misc.o(i.NVIC_PriorityGroupConfig)
    PendSV_Handler                           0x08001b15   Thumb Code     2  stm32f10x_it.o(i.PendSV_Handler)
    RCC_APB1PeriphClockCmd                   0x08001b19   Thumb Code    26  stm32f10x_rcc.o(i.RCC_APB1PeriphClockCmd)
    RCC_APB2PeriphClockCmd                   0x08001b39   Thumb Code    26  stm32f10x_rcc.o(i.RCC_APB2PeriphClockCmd)
    RCC_GetClocksFreq                        0x08001b59   Thumb Code   192  stm32f10x_rcc.o(i.RCC_GetClocksFreq)
    Read_Dht11                               0x08001c2d   Thumb Code    88  main.o(i.Read_Dht11)
    Read_PM                                  0x08001c95   Thumb Code    88  main.o(i.Read_PM)
    Read_SPG30                               0x08001cf1   Thumb Code    66  main.o(i.Read_SPG30)
    SDA_IN                                   0x08001d3d   Thumb Code    30  sgp30.o(i.SDA_IN)
    SDA_OUT                                  0x08001d61   Thumb Code    30  sgp30.o(i.SDA_OUT)
    SGP30_GPIO_Init                          0x08001d85   Thumb Code    52  sgp30.o(i.SGP30_GPIO_Init)
    SGP30_IIC_Ack                            0x08001dbd   Thumb Code    48  sgp30.o(i.SGP30_IIC_Ack)
    SGP30_IIC_NAck                           0x08001df5   Thumb Code    48  sgp30.o(i.SGP30_IIC_NAck)
    SGP30_IIC_Read_Byte                      0x08001e2d   Thumb Code    86  sgp30.o(i.SGP30_IIC_Read_Byte)
    SGP30_IIC_Send_Byte                      0x08001e91   Thumb Code    92  sgp30.o(i.SGP30_IIC_Send_Byte)
    SGP30_IIC_Start                          0x08001ef5   Thumb Code    46  sgp30.o(i.SGP30_IIC_Start)
    SGP30_IIC_Stop                           0x08001f2d   Thumb Code    44  sgp30.o(i.SGP30_IIC_Stop)
    SGP30_IIC_Wait_Ack                       0x08001f61   Thumb Code    74  sgp30.o(i.SGP30_IIC_Wait_Ack)
    SGP30_Init                               0x08001fb9   Thumb Code    16  sgp30.o(i.SGP30_Init)
    SGP30_Read                               0x08001fc9   Thumb Code    72  sgp30.o(i.SGP30_Read)
    SGP30_Write                              0x08002011   Thumb Code    52  sgp30.o(i.SGP30_Write)
    SVC_Handler                              0x08002049   Thumb Code     2  stm32f10x_it.o(i.SVC_Handler)
    SysTick_Handler                          0x08002135   Thumb Code     8  stm32f10x_it.o(i.SysTick_Handler)
    SysTick_Init                             0x0800213d   Thumb Code   106  bsp_systick.o(i.SysTick_Init)
    SystemInit                               0x080021b9   Thumb Code    78  system_stm32f10x.o(i.SystemInit)
    TimingDelay_Decrement                    0x08002219   Thumb Code    18  bsp_systick.o(i.TimingDelay_Decrement)
    Toggle_Led                               0x08002231   Thumb Code    56  main.o(i.Toggle_Led)
    USART1_IRQHandler                        0x08002271   Thumb Code   114  stm32f10x_it.o(i.USART1_IRQHandler)
    USART2_IRQHandler                        0x080022ed   Thumb Code    14  stm32f10x_it.o(i.USART2_IRQHandler)
    USART3_IRQHandler                        0x08002301   Thumb Code   134  stm32f10x_it.o(i.USART3_IRQHandler)
    USART_Cmd                                0x080023a1   Thumb Code    24  stm32f10x_usart.o(i.USART_Cmd)
    USART_Config                             0x080023b9   Thumb Code   148  bsp_usart.o(i.USART_Config)
    USART_GetFlagStatus                      0x08002455   Thumb Code    26  stm32f10x_usart.o(i.USART_GetFlagStatus)
    USART_GetITStatus                        0x0800246f   Thumb Code    84  stm32f10x_usart.o(i.USART_GetITStatus)
    USART_ITConfig                           0x080024c3   Thumb Code    74  stm32f10x_usart.o(i.USART_ITConfig)
    USART_Init                               0x0800250d   Thumb Code   210  stm32f10x_usart.o(i.USART_Init)
    USART_ReceiveData                        0x080025e5   Thumb Code    10  stm32f10x_usart.o(i.USART_ReceiveData)
    USART_SendData                           0x080025ef   Thumb Code     8  stm32f10x_usart.o(i.USART_SendData)
    USART_printf                             0x080025f7   Thumb Code   262  common.o(i.USART_printf)
    UsageFault_Handler                       0x080026fd   Thumb Code     4  stm32f10x_it.o(i.UsageFault_Handler)
    __0printf                                0x08002701   Thumb Code    22  printfa.o(i.__0printf)
    __1printf                                0x08002701   Thumb Code     0  printfa.o(i.__0printf)
    __2printf                                0x08002701   Thumb Code     0  printfa.o(i.__0printf)
    __c89printf                              0x08002701   Thumb Code     0  printfa.o(i.__0printf)
    printf                                   0x08002701   Thumb Code     0  printfa.o(i.__0printf)
    __0sprintf                               0x08002721   Thumb Code    34  printfa.o(i.__0sprintf)
    __1sprintf                               0x08002721   Thumb Code     0  printfa.o(i.__0sprintf)
    __2sprintf                               0x08002721   Thumb Code     0  printfa.o(i.__0sprintf)
    __c89sprintf                             0x08002721   Thumb Code     0  printfa.o(i.__0sprintf)
    sprintf                                  0x08002721   Thumb Code     0  printfa.o(i.__0sprintf)
    __scatterload_copy                       0x08002749   Thumb Code    14  handlers.o(i.__scatterload_copy)
    __scatterload_null                       0x08002757   Thumb Code     2  handlers.o(i.__scatterload_null)
    __scatterload_zeroinit                   0x08002759   Thumb Code    14  handlers.o(i.__scatterload_zeroinit)
    fputc                                    0x08002ffd   Thumb Code    32  bsp_usart.o(i.fputc)
    main                                     0x08003083   Thumb Code    60  main.o(i.main)
    mqtt_disconnect_message                  0x080030bf   Thumb Code    14  main.o(i.mqtt_disconnect_message)
    mqtt_get_connect_ret_code                0x080030cd   Thumb Code     6  bsp_esp8266.o(i.mqtt_get_connect_ret_code)
    mqtt_get_type                            0x080030d3   Thumb Code     8  bsp_esp8266.o(i.mqtt_get_type)
    writeCString                             0x080030db   Thumb Code    40  mqttpacket.o(i.writeCString)
    writeChar                                0x08003103   Thumb Code    12  mqttpacket.o(i.writeChar)
    writeInt                                 0x0800310f   Thumb Code    48  mqttpacket.o(i.writeInt)
    writeMQTTString                          0x0800313f   Thumb Code    62  mqttpacket.o(i.writeMQTTString)
    Region$$Table$$Base                      0x080031dc   Number         0  anon$$obj.o(Region$$Table)
    Region$$Table$$Limit                     0x080031fc   Number         0  anon$$obj.o(Region$$Table)
    SystemCoreClock                          0x20000000   Data           4  system_stm32f10x.o(.data)
    AHBPrescTable                            0x20000004   Data          16  system_stm32f10x.o(.data)
    measureflag                              0x2000003c   Data           1  bsp_systick.o(.data)
    TmMeasDelay                              0x20000040   Data           4  bsp_systick.o(.data)
    ucTcpClosedFlag                          0x20000044   Data           1  bsp_esp8266.o(.data)
    mqtt_sta                                 0x20000045   Data           1  bsp_esp8266.o(.data)
    DHT11_Data                               0x20000047   Data           5  bsp_dht11.o(.data)
    __stdout                                 0x2000004c   Data           4  stdout.o(.data)
    dev_data                                 0x20000050   Data          28  main.o(.bss)
    optmsg                                   0x2000006c   Data         700  main.o(.bss)
    strEsp8266_Fram_Record                   0x20000328   Data        1026  bsp_esp8266.o(.bss)
    strUSART_Fram_Record                     0x2000072a   Data        1026  bsp_esp8266.o(.bss)
    options_data                             0x20000b2c   Data          88  mqttconnectclient.o(.bss)
    __initial_sp                             0x20001b88   Data           0  startup_stm32f10x_hd.o(STACK)



==============================================================================

Memory Map of the image

  Image Entry point : 0x08000131

  Load Region LR_IROM1 (Base: 0x08000000, Size: 0x0000324c, Max: 0x00040000, ABSOLUTE)

    Execution Region ER_IROM1 (Exec base: 0x08000000, Load base: 0x08000000, Size: 0x000031fc, Max: 0x00040000, ABSOLUTE)

    Exec Addr    Load Addr    Size         Type   Attr      Idx    E Section Name        Object

    0x08000000   0x08000000   0x00000130   Data   RO            3    RESET               startup_stm32f10x_hd.o
    0x08000130   0x08000130   0x00000000   Code   RO         4225  * .ARM.Collect$$$$00000000  mc_w.l(entry.o)
    0x08000130   0x08000130   0x00000004   Code   RO         4509    .ARM.Collect$$$$00000001  mc_w.l(entry2.o)
    0x08000134   0x08000134   0x00000004   Code   RO         4512    .ARM.Collect$$$$00000004  mc_w.l(entry5.o)
    0x08000138   0x08000138   0x00000000   Code   RO         4514    .ARM.Collect$$$$00000008  mc_w.l(entry7b.o)
    0x08000138   0x08000138   0x00000000   Code   RO         4516    .ARM.Collect$$$$0000000A  mc_w.l(entry8b.o)
    0x08000138   0x08000138   0x00000008   Code   RO         4517    .ARM.Collect$$$$0000000B  mc_w.l(entry9a.o)
    0x08000140   0x08000140   0x00000004   Code   RO         4524    .ARM.Collect$$$$0000000E  mc_w.l(entry12b.o)
    0x08000144   0x08000144   0x00000000   Code   RO         4519    .ARM.Collect$$$$0000000F  mc_w.l(entry10a.o)
    0x08000144   0x08000144   0x00000000   Code   RO         4521    .ARM.Collect$$$$00000011  mc_w.l(entry11a.o)
    0x08000144   0x08000144   0x00000004   Code   RO         4510    .ARM.Collect$$$$00002712  mc_w.l(entry2.o)
    0x08000148   0x08000148   0x00000024   Code   RO            4    .text               startup_stm32f10x_hd.o
    0x0800016c   0x0800016c   0x00000024   Code   RO         4228    .text               mc_w.l(memcpya.o)
    0x08000190   0x08000190   0x00000024   Code   RO         4230    .text               mc_w.l(memseta.o)
    0x080001b4   0x080001b4   0x00000024   Code   RO         4232    .text               mc_w.l(strstr.o)
    0x080001d8   0x080001d8   0x0000000e   Code   RO         4234    .text               mc_w.l(strlen.o)
    0x080001e6   0x080001e6   0x000000b0   Code   RO         4501    .text               mf_w.l(fadd.o)
    0x08000296   0x08000296   0x0000007c   Code   RO         4503    .text               mf_w.l(fdiv.o)
    0x08000312   0x08000312   0x0000000a   Code   RO         4505    .text               mf_w.l(ffltui.o)
    0x0800031c   0x0800031c   0x00000026   Code   RO         4507    .text               mf_w.l(f2d.o)
    0x08000342   0x08000342   0x0000002c   Code   RO         4526    .text               mc_w.l(uidiv.o)
    0x0800036e   0x0800036e   0x00000062   Code   RO         4528    .text               mc_w.l(uldiv.o)
    0x080003d0   0x080003d0   0x00000000   Code   RO         4530    .text               mc_w.l(iusefp.o)
    0x080003d0   0x080003d0   0x0000006e   Code   RO         4531    .text               mf_w.l(fepilogue.o)
    0x0800043e   0x0800043e   0x0000014e   Code   RO         4533    .text               mf_w.l(dadd.o)
    0x0800058c   0x0800058c   0x000000e4   Code   RO         4535    .text               mf_w.l(dmul.o)
    0x08000670   0x08000670   0x000000de   Code   RO         4537    .text               mf_w.l(ddiv.o)
    0x0800074e   0x0800074e   0x00000030   Code   RO         4539    .text               mf_w.l(dfixul.o)
    0x0800077e   0x0800077e   0x00000002   PAD
    0x08000780   0x08000780   0x00000030   Code   RO         4541    .text               mf_w.l(cdrcmple.o)
    0x080007b0   0x080007b0   0x00000024   Code   RO         4543    .text               mc_w.l(init.o)
    0x080007d4   0x080007d4   0x0000001e   Code   RO         4545    .text               mc_w.l(llshl.o)
    0x080007f2   0x080007f2   0x00000020   Code   RO         4547    .text               mc_w.l(llushr.o)
    0x08000812   0x08000812   0x00000024   Code   RO         4549    .text               mc_w.l(llsshr.o)
    0x08000836   0x08000836   0x000000ba   Code   RO         4551    .text               mf_w.l(depilogue.o)
    0x080008f0   0x080008f0   0x00000004   Code   RO         3253    i.BusFault_Handler  stm32f10x_it.o
    0x080008f4   0x080008f4   0x00000028   Code   RO         3436    i.CPU_TS_TmrInit    core_delay.o
    0x0800091c   0x0800091c   0x0000000c   Code   RO         3437    i.CPU_TS_TmrRd      core_delay.o
    0x08000928   0x08000928   0x00000054   Code   RO         3438    i.CPU_TS_Tmr_Delay_US  core_delay.o
    0x0800097c   0x0800097c   0x00000028   Code   RO         3759    i.DHT11_GPIO_Config  bsp_dht11.o
    0x080009a4   0x080009a4   0x00000014   Code   RO         3760    i.DHT11_Init        bsp_dht11.o
    0x080009b8   0x080009b8   0x0000001c   Code   RO         3761    i.DHT11_Mode_IPU    bsp_dht11.o
    0x080009d4   0x080009d4   0x00000020   Code   RO         3762    i.DHT11_Mode_Out_PP  bsp_dht11.o
    0x080009f4   0x080009f4   0x00000060   Code   RO         3763    i.DHT11_ReadByte    bsp_dht11.o
    0x08000a54   0x08000a54   0x000000a0   Code   RO         3764    i.DHT11_Read_TempAndHumidity  bsp_dht11.o
    0x08000af4   0x08000af4   0x00000002   Code   RO         3254    i.DebugMon_Handler  stm32f10x_it.o
    0x08000af6   0x08000af6   0x00000012   Code   RO         3522    i.Delay_ms          bsp_esp8266.o
    0x08000b08   0x08000b08   0x00000028   Code   RO         3463    i.Delay_us          bsp_systick.o
    0x08000b30   0x08000b30   0x00000048   Code   RO         3523    i.ESP8266_AT_Test   bsp_esp8266.o
    0x08000b78   0x08000b78   0x000000d8   Code   RO         3525    i.ESP8266_Cmd       bsp_esp8266.o
    0x08000c50   0x08000c50   0x00000040   Code   RO         3526    i.ESP8266_Enable_MultipleId  bsp_esp8266.o
    0x08000c90   0x08000c90   0x00000024   Code   RO         3527    i.ESP8266_ExitUnvarnishSend  bsp_esp8266.o
    0x08000cb4   0x08000cb4   0x00000044   Code   RO         3528    i.ESP8266_GPIO_Config  bsp_esp8266.o
    0x08000cf8   0x08000cf8   0x0000007c   Code   RO         3530    i.ESP8266_Get_LinkStatus  bsp_esp8266.o
    0x08000d74   0x08000d74   0x00000024   Code   RO         3531    i.ESP8266_Init      bsp_esp8266.o
    0x08000d98   0x08000d98   0x00000040   Code   RO         3533    i.ESP8266_JoinAP    bsp_esp8266.o
    0x08000dd8   0x08000dd8   0x000000c0   Code   RO         3534    i.ESP8266_Link_Server  bsp_esp8266.o
    0x08000e98   0x08000e98   0x00000078   Code   RO         3535    i.ESP8266_Net_Mode_Choose  bsp_esp8266.o
    0x08000f10   0x08000f10   0x00000024   Code   RO         3537    i.ESP8266_Rst       bsp_esp8266.o
    0x08000f34   0x08000f34   0x00000174   Code   RO         3539    i.ESP8266_StaTcpClient_UnvarnishTest  bsp_esp8266.o
    0x080010a8   0x080010a8   0x000000e8   Code   RO         3540    i.ESP8266_StaTcpClient_startUnvarnishTest  bsp_esp8266.o
    0x08001190   0x08001190   0x0000009c   Code   RO         3542    i.ESP8266_USART_Config  bsp_esp8266.o
    0x0800122c   0x0800122c   0x00000028   Code   RO         3543    i.ESP8266_USART_NVIC_Configuration  bsp_esp8266.o
    0x08001254   0x08001254   0x0000004c   Code   RO         3544    i.ESP8266_UnvarnishSend  bsp_esp8266.o
    0x080012a0   0x080012a0   0x00000012   Code   RO         3255    i.EXTI0_IRQHandler  stm32f10x_it.o
    0x080012b2   0x080012b2   0x00000002   PAD
    0x080012b4   0x080012b4   0x0000000c   Code   RO          939    i.EXTI_ClearITPendingBit  stm32f10x_exti.o
    0x080012c0   0x080012c0   0x00000028   Code   RO          943    i.EXTI_GetITStatus  stm32f10x_exti.o
    0x080012e8   0x080012e8   0x00000116   Code   RO         1292    i.GPIO_Init         stm32f10x_gpio.o
    0x080013fe   0x080013fe   0x00000012   Code   RO         1296    i.GPIO_ReadInputDataBit  stm32f10x_gpio.o
    0x08001410   0x08001410   0x00000012   Code   RO         1298    i.GPIO_ReadOutputDataBit  stm32f10x_gpio.o
    0x08001422   0x08001422   0x00000004   Code   RO         1299    i.GPIO_ResetBits    stm32f10x_gpio.o
    0x08001426   0x08001426   0x00000004   Code   RO         1300    i.GPIO_SetBits      stm32f10x_gpio.o
    0x0800142a   0x0800142a   0x00000004   Code   RO         3256    i.HardFault_Handler  stm32f10x_it.o
    0x0800142e   0x0800142e   0x00000002   PAD
    0x08001430   0x08001430   0x0000002c   Code   RO         3722    i.LED_GPIO_Config   bsp_led.o
    0x0800145c   0x0800145c   0x00000014   Code   RO         3723    i.LED_Init          bsp_led.o
    0x08001470   0x08001470   0x00000036   Code   RO         4023    i.MQTTPacket_encode  mqttpacket.o
    0x080014a6   0x080014a6   0x00000002   PAD
    0x080014a8   0x080014a8   0x00000028   Code   RO         4025    i.MQTTPacket_len    mqttpacket.o
    0x080014d0   0x080014d0   0x00000168   Code   RO         3891    i.MQTTSerialize_connect  mqttconnectclient.o
    0x08001638   0x08001638   0x00000076   Code   RO         3892    i.MQTTSerialize_connectLength  mqttconnectclient.o
    0x080016ae   0x080016ae   0x0000002a   Code   RO         3894    i.MQTTSerialize_opt  mqttconnectclient.o
    0x080016d8   0x080016d8   0x000000b0   Code   RO         4138    i.MQTTSerialize_publish  mqttserializepublish.o
    0x08001788   0x08001788   0x00000022   Code   RO         4139    i.MQTTSerialize_publishLength  mqttserializepublish.o
    0x080017aa   0x080017aa   0x00000002   PAD
    0x080017ac   0x080017ac   0x000000c8   Code   RO         3110    i.MQTT_CallBack     main.o
    0x08001874   0x08001874   0x00000018   Code   RO         3545    i.MQTT_ConnectAnalysis  bsp_esp8266.o
    0x0800188c   0x0800188c   0x0000008c   Code   RO         3111    i.MQTT_ConnectPacket  main.o
    0x08001918   0x08001918   0x000000e8   Code   RO         3112    i.MQTT_PublishDataPacket  main.o
    0x08001a00   0x08001a00   0x00000018   Code   RO         4028    i.MQTTstrlen        mqttpacket.o
    0x08001a18   0x08001a18   0x00000004   Code   RO         3257    i.MemManage_Handler  stm32f10x_it.o
    0x08001a1c   0x08001a1c   0x0000001c   Code   RO         3546    i.MqttConnectMqttAck  bsp_esp8266.o
    0x08001a38   0x08001a38   0x00000030   Code   RO         3113    i.Mqtt_Send         main.o
    0x08001a68   0x08001a68   0x00000002   Code   RO         3258    i.NMI_Handler       stm32f10x_it.o
    0x08001a6a   0x08001a6a   0x00000026   Code   RO         3386    i.NVIC_Configuration  bsp_usart.o
    0x08001a90   0x08001a90   0x00000070   Code   RO          137    i.NVIC_Init         misc.o
    0x08001b00   0x08001b00   0x00000014   Code   RO          138    i.NVIC_PriorityGroupConfig  misc.o
    0x08001b14   0x08001b14   0x00000002   Code   RO         3259    i.PendSV_Handler    stm32f10x_it.o
    0x08001b16   0x08001b16   0x00000002   PAD
    0x08001b18   0x08001b18   0x00000020   Code   RO         1708    i.RCC_APB1PeriphClockCmd  stm32f10x_rcc.o
    0x08001b38   0x08001b38   0x00000020   Code   RO         1710    i.RCC_APB2PeriphClockCmd  stm32f10x_rcc.o
    0x08001b58   0x08001b58   0x000000d4   Code   RO         1718    i.RCC_GetClocksFreq  stm32f10x_rcc.o
    0x08001c2c   0x08001c2c   0x00000068   Code   RO         3114    i.Read_Dht11        main.o
    0x08001c94   0x08001c94   0x0000005c   Code   RO         3115    i.Read_PM           main.o
    0x08001cf0   0x08001cf0   0x0000004c   Code   RO         3116    i.Read_SPG30        main.o
    0x08001d3c   0x08001d3c   0x00000024   Code   RO         3803    i.SDA_IN            sgp30.o
    0x08001d60   0x08001d60   0x00000024   Code   RO         3804    i.SDA_OUT           sgp30.o
    0x08001d84   0x08001d84   0x00000038   Code   RO         3805    i.SGP30_GPIO_Init   sgp30.o
    0x08001dbc   0x08001dbc   0x00000038   Code   RO         3806    i.SGP30_IIC_Ack     sgp30.o
    0x08001df4   0x08001df4   0x00000038   Code   RO         3807    i.SGP30_IIC_NAck    sgp30.o
    0x08001e2c   0x08001e2c   0x00000064   Code   RO         3808    i.SGP30_IIC_Read_Byte  sgp30.o
    0x08001e90   0x08001e90   0x00000064   Code   RO         3809    i.SGP30_IIC_Send_Byte  sgp30.o
    0x08001ef4   0x08001ef4   0x00000038   Code   RO         3810    i.SGP30_IIC_Start   sgp30.o
    0x08001f2c   0x08001f2c   0x00000034   Code   RO         3811    i.SGP30_IIC_Stop    sgp30.o
    0x08001f60   0x08001f60   0x00000058   Code   RO         3812    i.SGP30_IIC_Wait_Ack  sgp30.o
    0x08001fb8   0x08001fb8   0x00000010   Code   RO         3813    i.SGP30_Init        sgp30.o
    0x08001fc8   0x08001fc8   0x00000048   Code   RO         3814    i.SGP30_Read        sgp30.o
    0x08002010   0x08002010   0x00000038   Code   RO         3815    i.SGP30_Write       sgp30.o
    0x08002048   0x08002048   0x00000002   Code   RO         3260    i.SVC_Handler       stm32f10x_it.o
    0x0800204a   0x0800204a   0x00000008   Code   RO           24    i.SetSysClock       system_stm32f10x.o
    0x08002052   0x08002052   0x00000002   PAD
    0x08002054   0x08002054   0x000000e0   Code   RO           25    i.SetSysClockTo72   system_stm32f10x.o
    0x08002134   0x08002134   0x00000008   Code   RO         3261    i.SysTick_Handler   stm32f10x_it.o
    0x0800213c   0x0800213c   0x0000007c   Code   RO         3465    i.SysTick_Init      bsp_systick.o
    0x080021b8   0x080021b8   0x00000060   Code   RO           27    i.SystemInit        system_stm32f10x.o
    0x08002218   0x08002218   0x00000018   Code   RO         3466    i.TimingDelay_Decrement  bsp_systick.o
    0x08002230   0x08002230   0x00000040   Code   RO         3118    i.Toggle_Led        main.o
    0x08002270   0x08002270   0x0000007c   Code   RO         3262    i.USART1_IRQHandler  stm32f10x_it.o
    0x080022ec   0x080022ec   0x00000014   Code   RO         3263    i.USART2_IRQHandler  stm32f10x_it.o
    0x08002300   0x08002300   0x000000a0   Code   RO         3264    i.USART3_IRQHandler  stm32f10x_it.o
    0x080023a0   0x080023a0   0x00000018   Code   RO         2878    i.USART_Cmd         stm32f10x_usart.o
    0x080023b8   0x080023b8   0x0000009c   Code   RO         3387    i.USART_Config      bsp_usart.o
    0x08002454   0x08002454   0x0000001a   Code   RO         2881    i.USART_GetFlagStatus  stm32f10x_usart.o
    0x0800246e   0x0800246e   0x00000054   Code   RO         2882    i.USART_GetITStatus  stm32f10x_usart.o
    0x080024c2   0x080024c2   0x0000004a   Code   RO         2884    i.USART_ITConfig    stm32f10x_usart.o
    0x0800250c   0x0800250c   0x000000d8   Code   RO         2885    i.USART_Init        stm32f10x_usart.o
    0x080025e4   0x080025e4   0x0000000a   Code   RO         2892    i.USART_ReceiveData  stm32f10x_usart.o
    0x080025ee   0x080025ee   0x00000008   Code   RO         2895    i.USART_SendData    stm32f10x_usart.o
    0x080025f6   0x080025f6   0x00000106   Code   RO         3700    i.USART_printf      common.o
    0x080026fc   0x080026fc   0x00000004   Code   RO         3265    i.UsageFault_Handler  stm32f10x_it.o
    0x08002700   0x08002700   0x00000020   Code   RO         4473    i.__0printf         mc_w.l(printfa.o)
    0x08002720   0x08002720   0x00000028   Code   RO         4475    i.__0sprintf        mc_w.l(printfa.o)
    0x08002748   0x08002748   0x0000000e   Code   RO         4555    i.__scatterload_copy  mc_w.l(handlers.o)
    0x08002756   0x08002756   0x00000002   Code   RO         4556    i.__scatterload_null  mc_w.l(handlers.o)
    0x08002758   0x08002758   0x0000000e   Code   RO         4557    i.__scatterload_zeroinit  mc_w.l(handlers.o)
    0x08002766   0x08002766   0x00000002   PAD
    0x08002768   0x08002768   0x00000184   Code   RO         4480    i._fp_digits        mc_w.l(printfa.o)
    0x080028ec   0x080028ec   0x000006b4   Code   RO         4481    i._printf_core      mc_w.l(printfa.o)
    0x08002fa0   0x08002fa0   0x00000024   Code   RO         4482    i._printf_post_padding  mc_w.l(printfa.o)
    0x08002fc4   0x08002fc4   0x0000002e   Code   RO         4483    i._printf_pre_padding  mc_w.l(printfa.o)
    0x08002ff2   0x08002ff2   0x0000000a   Code   RO         4485    i._sputc            mc_w.l(printfa.o)
    0x08002ffc   0x08002ffc   0x00000024   Code   RO         3392    i.fputc             bsp_usart.o
    0x08003020   0x08003020   0x00000062   Code   RO         3701    i.itoa              common.o
    0x08003082   0x08003082   0x0000003c   Code   RO         3119    i.main              main.o
    0x080030be   0x080030be   0x0000000e   Code   RO         3120    i.mqtt_disconnect_message  main.o
    0x080030cc   0x080030cc   0x00000006   Code   RO         3547    i.mqtt_get_connect_ret_code  bsp_esp8266.o
    0x080030d2   0x080030d2   0x00000008   Code   RO         3549    i.mqtt_get_type     bsp_esp8266.o
    0x080030da   0x080030da   0x00000028   Code   RO         4034    i.writeCString      mqttpacket.o
    0x08003102   0x08003102   0x0000000c   Code   RO         4035    i.writeChar         mqttpacket.o
    0x0800310e   0x0800310e   0x00000030   Code   RO         4036    i.writeInt          mqttpacket.o
    0x0800313e   0x0800313e   0x0000003e   Code   RO         4037    i.writeMQTTString   mqttpacket.o
    0x0800317c   0x0800317c   0x00000060   Data   RO         3122    .conststring        main.o
    0x080031dc   0x080031dc   0x00000020   Data   RO         4553    Region$$Table       anon$$obj.o


    Execution Region RW_IRAM1 (Exec base: 0x20000000, Load base: 0x080031fc, Size: 0x00001b88, Max: 0x0000c000, ABSOLUTE)

    Exec Addr    Load Addr    Size         Type   Attr      Idx    E Section Name        Object

    0x20000000   0x080031fc   0x00000014   Data   RW           28    .data               system_stm32f10x.o
    0x20000014   0x08003210   0x00000014   Data   RW         1738    .data               stm32f10x_rcc.o
    0x20000028   0x08003224   0x0000000d   Data   RW         3123    .data               main.o
    0x20000035   0x08003231   0x00000003   PAD
    0x20000038   0x08003234   0x0000000c   Data   RW         3470    .data               bsp_systick.o
    0x20000044   0x08003240   0x00000003   Data   RW         3551    .data               bsp_esp8266.o
    0x20000047   0x08003243   0x00000005   Data   RW         3765    .data               bsp_dht11.o
    0x2000004c   0x08003248   0x00000004   Data   RW         4525    .data               mc_w.l(stdout.o)
    0x20000050        -       0x000002d8   Zero   RW         3121    .bss                main.o
    0x20000328        -       0x00000804   Zero   RW         3550    .bss                bsp_esp8266.o
    0x20000b2c        -       0x00000058   Zero   RW         3897    .bss                mqttconnectclient.o
    0x20000b84   0x0800324c   0x00000004   PAD
    0x20000b88        -       0x00001000   Zero   RW            1    STACK               startup_stm32f10x_hd.o


==============================================================================

Image component sizes


      Code (inc. data)   RO Data    RW Data    ZI Data      Debug   Object Name

       376         26          0          5          0       4795   bsp_dht11.o
      1988        632          0          3       2052      16724   bsp_esp8266.o
        64         10          0          0          0        951   bsp_led.o
       188         28          0         12          0      17558   bsp_systick.o
       230         12          0          0          0       1731   bsp_usart.o
       360          0          0          0          0       2715   common.o
         0          0          0          0          0       4500   core_cm3.o
       136         24          0          0          0       1598   core_delay.o
      1030        128         96         13        728      10816   main.o
       132         22          0          0          0       1603   misc.o
       520         18          0          0         88       4593   mqttconnectclient.o
       280          6          0          0          0       4422   mqttpacket.o
       210          0          0          0          0       1866   mqttserializepublish.o
       780         90          0          0          0       7054   sgp30.o
        36          8        304          0       4096        884   startup_stm32f10x_hd.o
        52         12          0          0          0       1172   stm32f10x_exti.o
       322          0          0          0          0       4413   stm32f10x_gpio.o
       354         42          0          0          0       6181   stm32f10x_it.o
       276         32          0         20          0       4546   stm32f10x_rcc.o
       442          6          0          0          0       6333   stm32f10x_usart.o
       328         28          0         20          0     230513   system_stm32f10x.o

    ----------------------------------------------------------------------
      8116       1124        432         76       6968     334968   Object Totals
         0          0         32          0          0          0   (incl. Generated)
        12          0          0          3          4          0   (incl. Padding)

    ----------------------------------------------------------------------

      Code (inc. data)   RO Data    RW Data    ZI Data      Debug   Library Member Name

         0          0          0          0          0          0   entry.o
         0          0          0          0          0          0   entry10a.o
         0          0          0          0          0          0   entry11a.o
         4          0          0          0          0          0   entry12b.o
         8          4          0          0          0          0   entry2.o
         4          0          0          0          0          0   entry5.o
         0          0          0          0          0          0   entry7b.o
         0          0          0          0          0          0   entry8b.o
         8          4          0          0          0          0   entry9a.o
        30          0          0          0          0          0   handlers.o
        36          8          0          0          0         68   init.o
         0          0          0          0          0          0   iusefp.o
        30          0          0          0          0         68   llshl.o
        36          0          0          0          0         68   llsshr.o
        32          0          0          0          0         68   llushr.o
        36          0          0          0          0         68   memcpya.o
        36          0          0          0          0        108   memseta.o
      2268         96          0          0          0        616   printfa.o
         0          0          0          4          0          0   stdout.o
        14          0          0          0          0         68   strlen.o
        36          0          0          0          0         80   strstr.o
        44          0          0          0          0         80   uidiv.o
        98          0          0          0          0         92   uldiv.o
        48          0          0          0          0         68   cdrcmple.o
       334          0          0          0          0        148   dadd.o
       222          0          0          0          0        100   ddiv.o
       186          0          0          0          0        176   depilogue.o
        48          0          0          0          0         68   dfixul.o
       228          0          0          0          0         96   dmul.o
        38          0          0          0          0         68   f2d.o
       176          0          0          0          0        140   fadd.o
       124          0          0          0          0         88   fdiv.o
       110          0          0          0          0        168   fepilogue.o
        10          0          0          0          0         68   ffltui.o

    ----------------------------------------------------------------------
      4248        112          0          4          0       2572   Library Totals
         4          0          0          0          0          0   (incl. Padding)

    ----------------------------------------------------------------------

      Code (inc. data)   RO Data    RW Data    ZI Data      Debug   Library Name

      2720        112          0          4          0       1384   mc_w.l
      1524          0          0          0          0       1188   mf_w.l

    ----------------------------------------------------------------------
      4248        112          0          4          0       2572   Library Totals

    ----------------------------------------------------------------------

==============================================================================


      Code (inc. data)   RO Data    RW Data    ZI Data      Debug   

     12364       1236        432         80       6968     330932   Grand Totals
     12364       1236        432         80       6968     330932   ELF Image Totals
     12364       1236        432         80          0          0   ROM Totals

==============================================================================

    Total RO  Size (Code + RO Data)                12796 (  12.50kB)
    Total RW  Size (RW Data + ZI Data)              7048 (   6.88kB)
    Total ROM Size (Code + RO Data + RW Data)      12876 (  12.57kB)

==============================================================================

