Component: ARM Compiler 5.06 update 6 (build 750) Tool: armlink [4d35ed]

==============================================================================

Section Cross References

    startup_stm32f10x_hd.o(RESET) refers to startup_stm32f10x_hd.o(STACK) for __initial_sp
    startup_stm32f10x_hd.o(RESET) refers to startup_stm32f10x_hd.o(.text) for Reset_Handler
    startup_stm32f10x_hd.o(RESET) refers to stm32f10x_it.o(i.NMI_Handler) for NMI_Handler
    startup_stm32f10x_hd.o(RESET) refers to stm32f10x_it.o(i.HardFault_Handler) for HardFault_Handler
    startup_stm32f10x_hd.o(RESET) refers to stm32f10x_it.o(i.MemManage_Handler) for MemManage_Handler
    startup_stm32f10x_hd.o(RESET) refers to stm32f10x_it.o(i.BusFault_Handler) for BusFault_Handler
    startup_stm32f10x_hd.o(RESET) refers to stm32f10x_it.o(i.UsageFault_Handler) for UsageFault_Handler
    startup_stm32f10x_hd.o(RESET) refers to stm32f10x_it.o(i.SVC_Handler) for SVC_Handler
    startup_stm32f10x_hd.o(RESET) refers to stm32f10x_it.o(i.DebugMon_Handler) for DebugMon_Handler
    startup_stm32f10x_hd.o(RESET) refers to stm32f10x_it.o(i.PendSV_Handler) for PendSV_Handler
    startup_stm32f10x_hd.o(RESET) refers to stm32f10x_it.o(i.SysTick_Handler) for SysTick_Handler
    startup_stm32f10x_hd.o(RESET) refers to stm32f10x_it.o(i.EXTI0_IRQHandler) for EXTI0_IRQHandler
    startup_stm32f10x_hd.o(RESET) refers to stm32f10x_it.o(i.USART1_IRQHandler) for USART1_IRQHandler
    startup_stm32f10x_hd.o(RESET) refers to stm32f10x_it.o(i.USART2_IRQHandler) for USART2_IRQHandler
    startup_stm32f10x_hd.o(RESET) refers to stm32f10x_it.o(i.USART3_IRQHandler) for USART3_IRQHandler
    startup_stm32f10x_hd.o(.text) refers to system_stm32f10x.o(i.SystemInit) for SystemInit
    startup_stm32f10x_hd.o(.text) refers to entry.o(.ARM.Collect$$$$00000000) for __main
    system_stm32f10x.o(i.SetSysClock) refers to system_stm32f10x.o(i.SetSysClockTo72) for SetSysClockTo72
    system_stm32f10x.o(i.SystemCoreClockUpdate) refers to system_stm32f10x.o(.data) for SystemCoreClock
    system_stm32f10x.o(i.SystemInit) refers to system_stm32f10x.o(i.SetSysClock) for SetSysClock
    stm32f10x_adc.o(i.ADC_DeInit) refers to stm32f10x_rcc.o(i.RCC_APB2PeriphResetCmd) for RCC_APB2PeriphResetCmd
    stm32f10x_bkp.o(i.BKP_DeInit) refers to stm32f10x_rcc.o(i.RCC_BackupResetCmd) for RCC_BackupResetCmd
    stm32f10x_can.o(i.CAN_DeInit) refers to stm32f10x_rcc.o(i.RCC_APB1PeriphResetCmd) for RCC_APB1PeriphResetCmd
    stm32f10x_can.o(i.CAN_GetITStatus) refers to stm32f10x_can.o(i.CheckITStatus) for CheckITStatus
    stm32f10x_cec.o(i.CEC_DeInit) refers to stm32f10x_rcc.o(i.RCC_APB1PeriphResetCmd) for RCC_APB1PeriphResetCmd
    stm32f10x_dac.o(i.DAC_DeInit) refers to stm32f10x_rcc.o(i.RCC_APB1PeriphResetCmd) for RCC_APB1PeriphResetCmd
    stm32f10x_flash.o(i.FLASH_EnableWriteProtection) refers to stm32f10x_flash.o(i.FLASH_WaitForLastOperation) for FLASH_WaitForLastOperation
    stm32f10x_flash.o(i.FLASH_EraseAllBank1Pages) refers to stm32f10x_flash.o(i.FLASH_WaitForLastBank1Operation) for FLASH_WaitForLastBank1Operation
    stm32f10x_flash.o(i.FLASH_EraseAllPages) refers to stm32f10x_flash.o(i.FLASH_WaitForLastOperation) for FLASH_WaitForLastOperation
    stm32f10x_flash.o(i.FLASH_EraseOptionBytes) refers to stm32f10x_flash.o(i.FLASH_GetReadOutProtectionStatus) for FLASH_GetReadOutProtectionStatus
    stm32f10x_flash.o(i.FLASH_EraseOptionBytes) refers to stm32f10x_flash.o(i.FLASH_WaitForLastOperation) for FLASH_WaitForLastOperation
    stm32f10x_flash.o(i.FLASH_ErasePage) refers to stm32f10x_flash.o(i.FLASH_WaitForLastOperation) for FLASH_WaitForLastOperation
    stm32f10x_flash.o(i.FLASH_ProgramHalfWord) refers to stm32f10x_flash.o(i.FLASH_WaitForLastOperation) for FLASH_WaitForLastOperation
    stm32f10x_flash.o(i.FLASH_ProgramOptionByteData) refers to stm32f10x_flash.o(i.FLASH_WaitForLastOperation) for FLASH_WaitForLastOperation
    stm32f10x_flash.o(i.FLASH_ProgramWord) refers to stm32f10x_flash.o(i.FLASH_WaitForLastOperation) for FLASH_WaitForLastOperation
    stm32f10x_flash.o(i.FLASH_ReadOutProtection) refers to stm32f10x_flash.o(i.FLASH_WaitForLastOperation) for FLASH_WaitForLastOperation
    stm32f10x_flash.o(i.FLASH_UserOptionByteConfig) refers to stm32f10x_flash.o(i.FLASH_WaitForLastOperation) for FLASH_WaitForLastOperation
    stm32f10x_flash.o(i.FLASH_WaitForLastBank1Operation) refers to stm32f10x_flash.o(i.FLASH_GetBank1Status) for FLASH_GetBank1Status
    stm32f10x_flash.o(i.FLASH_WaitForLastOperation) refers to stm32f10x_flash.o(i.FLASH_GetBank1Status) for FLASH_GetBank1Status
    stm32f10x_gpio.o(i.GPIO_AFIODeInit) refers to stm32f10x_rcc.o(i.RCC_APB2PeriphResetCmd) for RCC_APB2PeriphResetCmd
    stm32f10x_gpio.o(i.GPIO_DeInit) refers to stm32f10x_rcc.o(i.RCC_APB2PeriphResetCmd) for RCC_APB2PeriphResetCmd
    stm32f10x_i2c.o(i.I2C_DeInit) refers to stm32f10x_rcc.o(i.RCC_APB1PeriphResetCmd) for RCC_APB1PeriphResetCmd
[...]
    Removing stm32f10x_fsmc.o(i.FSMC_NORSRAMInit), (230 bytes).
    Removing stm32f10x_fsmc.o(i.FSMC_NORSRAMStructInit), (114 bytes).
    Removing stm32f10x_fsmc.o(i.FSMC_PCCARDCmd), (48 bytes).
    Removing stm32f10x_fsmc.o(i.FSMC_PCCARDDeInit), (40 bytes).
    Removing stm32f10x_fsmc.o(i.FSMC_PCCARDInit), (132 bytes).
    Removing stm32f10x_fsmc.o(i.FSMC_PCCARDStructInit), (60 bytes).
    Removing stm32f10x_gpio.o(i.GPIO_AFIODeInit), (20 bytes).
    Removing stm32f10x_gpio.o(i.GPIO_DeInit), (200 bytes).
    Removing stm32f10x_gpio.o(i.GPIO_ETH_MediaInterfaceConfig), (12 bytes).
    Removing stm32f10x_gpio.o(i.GPIO_EXTILineConfig), (64 bytes).
    Removing stm32f10x_gpio.o(i.GPIO_EventOutputCmd), (12 bytes).
    Removing stm32f10x_gpio.o(i.GPIO_EventOutputConfig), (32 bytes).
    Removing stm32f10x_gpio.o(i.GPIO_PinLockConfig), (18 bytes).
    Removing stm32f10x_gpio.o(i.GPIO_PinRemapConfig), (144 bytes).
    Removing stm32f10x_gpio.o(i.GPIO_ReadInputData), (8 bytes).
    Removing stm32f10x_gpio.o(i.GPIO_ReadInputDataBit), (18 bytes).
    Removing stm32f10x_gpio.o(i.GPIO_ReadOutputData), (8 bytes).
    Removing stm32f10x_gpio.o(i.GPIO_StructInit), (16 bytes).
    Removing stm32f10x_gpio.o(i.GPIO_Write), (4 bytes).
    Removing stm32f10x_gpio.o(i.GPIO_WriteBit), (10 bytes).
    Removing stm32f10x_i2c.o(i.I2C_ARPCmd), (24 bytes).
    Removing stm32f10x_i2c.o(i.I2C_AcknowledgeConfig), (24 bytes).
    Removing stm32f10x_i2c.o(i.I2C_CalculatePEC), (24 bytes).
    Removing stm32f10x_i2c.o(i.I2C_CheckEvent), (42 bytes).
    Removing stm32f10x_i2c.o(i.I2C_ClearFlag), (12 bytes).
    Removing stm32f10x_i2c.o(i.I2C_ClearITPendingBit), (12 bytes).
    Removing stm32f10x_i2c.o(i.I2C_Cmd), (24 bytes).
    Removing stm32f10x_i2c.o(i.I2C_DMACmd), (24 bytes).
    Removing stm32f10x_i2c.o(i.I2C_DMALastTransferCmd), (24 bytes).
    Removing stm32f10x_i2c.o(i.I2C_DeInit), (56 bytes).
    Removing stm32f10x_i2c.o(i.I2C_DualAddressCmd), (24 bytes).
    Removing stm32f10x_i2c.o(i.I2C_FastModeDutyCycleConfig), (28 bytes).
    Removing stm32f10x_i2c.o(i.I2C_GeneralCallCmd), (24 bytes).
    Removing stm32f10x_i2c.o(i.I2C_GenerateSTART), (24 bytes).
    Removing stm32f10x_i2c.o(i.I2C_GenerateSTOP), (24 bytes).
    Removing stm32f10x_i2c.o(i.I2C_GetFlagStatus), (58 bytes).
    Removing stm32f10x_i2c.o(i.I2C_GetITStatus), (38 bytes).
    Removing stm32f10x_i2c.o(i.I2C_GetLastEvent), (26 bytes).
    Removing stm32f10x_i2c.o(i.I2C_GetPEC), (8 bytes).
    Removing stm32f10x_i2c.o(i.I2C_ITConfig), (18 bytes).
    Removing stm32f10x_i2c.o(i.I2C_Init), (236 bytes).
    Removing stm32f10x_i2c.o(i.I2C_NACKPositionConfig), (28 bytes).
    Removing stm32f10x_i2c.o(i.I2C_OwnAddress2Config), (22 bytes).
    Removing stm32f10x_i2c.o(i.I2C_PECPositionConfig), (28 bytes).
    Removing stm32f10x_i2c.o(i.I2C_ReadRegister), (22 bytes).
    Removing stm32f10x_i2c.o(i.I2C_ReceiveData), (8 bytes).
    Removing stm32f10x_i2c.o(i.I2C_SMBusAlertConfig), (28 bytes).
    Removing stm32f10x_i2c.o(i.I2C_Send7bitAddress), (18 bytes).
    Removing stm32f10x_i2c.o(i.I2C_SendData), (4 bytes).
    Removing stm32f10x_i2c.o(i.I2C_SoftwareResetCmd), (22 bytes).
    Removing stm32f10x_i2c.o(i.I2C_StretchClockCmd), (24 bytes).
    Removing stm32f10x_i2c.o(i.I2C_StructInit), (30 bytes).
    Removing stm32f10x_i2c.o(i.I2C_TransmitPEC), (24 bytes).
    Removing stm32f10x_iwdg.o(i.IWDG_Enable), (16 bytes).
    Removing stm32f10x_iwdg.o(i.IWDG_GetFlagStatus), (24 bytes).
    Removing stm32f10x_iwdg.o(i.IWDG_ReloadCounter), (16 bytes).
    Removing stm32f10x_iwdg.o(i.IWDG_SetPrescaler), (12 bytes).
    Removing stm32f10x_iwdg.o(i.IWDG_SetReload), (12 bytes).
    Removing stm32f10x_iwdg.o(i.IWDG_WriteAccessCmd), (12 bytes).
    Removing stm32f10x_pwr.o(i.PWR_BackupAccessCmd), (12 bytes).
    Removing stm32f10x_pwr.o(i.PWR_ClearFlag), (20 bytes).
    Removing stm32f10x_pwr.o(i.PWR_DeInit), (22 bytes).
    Removing stm32f10x_pwr.o(i.PWR_EnterSTANDBYMode), (52 bytes).
    Removing stm32f10x_pwr.o(i.PWR_EnterSTOPMode), (64 bytes).
    Removing stm32f10x_pwr.o(i.PWR_GetFlagStatus), (24 bytes).
    Removing stm32f10x_pwr.o(i.PWR_PVDCmd), (12 bytes).
    Removing stm32f10x_pwr.o(i.PWR_PVDLevelConfig), (24 bytes).
    Removing stm32f10x_pwr.o(i.PWR_WakeUpPinCmd), (12 bytes).
    Removing stm32f10x_rcc.o(i.RCC_ADCCLKConfig), (24 bytes).
    Removing stm32f10x_rcc.o(i.RCC_AHBPeriphClockCmd), (32 bytes).
    Removing stm32f10x_rcc.o(i.RCC_APB1PeriphResetCmd), (32 bytes).
    Removing stm32f10x_rcc.o(i.RCC_APB2PeriphResetCmd), (32 bytes).
    Removing stm32f10x_rcc.o(i.RCC_AdjustHSICalibrationValue), (24 bytes).
    Removing stm32f10x_rcc.o(i.RCC_BackupResetCmd), (12 bytes).
    Removing stm32f10x_rcc.o(i.RCC_ClearFlag), (20 bytes).
    Removing stm32f10x_rcc.o(i.RCC_ClearITPendingBit), (12 bytes).
    Removing stm32f10x_rcc.o(i.RCC_ClockSecuritySystemCmd), (12 bytes).
    Removing stm32f10x_rcc.o(i.RCC_DeInit), (76 bytes).
    Removing stm32f10x_rcc.o(i.RCC_GetFlagStatus), (60 bytes).
    Removing stm32f10x_rcc.o(i.RCC_GetITStatus), (24 bytes).
    Removing stm32f10x_rcc.o(i.RCC_GetSYSCLKSource), (16 bytes).
    Removing stm32f10x_rcc.o(i.RCC_HCLKConfig), (24 bytes).
    Removing stm32f10x_rcc.o(i.RCC_HSEConfig), (76 bytes).
    Removing stm32f10x_rcc.o(i.RCC_HSICmd), (12 bytes).
    Removing stm32f10x_rcc.o(i.RCC_ITConfig), (32 bytes).
    Removing stm32f10x_rcc.o(i.RCC_LSEConfig), (52 bytes).
    Removing stm32f10x_rcc.o(i.RCC_LSICmd), (12 bytes).
    Removing stm32f10x_rcc.o(i.RCC_MCOConfig), (12 bytes).
    Removing stm32f10x_rcc.o(i.RCC_PCLK1Config), (24 bytes).
    Removing stm32f10x_rcc.o(i.RCC_PCLK2Config), (24 bytes).
    Removing stm32f10x_rcc.o(i.RCC_PLLCmd), (12 bytes).
    Removing stm32f10x_rcc.o(i.RCC_PLLConfig), (28 bytes).
    Removing stm32f10x_rcc.o(i.RCC_RTCCLKCmd), (12 bytes).
    Removing stm32f10x_rcc.o(i.RCC_RTCCLKConfig), (16 bytes).
    Removing stm32f10x_rcc.o(i.RCC_SYSCLKConfig), (24 bytes).
    Removing stm32f10x_rcc.o(i.RCC_USBCLKConfig), (12 bytes).
    Removing stm32f10x_rcc.o(i.RCC_WaitForHSEStartUp), (56 bytes).
    Removing stm32f10x_rtc.o(i.RTC_ClearFlag), (16 bytes).
    Removing stm32f10x_rtc.o(i.RTC_ClearITPendingBit), (16 bytes).
    Removing stm32f10x_rtc.o(i.RTC_EnterConfigMode), (20 bytes).
    Removing stm32f10x_rtc.o(i.RTC_ExitConfigMode), (20 bytes).
    Removing stm32f10x_rtc.o(i.RTC_GetCounter), (20 bytes).
    Removing stm32f10x_rtc.o(i.RTC_GetDivider), (24 bytes).
    Removing stm32f10x_rtc.o(i.RTC_GetFlagStatus), (24 bytes).
    Removing stm32f10x_rtc.o(i.RTC_GetITStatus), (36 bytes).
    Removing stm32f10x_rtc.o(i.RTC_ITConfig), (32 bytes).
    Removing stm32f10x_rtc.o(i.RTC_SetAlarm), (28 bytes).
    Removing stm32f10x_rtc.o(i.RTC_SetCounter), (28 bytes).
    Removing stm32f10x_rtc.o(i.RTC_SetPrescaler), (32 bytes).
    Removing stm32f10x_rtc.o(i.RTC_WaitForLastTask), (20 bytes).
    Removing stm32f10x_rtc.o(i.RTC_WaitForSynchro), (36 bytes).
    Removing stm32f10x_sdio.o(i.SDIO_CEATAITCmd), (16 bytes).
    Removing stm32f10x_sdio.o(i.SDIO_ClearFlag), (12 bytes).
    Removing stm32f10x_sdio.o(i.SDIO_ClearITPendingBit), (12 bytes).
    Removing stm32f10x_sdio.o(i.SDIO_ClockCmd), (12 bytes).
    Removing stm32f10x_sdio.o(i.SDIO_CmdStructInit), (14 bytes).
    Removing stm32f10x_sdio.o(i.SDIO_CommandCompletionCmd), (12 bytes).
    Removing stm32f10x_sdio.o(i.SDIO_DMACmd), (12 bytes).
    Removing stm32f10x_sdio.o(i.SDIO_DataConfig), (48 bytes).
    Removing stm32f10x_sdio.o(i.SDIO_DataStructInit), (20 bytes).
    Removing stm32f10x_sdio.o(i.SDIO_DeInit), (36 bytes).
    Removing stm32f10x_sdio.o(i.SDIO_GetCommandResponse), (12 bytes).
    Removing stm32f10x_sdio.o(i.SDIO_GetDataCounter), (12 bytes).
    Removing stm32f10x_sdio.o(i.SDIO_GetFIFOCount), (12 bytes).
    Removing stm32f10x_sdio.o(i.SDIO_GetFlagStatus), (24 bytes).
    Removing stm32f10x_sdio.o(i.SDIO_GetITStatus), (24 bytes).
    Removing stm32f10x_sdio.o(i.SDIO_GetPowerState), (16 bytes).
    Removing stm32f10x_sdio.o(i.SDIO_GetResponse), (24 bytes).
    Removing stm32f10x_sdio.o(i.SDIO_ITConfig), (32 bytes).
    Removing stm32f10x_sdio.o(i.SDIO_Init), (48 bytes).
    Removing stm32f10x_sdio.o(i.SDIO_ReadData), (12 bytes).
    Removing stm32f10x_sdio.o(i.SDIO_SendCEATACmd), (12 bytes).
    Removing stm32f10x_sdio.o(i.SDIO_SendCommand), (44 bytes).
    Removing stm32f10x_sdio.o(i.SDIO_SendSDIOSuspendCmd), (12 bytes).
    Removing stm32f10x_sdio.o(i.SDIO_SetPowerState), (28 bytes).
    Removing stm32f10x_sdio.o(i.SDIO_SetSDIOOperation), (12 bytes).
    Removing stm32f10x_sdio.o(i.SDIO_SetSDIOReadWaitMode), (12 bytes).
    Removing stm32f10x_sdio.o(i.SDIO_StartSDIOReadWait), (12 bytes).
    Removing stm32f10x_sdio.o(i.SDIO_StopSDIOReadWait), (12 bytes).
    Removing stm32f10x_sdio.o(i.SDIO_StructInit), (16 bytes).
    Removing stm32f10x_sdio.o(i.SDIO_WriteData), (12 bytes).
    Removing stm32f10x_spi.o(i.I2S_Cmd), (24 bytes).
    Removing stm32f10x_spi.o(i.I2S_Init), (232 bytes).
    Removing stm32f10x_spi.o(i.I2S_StructInit), (20 bytes).
    Removing stm32f10x_spi.o(i.SPI_BiDirectionalLineConfig), (28 bytes).
    Removing stm32f10x_spi.o(i.SPI_CalculateCRC), (24 bytes).
    Removing stm32f10x_spi.o(i.SPI_Cmd), (24 bytes).
    Removing stm32f10x_spi.o(i.SPI_DataSizeConfig), (18 bytes).
    Removing stm32f10x_spi.o(i.SPI_GetCRC), (16 bytes).
    Removing stm32f10x_spi.o(i.SPI_GetCRCPolynomial), (6 bytes).
    Removing stm32f10x_spi.o(i.SPI_I2S_ClearFlag), (6 bytes).
    Removing stm32f10x_spi.o(i.SPI_I2S_ClearITPendingBit), (20 bytes).
    Removing stm32f10x_spi.o(i.SPI_I2S_DMACmd), (18 bytes).
    Removing stm32f10x_spi.o(i.SPI_I2S_DeInit), (88 bytes).
    Removing stm32f10x_spi.o(i.SPI_I2S_GetFlagStatus), (18 bytes).
    Removing stm32f10x_spi.o(i.SPI_I2S_GetITStatus), (52 bytes).
    Removing stm32f10x_spi.o(i.SPI_I2S_ITConfig), (32 bytes).
    Removing stm32f10x_spi.o(i.SPI_I2S_ReceiveData), (6 bytes).
    Removing stm32f10x_spi.o(i.SPI_I2S_SendData), (4 bytes).
    Removing stm32f10x_spi.o(i.SPI_Init), (60 bytes).
    Removing stm32f10x_spi.o(i.SPI_NSSInternalSoftwareConfig), (30 bytes).
    Removing stm32f10x_spi.o(i.SPI_SSOutputCmd), (24 bytes).
    Removing stm32f10x_spi.o(i.SPI_StructInit), (24 bytes).
    Removing stm32f10x_spi.o(i.SPI_TransmitCRC), (10 bytes).
    Removing stm32f10x_tim.o(i.TI1_Config), (128 bytes).
    Removing stm32f10x_tim.o(i.TI2_Config), (152 bytes).
    Removing stm32f10x_tim.o(i.TI3_Config), (144 bytes).
    Removing stm32f10x_tim.o(i.TI4_Config), (152 bytes).
    Removing stm32f10x_tim.o(i.TIM_ARRPreloadConfig), (24 bytes).
    Removing stm32f10x_tim.o(i.TIM_BDTRConfig), (32 bytes).
    Removing stm32f10x_tim.o(i.TIM_BDTRStructInit), (18 bytes).
    Removing stm32f10x_tim.o(i.TIM_CCPreloadControl), (24 bytes).
    Removing stm32f10x_tim.o(i.TIM_CCxCmd), (30 bytes).
    Removing stm32f10x_tim.o(i.TIM_CCxNCmd), (30 bytes).
    Removing stm32f10x_tim.o(i.TIM_ClearFlag), (6 bytes).
    Removing stm32f10x_tim.o(i.TIM_ClearITPendingBit), (6 bytes).
    Removing stm32f10x_tim.o(i.TIM_ClearOC1Ref), (18 bytes).
    Removing stm32f10x_tim.o(i.TIM_ClearOC2Ref), (24 bytes).
    Removing stm32f10x_tim.o(i.TIM_ClearOC3Ref), (18 bytes).
    Removing stm32f10x_tim.o(i.TIM_ClearOC4Ref), (24 bytes).
    Removing stm32f10x_tim.o(i.TIM_Cmd), (24 bytes).
    Removing stm32f10x_tim.o(i.TIM_CounterModeConfig), (18 bytes).
    Removing stm32f10x_tim.o(i.TIM_CtrlPWMOutputs), (30 bytes).
    Removing stm32f10x_tim.o(i.TIM_DMACmd), (18 bytes).
    Removing stm32f10x_tim.o(i.TIM_DMAConfig), (10 bytes).
    Removing stm32f10x_tim.o(i.TIM_DeInit), (488 bytes).
    Removing stm32f10x_tim.o(i.TIM_ETRClockMode1Config), (54 bytes).
    Removing stm32f10x_tim.o(i.TIM_ETRClockMode2Config), (32 bytes).
    Removing stm32f10x_tim.o(i.TIM_ETRConfig), (28 bytes).
    Removing stm32f10x_tim.o(i.TIM_EncoderInterfaceConfig), (66 bytes).
    Removing stm32f10x_tim.o(i.TIM_ForcedOC1Config), (18 bytes).
    Removing stm32f10x_tim.o(i.TIM_ForcedOC2Config), (26 bytes).
    Removing stm32f10x_tim.o(i.TIM_ForcedOC3Config), (18 bytes).
    Removing stm32f10x_tim.o(i.TIM_ForcedOC4Config), (26 bytes).
    Removing stm32f10x_tim.o(i.TIM_GenerateEvent), (4 bytes).
    Removing stm32f10x_tim.o(i.TIM_GetCapture1), (6 bytes).
    Removing stm32f10x_tim.o(i.TIM_GetCapture2), (6 bytes).
    Removing stm32f10x_tim.o(i.TIM_GetCapture3), (6 bytes).
    Removing stm32f10x_tim.o(i.TIM_GetCapture4), (8 bytes).
    Removing stm32f10x_tim.o(i.TIM_GetCounter), (6 bytes).
    Removing stm32f10x_tim.o(i.TIM_GetFlagStatus), (18 bytes).
    Removing stm32f10x_tim.o(i.TIM_GetITStatus), (34 bytes).
    Removing stm32f10x_tim.o(i.TIM_GetPrescaler), (6 bytes).
    Removing stm32f10x_tim.o(i.TIM_ICInit), (172 bytes).
    Removing stm32f10x_tim.o(i.TIM_ICStructInit), (18 bytes).
    Removing stm32f10x_tim.o(i.TIM_ITConfig), (18 bytes).
    Removing stm32f10x_tim.o(i.TIM_ITRxExternalClockConfig), (24 bytes).
    Removing stm32f10x_tim.o(i.TIM_InternalClockConfig), (12 bytes).
    Removing stm32f10x_tim.o(i.TIM_OC1FastConfig), (18 bytes).
    Removing stm32f10x_tim.o(i.TIM_OC1Init), (152 bytes).
    Removing stm32f10x_tim.o(i.TIM_OC1NPolarityConfig), (18 bytes).
    Removing stm32f10x_tim.o(i.TIM_OC1PolarityConfig), (18 bytes).
    Removing stm32f10x_tim.o(i.TIM_OC1PreloadConfig), (18 bytes).
    Removing stm32f10x_tim.o(i.TIM_OC2FastConfig), (26 bytes).
    Removing stm32f10x_tim.o(i.TIM_OC2Init), (164 bytes).
    Removing stm32f10x_tim.o(i.TIM_OC2NPolarityConfig), (26 bytes).
    Removing stm32f10x_tim.o(i.TIM_OC2PolarityConfig), (26 bytes).
    Removing stm32f10x_tim.o(i.TIM_OC2PreloadConfig), (26 bytes).
    Removing stm32f10x_tim.o(i.TIM_OC3FastConfig), (18 bytes).
    Removing stm32f10x_tim.o(i.TIM_OC3Init), (160 bytes).
    Removing stm32f10x_tim.o(i.TIM_OC3NPolarityConfig), (26 bytes).
    Removing stm32f10x_tim.o(i.TIM_OC3PolarityConfig), (26 bytes).
    Removing stm32f10x_tim.o(i.TIM_OC3PreloadConfig), (18 bytes).
    Removing stm32f10x_tim.o(i.TIM_OC4FastConfig), (26 bytes).
    Removing stm32f10x_tim.o(i.TIM_OC4Init), (124 bytes).
    Removing stm32f10x_tim.o(i.TIM_OC4PolarityConfig), (26 bytes).
    Removing stm32f10x_tim.o(i.TIM_OC4PreloadConfig), (26 bytes).
    Removing stm32f10x_tim.o(i.TIM_OCStructInit), (20 bytes).
    Removing stm32f10x_tim.o(i.TIM_PWMIConfig), (124 bytes).
    Removing stm32f10x_tim.o(i.TIM_PrescalerConfig), (6 bytes).
    Removing stm32f10x_tim.o(i.TIM_SelectCCDMA), (24 bytes).
    Removing stm32f10x_tim.o(i.TIM_SelectCOM), (24 bytes).
    Removing stm32f10x_tim.o(i.TIM_SelectHallSensor), (24 bytes).
    Removing stm32f10x_tim.o(i.TIM_SelectInputTrigger), (18 bytes).
    Removing stm32f10x_tim.o(i.TIM_SelectMasterSlaveMode), (18 bytes).
    Removing stm32f10x_tim.o(i.TIM_SelectOCxM), (82 bytes).
    Removing stm32f10x_tim.o(i.TIM_SelectOnePulseMode), (18 bytes).
    Removing stm32f10x_tim.o(i.TIM_SelectOutputTrigger), (18 bytes).
    Removing stm32f10x_tim.o(i.TIM_SelectSlaveMode), (18 bytes).
    Removing stm32f10x_tim.o(i.TIM_SetAutoreload), (4 bytes).
    Removing stm32f10x_tim.o(i.TIM_SetClockDivision), (18 bytes).
    Removing stm32f10x_tim.o(i.TIM_SetCompare1), (4 bytes).
    Removing stm32f10x_tim.o(i.TIM_SetCompare2), (4 bytes).
    Removing stm32f10x_tim.o(i.TIM_SetCompare3), (4 bytes).
    Removing stm32f10x_tim.o(i.TIM_SetCompare4), (6 bytes).
    Removing stm32f10x_tim.o(i.TIM_SetCounter), (4 bytes).
    Removing stm32f10x_tim.o(i.TIM_SetIC1Prescaler), (18 bytes).
    Removing stm32f10x_tim.o(i.TIM_SetIC2Prescaler), (26 bytes).
    Removing stm32f10x_tim.o(i.TIM_SetIC3Prescaler), (18 bytes).
    Removing stm32f10x_tim.o(i.TIM_SetIC4Prescaler), (26 bytes).
    Removing stm32f10x_tim.o(i.TIM_TIxExternalClockConfig), (62 bytes).
    Removing stm32f10x_tim.o(i.TIM_TimeBaseInit), (164 bytes).
    Removing stm32f10x_tim.o(i.TIM_TimeBaseStructInit), (18 bytes).
    Removing stm32f10x_tim.o(i.TIM_UpdateDisableConfig), (24 bytes).
    Removing stm32f10x_tim.o(i.TIM_UpdateRequestConfig), (24 bytes).
    Removing stm32f10x_usart.o(i.USART_ClearFlag), (18 bytes).
    Removing stm32f10x_usart.o(i.USART_ClearITPendingBit), (30 bytes).
    Removing stm32f10x_usart.o(i.USART_ClockInit), (34 bytes).
    Removing stm32f10x_usart.o(i.USART_ClockStructInit), (12 bytes).
    Removing stm32f10x_usart.o(i.USART_DMACmd), (18 bytes).
    Removing stm32f10x_usart.o(i.USART_DeInit), (156 bytes).
    Removing stm32f10x_usart.o(i.USART_HalfDuplexCmd), (24 bytes).
    Removing stm32f10x_usart.o(i.USART_IrDACmd), (24 bytes).
    Removing stm32f10x_usart.o(i.USART_IrDAConfig), (18 bytes).
    Removing stm32f10x_usart.o(i.USART_LINBreakDetectLengthConfig), (18 bytes).
    Removing stm32f10x_usart.o(i.USART_LINCmd), (24 bytes).
    Removing stm32f10x_usart.o(i.USART_OneBitMethodCmd), (24 bytes).
    Removing stm32f10x_usart.o(i.USART_OverSampling8Cmd), (22 bytes).
    Removing stm32f10x_usart.o(i.USART_ReceiverWakeUpCmd), (24 bytes).
    Removing stm32f10x_usart.o(i.USART_SendBreak), (10 bytes).
    Removing stm32f10x_usart.o(i.USART_SetAddress), (18 bytes).
    Removing stm32f10x_usart.o(i.USART_SetGuardTime), (16 bytes).
    Removing stm32f10x_usart.o(i.USART_SetPrescaler), (16 bytes).
    Removing stm32f10x_usart.o(i.USART_SmartCardCmd), (24 bytes).
    Removing stm32f10x_usart.o(i.USART_SmartCardNACKCmd), (24 bytes).
    Removing stm32f10x_usart.o(i.USART_StructInit), (24 bytes).
    Removing stm32f10x_usart.o(i.USART_WakeUpConfig), (18 bytes).
    Removing stm32f10x_wwdg.o(i.WWDG_ClearFlag), (12 bytes).
    Removing stm32f10x_wwdg.o(i.WWDG_DeInit), (22 bytes).
    Removing stm32f10x_wwdg.o(i.WWDG_Enable), (16 bytes).
    Removing stm32f10x_wwdg.o(i.WWDG_EnableIT), (12 bytes).
    Removing stm32f10x_wwdg.o(i.WWDG_GetFlagStatus), (12 bytes).
    Removing stm32f10x_wwdg.o(i.WWDG_SetCounter), (16 bytes).
    Removing stm32f10x_wwdg.o(i.WWDG_SetPrescaler), (24 bytes).
    Removing stm32f10x_wwdg.o(i.WWDG_SetWindowValue), (40 bytes).
    Removing main.o(i.Measure_redir), (628 bytes).
    Removing bsp_usart.o(i.Usart_SendByte), (30 bytes).
    Removing bsp_usart.o(i.Usart_SendHalfWord), (60 bytes).
    Removing bsp_usart.o(i.Usart_SendString), (42 bytes).
    Removing bsp_usart.o(i.fgetc), (32 bytes).
    Removing bsp_systick.o(i.Get_TmDelay_measure), (12 bytes).
    Removing bsp_systick.o(i.TmDelay_measure), (52 bytes).
    Removing bsp_systick.o(i.TmDelay_measureClr), (20 bytes).
    Removing bsp_systick.o(i.TmDelay_measureSet), (24 bytes).
    Removing bsp_esp8266.o(i.ESP8266_BuildAP), (72 bytes).
    Removing bsp_esp8266.o(i.ESP8266_Get_IdLinkStatus), (232 bytes).
    Removing bsp_esp8266.o(i.ESP8266_Inquire_ApIp), (108 bytes).
    Removing bsp_esp8266.o(i.ESP8266_ReceiveString), (100 bytes).
    Removing bsp_esp8266.o(i.ESP8266_SendString), (160 bytes).
    Removing bsp_esp8266.o(i.ESP8266_StartOrShutServer), (144 bytes).
    Removing bsp_led.o(i.HCSR04_Init), (20 bytes).
    Removing bsp_led.o(i.HC_SR04_GPIO_Config), (44 bytes).
    Removing bsp_led.o(i.RELAY_GPIO_Config), (144 bytes).
    Removing bsp_led.o(i.RELAY_Init), (44 bytes).
    Removing max30102.o(i.max30102_FIFO_ReadWords), (168 bytes).
    Removing max30102.o(i.maxim_max30102_read_fifo), (124 bytes).
    Removing max30102.o(i.maxim_max30102_read_reg), (18 bytes).
    Removing max30102.o(i.maxim_max30102_write_reg), (18 bytes).
    Removing myiic.o(i.IIC_ReadBytes), (96 bytes).
    Removing myiic.o(i.IIC_Read_One_Byte), (62 bytes).
    Removing myiic.o(i.IIC_WriteBytes), (62 bytes).
    Removing myiic.o(i.IIC_Write_One_Byte), (56 bytes).
    Removing maxiic.o(i.MAXIIC_Ack), (80 bytes).
    Removing maxiic.o(i.MAXIIC_Init), (64 bytes).
    Removing maxiic.o(i.MAXIIC_NAck), (80 bytes).
    Removing maxiic.o(i.MAXIIC_Read_Byte), (112 bytes).
    Removing maxiic.o(i.MAXIIC_Send_Byte), (104 bytes).
    Removing maxiic.o(i.MAXIIC_Start), (76 bytes).
    Removing maxiic.o(i.MAXIIC_Stop), (76 bytes).
    Removing maxiic.o(i.MAXIIC_Wait_Ack), (100 bytes).
    Removing max30205.o(i.GetTemperature), (48 bytes).
    Removing max30205.o(i.I2CreadByte), (46 bytes).
    Removing max30205.o(i.I2CreadBytes), (40 bytes).
    Removing max30205.o(i.I2CwriteByte), (32 bytes).
    Removing max30205.o(i.I2Cwriteaddr), (32 bytes).
    Removing max30205.o(i.Read_max16), (64 bytes).
    Removing max30205.o(i.max_init), (18 bytes).
    Removing mqttconnectclient.o(i.MQTTDeserialize_connack), (118 bytes).
    Removing mqttconnectclient.o(i.MQTTSerialize_connect), (360 bytes).
    Removing mqttconnectclient.o(i.MQTTSerialize_connectLength), (118 bytes).
    Removing mqttconnectclient.o(i.MQTTSerialize_disconnect), (18 bytes).
    Removing mqttconnectclient.o(i.MQTTSerialize_opt), (42 bytes).
    Removing mqttconnectclient.o(i.MQTTSerialize_pingreq), (18 bytes).
    Removing mqttconnectclient.o(i.MQTTSerialize_zero), (76 bytes).
    Removing mqttconnectclient.o(.bss), (88 bytes).
    Removing mqttdeserializepublish.o(i.MQTTDeserialize_ack), (108 bytes).
    Removing mqttdeserializepublish.o(i.MQTTDeserialize_publish), (168 bytes).
    Removing mqttformat.o(i.MQTTPacket_getName), (16 bytes).
    Removing mqttformat.o(i.MQTTStringFormat_ack), (100 bytes).
    Removing mqttformat.o(i.MQTTStringFormat_connack), (72 bytes).
    Removing mqttformat.o(i.MQTTStringFormat_connect), (192 bytes).
    Removing mqttformat.o(i.MQTTStringFormat_publish), (84 bytes).
    Removing mqttformat.o(i.MQTTStringFormat_suback), (84 bytes).
    Removing mqttformat.o(i.MQTTStringFormat_subscribe), (120 bytes).
    Removing mqttformat.o(i.MQTTStringFormat_unsubscribe), (104 bytes).
    Removing mqttformat.o(.conststring), (383 bytes).
    Removing mqttformat.o(.data), (60 bytes).
    Removing mqttpacket.o(i.MQTTPacket_decode), (88 bytes).
    Removing mqttpacket.o(i.MQTTPacket_decodeBuf), (28 bytes).
    Removing mqttpacket.o(i.MQTTPacket_decodenb), (104 bytes).
    Removing mqttpacket.o(i.MQTTPacket_encode), (54 bytes).
    Removing mqttpacket.o(i.MQTTPacket_equals), (66 bytes).
    Removing mqttpacket.o(i.MQTTPacket_len), (40 bytes).
    Removing mqttpacket.o(i.MQTTPacket_read), (102 bytes).
    Removing mqttpacket.o(i.MQTTPacket_readnb), (204 bytes).
    Removing mqttpacket.o(i.MQTTstrlen), (24 bytes).
    Removing mqttpacket.o(i.bufchar), (40 bytes).
    Removing mqttpacket.o(i.getLenStringLen), (18 bytes).
    Removing mqttpacket.o(i.readChar), (14 bytes).
    Removing mqttpacket.o(i.readInt), (26 bytes).
    Removing mqttpacket.o(i.readMQTTLenString), (58 bytes).
    Removing mqttpacket.o(i.writeCString), (40 bytes).
    Removing mqttpacket.o(i.writeChar), (12 bytes).
    Removing mqttpacket.o(i.writeInt), (48 bytes).
    Removing mqttpacket.o(i.writeMQTTString), (62 bytes).
    Removing mqttpacket.o(.data), (4 bytes).
    Removing mqttserializepublish.o(i.MQTTSerialize_ack), (114 bytes).
    Removing mqttserializepublish.o(i.MQTTSerialize_puback), (24 bytes).
    Removing mqttserializepublish.o(i.MQTTSerialize_pubcomp), (24 bytes).
    Removing mqttserializepublish.o(i.MQTTSerialize_publish), (176 bytes).
    Removing mqttserializepublish.o(i.MQTTSerialize_publishLength), (34 bytes).
    Removing mqttserializepublish.o(i.MQTTSerialize_pubrel), (26 bytes).
    Removing mqttsubscribeclient.o(i.MQTTDeserialize_suback), (146 bytes).
    Removing mqttsubscribeclient.o(i.MQTTSerialize_subscribe), (176 bytes).
    Removing mqttsubscribeclient.o(i.MQTTSerialize_subscribeLength), (46 bytes).
    Removing mqttunsubscribeclient.o(i.MQTTDeserialize_unsuback), (46 bytes).
    Removing mqttunsubscribeclient.o(i.MQTTSerialize_unsubscribe), (166 bytes).
    Removing mqttunsubscribeclient.o(i.MQTTSerialize_unsubscribeLength), (46 bytes).
    Removing fmul.o(.text), (100 bytes).
    Removing fdiv.o(.text), (124 bytes).
    Removing dmul.o(.text), (228 bytes).
    Removing ffltui.o(.text), (10 bytes).
    Removing dflti.o(.text), (34 bytes).
    Removing ffixi.o(.text), (50 bytes).
    Removing fepilogue.o(.text), (110 bytes).
    Removing depilogue.o(.text), (186 bytes).
    Removing dadd.o(.text), (334 bytes).
    Removing ddiv.o(.text), (222 bytes).
    Removing dfixul.o(.text), (48 bytes).
    Removing cdrcmple.o(.text), (48 bytes).

562 unused section(s) (total 28101 bytes) removed from the image.

==============================================================================

Image Symbol Table

    Local Symbols

    Symbol Name                              Value     Ov Type        Size  Object(Section)

    ../clib/microlib/division.c              0x00000000   Number         0  uldiv.o ABSOLUTE
    ../clib/microlib/division.c              0x00000000   Number         0  uidiv.o ABSOLUTE
    ../clib/microlib/init/entry.s            0x00000000   Number         0  entry7a.o ABSOLUTE
    ../clib/microlib/init/entry.s            0x00000000   Number         0  entry9b.o ABSOLUTE
    ../clib/microlib/init/entry.s            0x00000000   Number         0  entry10a.o ABSOLUTE
    ../clib/microlib/init/entry.s            0x00000000   Number         0  entry11b.o ABSOLUTE
    ../clib/microlib/init/entry.s            0x00000000   Number         0  entry11a.o ABSOLUTE
    ../clib/microlib/init/entry.s            0x00000000   Number         0  entry10b.o ABSOLUTE
    ../clib/microlib/init/entry.s            0x00000000   Number         0  entry2.o ABSOLUTE
    ../clib/microlib/init/entry.s            0x00000000   Number         0  entry.o ABSOLUTE
    ../clib/microlib/init/entry.s            0x00000000   Number         0  entry9a.o ABSOLUTE
    ../clib/microlib/init/entry.s            0x00000000   Number         0  entry8a.o ABSOLUTE
    ../clib/microlib/init/entry.s            0x00000000   Number         0  entry7b.o ABSOLUTE
    ../clib/microlib/init/entry.s            0x00000000   Number         0  entry5.o ABSOLUTE
    ../clib/microlib/init/entry.s            0x00000000   Number         0  entry8b.o ABSOLUTE
    ../clib/microlib/longlong.c              0x00000000   Number         0  llshl.o ABSOLUTE
    ../clib/microlib/longlong.c              0x00000000   Number         0  llushr.o ABSOLUTE
    ../clib/microlib/longlong.c              0x00000000   Number         0  llsshr.o ABSOLUTE
    ../clib/microlib/printf/printf.c         0x00000000   Number         0  printf4.o ABSOLUTE
    ../clib/microlib/printf/printf.c         0x00000000   Number         0  printf6.o ABSOLUTE
    ../clib/microlib/printf/printf.c         0x00000000   Number         0  printf5.o ABSOLUTE
    ../clib/microlib/printf/printf.c         0x00000000   Number         0  printf7.o ABSOLUTE
    ../clib/microlib/printf/printf.c         0x00000000   Number         0  printfb.o ABSOLUTE
    ../clib/microlib/printf/printf.c         0x00000000   Number         0  printf0.o ABSOLUTE
    ../clib/microlib/printf/printf.c         0x00000000   Number         0  printf1.o ABSOLUTE
    ../clib/microlib/printf/printf.c         0x00000000   Number         0  printf2.o ABSOLUTE
    ../clib/microlib/printf/printf.c         0x00000000   Number         0  printf3.o ABSOLUTE
    ../clib/microlib/printf/printf.c         0x00000000   Number         0  printfa.o ABSOLUTE
    ../clib/microlib/printf/printf.c         0x00000000   Number         0  printf8.o ABSOLUTE
    ../clib/microlib/printf/stubs.s          0x00000000   Number         0  stubs.o ABSOLUTE
    ../clib/microlib/stdio/streams.c         0x00000000   Number         0  stdout.o ABSOLUTE
    ../clib/microlib/string/memcpy.c         0x00000000   Number         0  memcpyb.o ABSOLUTE
    ../clib/microlib/string/memcpy.c         0x00000000   Number         0  memcpya.o ABSOLUTE
    ../clib/microlib/string/memset.c         0x00000000   Number         0  memseta.o ABSOLUTE
    ../clib/microlib/string/strlen.c         0x00000000   Number         0  strlen.o ABSOLUTE
    ../clib/microlib/string/strncmp.c        0x00000000   Number         0  strncmp.o ABSOLUTE
    ../clib/microlib/string/strstr.c         0x00000000   Number         0  strstr.o ABSOLUTE
    ../clib/microlib/stubs.s                 0x00000000   Number         0  iusefp.o ABSOLUTE
    ../fplib/microlib/fpadd.c                0x00000000   Number         0  dadd.o ABSOLUTE
    ../fplib/microlib/fpdiv.c                0x00000000   Number         0  fdiv.o ABSOLUTE
    ../fplib/microlib/fpdiv.c                0x00000000   Number         0  ddiv.o ABSOLUTE
    ../fplib/microlib/fpepilogue.c           0x00000000   Number         0  fepilogue.o ABSOLUTE
    ../fplib/microlib/fpepilogue.c           0x00000000   Number         0  depilogue.o ABSOLUTE
    ../fplib/microlib/fpfix.c                0x00000000   Number         0  ffixi.o ABSOLUTE
    ../fplib/microlib/fpfix.c                0x00000000   Number         0  dfixul.o ABSOLUTE
    ../fplib/microlib/fpflt.c                0x00000000   Number         0  dflti.o ABSOLUTE
    ../fplib/microlib/fpflt.c                0x00000000   Number         0  ffltui.o ABSOLUTE
    ../fplib/microlib/fpmul.c                0x00000000   Number         0  fmul.o ABSOLUTE
    ../fplib/microlib/fpmul.c                0x00000000   Number         0  dmul.o ABSOLUTE
    ..\..\Libraries\CMSIS\core_cm3.c         0x00000000   Number         0  core_cm3.o ABSOLUTE
    ..\..\Libraries\CMSIS\startup\startup_stm32f10x_hd.s 0x00000000   Number         0  startup_stm32f10x_hd.o ABSOLUTE
    ..\..\Libraries\CMSIS\system_stm32f10x.c 0x00000000   Number         0  system_stm32f10x.o ABSOLUTE
    ..\..\Libraries\FWlib\src\misc.c         0x00000000   Number         0  misc.o ABSOLUTE
    ..\..\Libraries\FWlib\src\stm32f10x_adc.c 0x00000000   Number         0  stm32f10x_adc.o ABSOLUTE
    ..\..\Libraries\FWlib\src\stm32f10x_bkp.c 0x00000000   Number         0  stm32f10x_bkp.o ABSOLUTE
    ..\..\Libraries\FWlib\src\stm32f10x_can.c 0x00000000   Number         0  stm32f10x_can.o ABSOLUTE
    ..\..\Libraries\FWlib\src\stm32f10x_cec.c 0x00000000   Number         0  stm32f10x_cec.o ABSOLUTE
    ..\..\Libraries\FWlib\src\stm32f10x_crc.c 0x00000000   Number         0  stm32f10x_crc.o ABSOLUTE
    ..\..\Libraries\FWlib\src\stm32f10x_dac.c 0x00000000   Number         0  stm32f10x_dac.o ABSOLUTE
    ..\..\Libraries\FWlib\src\stm32f10x_dbgmcu.c 0x00000000   Number         0  stm32f10x_dbgmcu.o ABSOLUTE
    ..\..\Libraries\FWlib\src\stm32f10x_dma.c 0x00000000   Number         0  stm32f10x_dma.o ABSOLUTE
    ..\..\Libraries\FWlib\src\stm32f10x_exti.c 0x00000000   Number         0  stm32f10x_exti.o ABSOLUTE
    ..\..\Libraries\FWlib\src\stm32f10x_flash.c 0x00000000   Number         0  stm32f10x_flash.o ABSOLUTE
    ..\..\Libraries\FWlib\src\stm32f10x_fsmc.c 0x00000000   Number         0  stm32f10x_fsmc.o ABSOLUTE
    ..\..\Libraries\FWlib\src\stm32f10x_gpio.c 0x00000000   Number         0  stm32f10x_gpio.o ABSOLUTE
    ..\..\Libraries\FWlib\src\stm32f10x_i2c.c 0x00000000   Number         0  stm32f10x_i2c.o ABSOLUTE
    ..\..\Libraries\FWlib\src\stm32f10x_iwdg.c 0x00000000   Number         0  stm32f10x_iwdg.o ABSOLUTE
    ..\..\Libraries\FWlib\src\stm32f10x_pwr.c 0x00000000   Number         0  stm32f10x_pwr.o ABSOLUTE
    ..\..\Libraries\FWlib\src\stm32f10x_rcc.c 0x00000000   Number         0  stm32f10x_rcc.o ABSOLUTE
    ..\..\Libraries\FWlib\src\stm32f10x_rtc.c 0x00000000   Number         0  stm32f10x_rtc.o ABSOLUTE
    ..\..\Libraries\FWlib\src\stm32f10x_sdio.c 0x00000000   Number         0  stm32f10x_sdio.o ABSOLUTE
    ..\..\Libraries\FWlib\src\stm32f10x_spi.c 0x00000000   Number         0  stm32f10x_spi.o ABSOLUTE
    ..\..\Libraries\FWlib\src\stm32f10x_tim.c 0x00000000   Number         0  stm32f10x_tim.o ABSOLUTE
    ..\..\Libraries\FWlib\src\stm32f10x_usart.c 0x00000000   Number         0  stm32f10x_usart.o ABSOLUTE
    ..\..\Libraries\FWlib\src\stm32f10x_wwdg.c 0x00000000   Number         0  stm32f10x_wwdg.o ABSOLUTE
    ..\..\User\Common\Common.c               0x00000000   Number         0  common.o ABSOLUTE
    ..\..\User\ESP8266\bsp_esp8266.c         0x00000000   Number         0  bsp_esp8266.o ABSOLUTE
    ..\..\User\Led\bsp_led.c                 0x00000000   Number         0  bsp_led.o ABSOLUTE
    ..\..\User\MQTT\MQTTPacket\src\MQTTConnectClient.c 0x00000000   Number         0  mqttconnectclient.o ABSOLUTE
    ..\..\User\MQTT\MQTTPacket\src\MQTTDeserializePublish.c 0x00000000   Number         0  mqttdeserializepublish.o ABSOLUTE
    ..\..\User\MQTT\MQTTPacket\src\MQTTFormat.c 0x00000000   Number         0  mqttformat.o ABSOLUTE
    ..\..\User\MQTT\MQTTPacket\src\MQTTPacket.c 0x00000000   Number         0  mqttpacket.o ABSOLUTE
    ..\..\User\MQTT\MQTTPacket\src\MQTTSerializePublish.c 0x00000000   Number         0  mqttserializepublish.o ABSOLUTE
    ..\..\User\MQTT\MQTTPacket\src\MQTTSubscribeClient.c 0x00000000   Number         0  mqttsubscribeclient.o ABSOLUTE
    ..\..\User\MQTT\MQTTPacket\src\MQTTUnsubscribeClient.c 0x00000000   Number         0  mqttunsubscribeclient.o ABSOLUTE
    ..\..\User\Max30102\algorithm.c          0x00000000   Number         0  algorithm.o ABSOLUTE
    ..\..\User\Max30102\max30102.c           0x00000000   Number         0  max30102.o ABSOLUTE
    ..\..\User\Max30102\myiic.c              0x00000000   Number         0  myiic.o ABSOLUTE
    ..\..\User\Max30205\max30205.c           0x00000000   Number         0  max30205.o ABSOLUTE
    ..\..\User\Max30205\maxiic.c             0x00000000   Number         0  maxiic.o ABSOLUTE
    ..\..\User\SysTick\bsp_SysTick.c         0x00000000   Number         0  bsp_systick.o ABSOLUTE
    ..\..\User\dwt_delay\core_delay.c        0x00000000   Number         0  core_delay.o ABSOLUTE
    ..\..\User\main.c                        0x00000000   Number         0  main.o ABSOLUTE
    ..\..\User\stm32f10x_it.c                0x00000000   Number         0  stm32f10x_it.o ABSOLUTE
    ..\..\User\usart\bsp_usart.c             0x00000000   Number         0  bsp_usart.o ABSOLUTE
    ..\\..\\Libraries\\CMSIS\\core_cm3.c     0x00000000   Number         0  core_cm3.o ABSOLUTE
    cdrcmple.s                               0x00000000   Number         0  cdrcmple.o ABSOLUTE
    dc.s                                     0x00000000   Number         0  dc.o ABSOLUTE
    handlers.s                               0x00000000   Number         0  handlers.o ABSOLUTE
    init.s                                   0x00000000   Number         0  init.o ABSOLUTE
    RESET                                    0x08000000   Section      304  startup_stm32f10x_hd.o(RESET)
    .ARM.Collect$$$$00000000                 0x08000130   Section        0  entry.o(.ARM.Collect$$$$00000000)
    .ARM.Collect$$$$00000001                 0x08000130   Section        4  entry2.o(.ARM.Collect$$$$00000001)
    .ARM.Collect$$$$00000004                 0x08000134   Section        4  entry5.o(.ARM.Collect$$$$00000004)
    .ARM.Collect$$$$00000008                 0x08000138   Section        0  entry7b.o(.ARM.Collect$$$$00000008)
    .ARM.Collect$$$$0000000A                 0x08000138   Section        0  entry8b.o(.ARM.Collect$$$$0000000A)
    .ARM.Collect$$$$0000000B                 0x08000138   Section        8  entry9a.o(.ARM.Collect$$$$0000000B)
    .ARM.Collect$$$$0000000D                 0x08000140   Section        0  entry10a.o(.ARM.Collect$$$$0000000D)
    .ARM.Collect$$$$0000000F                 0x08000140   Section        0  entry11a.o(.ARM.Collect$$$$0000000F)
    .ARM.Collect$$$$00002712                 0x08000140   Section        4  entry2.o(.ARM.Collect$$$$00002712)
    __lit__00000000                          0x08000140   Data           4  entry2.o(.ARM.Collect$$$$00002712)
    .text                                    0x08000144   Section       36  startup_stm32f10x_hd.o(.text)
    .text                                    0x08000168   Section        0  memseta.o(.text)
    .text                                    0x0800018c   Section        0  strstr.o(.text)
    .text                                    0x080001b0   Section        0  uidiv.o(.text)
    .text                                    0x080001dc   Section       36  init.o(.text)
    i.BusFault_Handler                       0x08000200   Section        0  stm32f10x_it.o(i.BusFault_Handler)
    i.CPU_TS_TmrInit                         0x08000204   Section        0  core_delay.o(i.CPU_TS_TmrInit)
    i.CPU_TS_TmrRd                           0x0800022c   Section        0  core_delay.o(i.CPU_TS_TmrRd)
    i.CPU_TS_Tmr_Delay_US                    0x08000238   Section        0  core_delay.o(i.CPU_TS_Tmr_Delay_US)
    i.DebugMon_Handler                       0x0800028c   Section        0  stm32f10x_it.o(i.DebugMon_Handler)
    i.Delay_ms                               0x0800028e   Section        0  bsp_esp8266.o(i.Delay_ms)
    i.Delay_us                               0x080002a0   Section        0  bsp_systick.o(i.Delay_us)
    i.ESP8266_AT_Test                        0x080002c8   Section        0  bsp_esp8266.o(i.ESP8266_AT_Test)
    i.ESP8266_Cmd                            0x08000310   Section        0  bsp_esp8266.o(i.ESP8266_Cmd)
    i.ESP8266_Enable_MultipleId              0x080003e8   Section        0  bsp_esp8266.o(i.ESP8266_Enable_MultipleId)
    i.ESP8266_ExitUnvarnishSend              0x08000428   Section        0  bsp_esp8266.o(i.ESP8266_ExitUnvarnishSend)
    i.ESP8266_GPIO_Config                    0x0800044c   Section        0  bsp_esp8266.o(i.ESP8266_GPIO_Config)
    ESP8266_GPIO_Config                      0x0800044d   Thumb Code    64  bsp_esp8266.o(i.ESP8266_GPIO_Config)
    i.ESP8266_Get_LinkStatus                 0x08000490   Section        0  bsp_esp8266.o(i.ESP8266_Get_LinkStatus)
    i.ESP8266_Init                           0x0800050c   Section        0  bsp_esp8266.o(i.ESP8266_Init)
    i.ESP8266_JoinAP                         0x08000530   Section        0  bsp_esp8266.o(i.ESP8266_JoinAP)
    i.ESP8266_Link_Server                    0x08000570   Section        0  bsp_esp8266.o(i.ESP8266_Link_Server)
    i.ESP8266_Net_Mode_Choose                0x08000630   Section        0  bsp_esp8266.o(i.ESP8266_Net_Mode_Choose)
    i.ESP8266_Rst                            0x080006a8   Section        0  bsp_esp8266.o(i.ESP8266_Rst)
    i.ESP8266_StaTcpClient_UnvarnishTest     0x080006cc   Section        0  bsp_esp8266.o(i.ESP8266_StaTcpClient_UnvarnishTest)
    i.ESP8266_StaTcpClient_startUnvarnishTest 0x08000870   Section        0  bsp_esp8266.o(i.ESP8266_StaTcpClient_startUnvarnishTest)
    i.ESP8266_USART_Config                   0x0800094c   Section        0  bsp_esp8266.o(i.ESP8266_USART_Config)
    ESP8266_USART_Config                     0x0800094d   Thumb Code   148  bsp_esp8266.o(i.ESP8266_USART_Config)
    i.ESP8266_USART_NVIC_Configuration       0x080009e8   Section        0  bsp_esp8266.o(i.ESP8266_USART_NVIC_Configuration)
    ESP8266_USART_NVIC_Configuration         0x080009e9   Thumb Code    40  bsp_esp8266.o(i.ESP8266_USART_NVIC_Configuration)
    i.ESP8266_UnvarnishSend                  0x08000a10   Section        0  bsp_esp8266.o(i.ESP8266_UnvarnishSend)
    i.EXTI0_IRQHandler                       0x08000a5c   Section        0  stm32f10x_it.o(i.EXTI0_IRQHandler)
    i.EXTI_ClearITPendingBit                 0x08000a70   Section        0  stm32f10x_exti.o(i.EXTI_ClearITPendingBit)
    i.EXTI_GetITStatus                       0x08000a7c   Section        0  stm32f10x_exti.o(i.EXTI_GetITStatus)
    i.Esp8266_Revdata_Analysis               0x08000aa4   Section        0  bsp_esp8266.o(i.Esp8266_Revdata_Analysis)
    i.GPIO_Init                              0x08000bec   Section        0  stm32f10x_gpio.o(i.GPIO_Init)
    i.GPIO_ReadOutputDataBit                 0x08000d02   Section        0  stm32f10x_gpio.o(i.GPIO_ReadOutputDataBit)
    i.GPIO_ResetBits                         0x08000d14   Section        0  stm32f10x_gpio.o(i.GPIO_ResetBits)
    i.GPIO_SetBits                           0x08000d18   Section        0  stm32f10x_gpio.o(i.GPIO_SetBits)
    i.HardFault_Handler                      0x08000d1c   Section        0  stm32f10x_it.o(i.HardFault_Handler)
    i.IIC_Ack                                0x08000d20   Section        0  myiic.o(i.IIC_Ack)
    i.IIC_Init                               0x08000d70   Section        0  myiic.o(i.IIC_Init)
    i.IIC_NAck                               0x08000db0   Section        0  myiic.o(i.IIC_NAck)
    i.IIC_Read_Byte                          0x08000e00   Section        0  myiic.o(i.IIC_Read_Byte)
    i.IIC_Send_Byte                          0x08000e70   Section        0  myiic.o(i.IIC_Send_Byte)
    i.IIC_Start                              0x08000ed8   Section        0  myiic.o(i.IIC_Start)
    i.IIC_Stop                               0x08000f24   Section        0  myiic.o(i.IIC_Stop)
    i.IIC_Wait_Ack                           0x08000f70   Section        0  myiic.o(i.IIC_Wait_Ack)
    i.LED_GPIO_Config                        0x08000fd4   Section        0  bsp_led.o(i.LED_GPIO_Config)
    LED_GPIO_Config                          0x08000fd5   Thumb Code    38  bsp_led.o(i.LED_GPIO_Config)
    i.LED_Init                               0x08001000   Section        0  bsp_led.o(i.LED_Init)
    i.MemManage_Handler                      0x08001014   Section        0  stm32f10x_it.o(i.MemManage_Handler)
    i.NMI_Handler                            0x08001018   Section        0  stm32f10x_it.o(i.NMI_Handler)
    i.NVIC_Configuration                     0x0800101a   Section        0  bsp_usart.o(i.NVIC_Configuration)
    NVIC_Configuration                       0x0800101b   Thumb Code    38  bsp_usart.o(i.NVIC_Configuration)
    i.NVIC_Init                              0x08001040   Section        0  misc.o(i.NVIC_Init)
    i.NVIC_PriorityGroupConfig               0x080010b0   Section        0  misc.o(i.NVIC_PriorityGroupConfig)
    i.Opt_Init                               0x080010c4   Section        0  main.o(i.Opt_Init)
    i.PendSV_Handler                         0x080010dc   Section        0  stm32f10x_it.o(i.PendSV_Handler)
    i.RCC_APB1PeriphClockCmd                 0x080010e0   Section        0  stm32f10x_rcc.o(i.RCC_APB1PeriphClockCmd)
    i.RCC_APB2PeriphClockCmd                 0x08001100   Section        0  stm32f10x_rcc.o(i.RCC_APB2PeriphClockCmd)
    i.RCC_GetClocksFreq                      0x08001120   Section        0  stm32f10x_rcc.o(i.RCC_GetClocksFreq)
    i.Red_ir_init                            0x080011f4   Section        0  main.o(i.Red_ir_init)
    i.SVC_Handler                            0x080012ec   Section        0  stm32f10x_it.o(i.SVC_Handler)
    i.Send_Data2Server                       0x080012f0   Section        0  main.o(i.Send_Data2Server)
    i.SetSysClock                            0x08001354   Section        0  system_stm32f10x.o(i.SetSysClock)
    SetSysClock                              0x08001355   Thumb Code     8  system_stm32f10x.o(i.SetSysClock)
    i.SetSysClockTo72                        0x0800135c   Section        0  system_stm32f10x.o(i.SetSysClockTo72)
    SetSysClockTo72                          0x0800135d   Thumb Code   214  system_stm32f10x.o(i.SetSysClockTo72)
    i.SysTick_Handler                        0x0800143c   Section        0  stm32f10x_it.o(i.SysTick_Handler)
    i.SysTick_Init                           0x08001444   Section        0  bsp_systick.o(i.SysTick_Init)
    i.SystemInit                             0x080014c0   Section        0  system_stm32f10x.o(i.SystemInit)
    i.TimingDelay_Decrement                  0x08001520   Section        0  bsp_systick.o(i.TimingDelay_Decrement)
    i.Toggle_Led                             0x08001538   Section        0  main.o(i.Toggle_Led)
    i.USART1_IRQHandler                      0x08001578   Section        0  stm32f10x_it.o(i.USART1_IRQHandler)
    i.USART2_IRQHandler                      0x080015f4   Section        0  stm32f10x_it.o(i.USART2_IRQHandler)
    i.USART3_IRQHandler                      0x08001608   Section        0  stm32f10x_it.o(i.USART3_IRQHandler)
    i.USART_Cmd                              0x080016a8   Section        0  stm32f10x_usart.o(i.USART_Cmd)
    i.USART_Config                           0x080016c0   Section        0  bsp_usart.o(i.USART_Config)
    i.USART_GetFlagStatus                    0x0800175c   Section        0  stm32f10x_usart.o(i.USART_GetFlagStatus)
    i.USART_GetITStatus                      0x08001776   Section        0  stm32f10x_usart.o(i.USART_GetITStatus)
    i.USART_ITConfig                         0x080017ca   Section        0  stm32f10x_usart.o(i.USART_ITConfig)
    i.USART_Init                             0x08001814   Section        0  stm32f10x_usart.o(i.USART_Init)
    i.USART_ReceiveData                      0x080018ec   Section        0  stm32f10x_usart.o(i.USART_ReceiveData)
    i.USART_SendData                         0x080018f6   Section        0  stm32f10x_usart.o(i.USART_SendData)
    i.USART_printf                           0x080018fe   Section        0  common.o(i.USART_printf)
    i.UsageFault_Handler                     0x08001a04   Section        0  stm32f10x_it.o(i.UsageFault_Handler)
    i.__0printf$6                            0x08001a08   Section        0  printf6.o(i.__0printf$6)
    i.__0sprintf$6                           0x08001a28   Section        0  printf6.o(i.__0sprintf$6)
    i.__scatterload_copy                     0x08001a50   Section       14  handlers.o(i.__scatterload_copy)
    i.__scatterload_null                     0x08001a5e   Section        2  handlers.o(i.__scatterload_null)
    i.__scatterload_zeroinit                 0x08001a60   Section       14  handlers.o(i.__scatterload_zeroinit)
    i._printf_core                           0x08001a70   Section        0  printf6.o(i._printf_core)
    _printf_core                             0x08001a71   Thumb Code   748  printf6.o(i._printf_core)
    i._printf_post_padding                   0x08001d60   Section        0  printf6.o(i._printf_post_padding)
    _printf_post_padding                     0x08001d61   Thumb Code    36  printf6.o(i._printf_post_padding)
    i._printf_pre_padding                    0x08001d84   Section        0  printf6.o(i._printf_pre_padding)
    _printf_pre_padding                      0x08001d85   Thumb Code    46  printf6.o(i._printf_pre_padding)
    i._sputc                                 0x08001db2   Section        0  printf6.o(i._sputc)
    _sputc                                   0x08001db3   Thumb Code    10  printf6.o(i._sputc)
    i.fputc                                  0x08001dbc   Section        0  bsp_usart.o(i.fputc)
    i.itoa                                   0x08001de0   Section        0  common.o(i.itoa)
    itoa                                     0x08001de1   Thumb Code    98  common.o(i.itoa)
    i.main                                   0x08001e42   Section        0  main.o(i.main)
    i.max30102_Bus_Read                      0x08001e7a   Section        0  max30102.o(i.max30102_Bus_Read)
    i.max30102_Bus_Write                     0x08001ecc   Section        0  max30102.o(i.max30102_Bus_Write)
    i.max30102_FIFO_ReadBytes                0x08001f10   Section        0  max30102.o(i.max30102_FIFO_ReadBytes)
    i.max30102_init                          0x08001f90   Section        0  max30102.o(i.max30102_init)
    i.max30102_reset                         0x08002018   Section        0  max30102.o(i.max30102_reset)
    i.maxim_find_peaks                       0x0800202c   Section        0  algorithm.o(i.maxim_find_peaks)
    i.maxim_heart_rate_and_oxygen_saturation 0x08002070   Section        0  algorithm.o(i.maxim_heart_rate_and_oxygen_saturation)
    i.maxim_peaks_above_min_height           0x08002570   Section        0  algorithm.o(i.maxim_peaks_above_min_height)
    i.maxim_remove_close_peaks               0x080025ea   Section        0  algorithm.o(i.maxim_remove_close_peaks)
    i.maxim_sort_ascend                      0x0800265c   Section        0  algorithm.o(i.maxim_sort_ascend)
    i.maxim_sort_indices_descend             0x08002692   Section        0  algorithm.o(i.maxim_sort_indices_descend)
    .constdata                               0x080026d2   Section      246  algorithm.o(.constdata)
    .data                                    0x20000000   Section       20  system_stm32f10x.o(.data)
    .data                                    0x20000014   Section       20  stm32f10x_rcc.o(.data)
    APBAHBPrescTable                         0x20000014   Data          16  stm32f10x_rcc.o(.data)
    ADCPrescTable                            0x20000024   Data           4  stm32f10x_rcc.o(.data)
    .data                                    0x20000028   Section       63  main.o(.data)
    Cnt                                      0x20000064   Data           1  main.o(.data)
    Cnt                                      0x20000065   Data           1  main.o(.data)
    Cnt                                      0x20000066   Data           1  main.o(.data)
    .data                                    0x20000068   Section       12  bsp_systick.o(.data)
    TimingDelay                              0x20000068   Data           4  bsp_systick.o(.data)
    .data                                    0x20000074   Section        9  bsp_esp8266.o(.data)
    p1                                       0x20000078   Data           4  bsp_esp8266.o(.data)
    ucStatus                                 0x2000007c   Data           1  bsp_esp8266.o(.data)
    .data                                    0x20000080   Section        4  stdout.o(.data)
    .bss                                     0x20000084   Section     4100  main.o(.bss)
    .bss                                     0x20001088   Section     2052  bsp_esp8266.o(.bss)
    .bss                                     0x2000188c   Section     5984  algorithm.o(.bss)
    an_dx                                    0x2000188c   Data        1984  algorithm.o(.bss)
    an_x                                     0x2000204c   Data        2000  algorithm.o(.bss)
    an_y                                     0x2000281c   Data        2000  algorithm.o(.bss)
    STACK                                    0x20002ff0   Section     1024  startup_stm32f10x_hd.o(STACK)

    Global Symbols

    Symbol Name                              Value     Ov Type        Size  Object(Section)

    BuildAttributes$$THM_ISAv4$P$D$K$B$S$PE$A:L22UL41UL21$X:L11$S22US41US21$IEEE1$IW$USESV6$~STKCKD$USESV7$~SHL$OTIME$ROPI$EBA8$MICROLIB$REQ8$PRES8$EABIv2 0x00000000   Number         0  anon$$obj.o ABSOLUTE
    __ARM_use_no_argv                        0x00000000   Number         0  main.o ABSOLUTE
    _printf_a                                0x00000000   Number         0  stubs.o ABSOLUTE
    _printf_c                                0x00000000   Number         0  stubs.o ABSOLUTE
    _printf_charcount                        0x00000000   Number         0  stubs.o ABSOLUTE
    _printf_d                                0x00000000   Number         0  stubs.o ABSOLUTE
    _printf_e                                0x00000000   Number         0  stubs.o ABSOLUTE
    _printf_f                                0x00000000   Number         0  stubs.o ABSOLUTE
    _printf_flags                            0x00000000   Number         0  stubs.o ABSOLUTE
    _printf_fp_dec                           0x00000000   Number         0  stubs.o ABSOLUTE
    _printf_fp_hex                           0x00000000   Number         0  stubs.o ABSOLUTE
    _printf_g                                0x00000000   Number         0  stubs.o ABSOLUTE
    _printf_i                                0x00000000   Number         0  stubs.o ABSOLUTE
    _printf_int_dec                          0x00000000   Number         0  stubs.o ABSOLUTE
    _printf_l                                0x00000000   Number         0  stubs.o ABSOLUTE
    _printf_lc                               0x00000000   Number         0  stubs.o ABSOLUTE
    _printf_ll                               0x00000000   Number         0  stubs.o ABSOLUTE
    _printf_lld                              0x00000000   Number         0  stubs.o ABSOLUTE
    _printf_lli                              0x00000000   Number         0  stubs.o ABSOLUTE
    _printf_llo                              0x00000000   Number         0  stubs.o ABSOLUTE
    _printf_llu                              0x00000000   Number         0  stubs.o ABSOLUTE
    _printf_llx                              0x00000000   Number         0  stubs.o ABSOLUTE
    _printf_longlong_dec                     0x00000000   Number         0  stubs.o ABSOLUTE
    _printf_longlong_hex                     0x00000000   Number         0  stubs.o ABSOLUTE
    _printf_longlong_oct                     0x00000000   Number         0  stubs.o ABSOLUTE
    _printf_ls                               0x00000000   Number         0  stubs.o ABSOLUTE
    _printf_mbtowc                           0x00000000   Number         0  stubs.o ABSOLUTE
    _printf_n                                0x00000000   Number         0  stubs.o ABSOLUTE
    _printf_o                                0x00000000   Number         0  stubs.o ABSOLUTE
    _printf_p                                0x00000000   Number         0  stubs.o ABSOLUTE
    _printf_percent                          0x00000000   Number         0  stubs.o ABSOLUTE
    _printf_pre_padding                      0x00000000   Number         0  stubs.o ABSOLUTE
    _printf_return_value                     0x00000000   Number         0  stubs.o ABSOLUTE
    _printf_s                                0x00000000   Number         0  stubs.o ABSOLUTE
    _printf_sizespec                         0x00000000   Number         0  stubs.o ABSOLUTE
    _printf_str                              0x00000000   Number         0  stubs.o ABSOLUTE
    _printf_truncate_signed                  0x00000000   Number         0  stubs.o ABSOLUTE
    _printf_truncate_unsigned                0x00000000   Number         0  stubs.o ABSOLUTE
    _printf_u                                0x00000000   Number         0  stubs.o ABSOLUTE
    _printf_wc                               0x00000000   Number         0  stubs.o ABSOLUTE
    _printf_wctomb                           0x00000000   Number         0  stubs.o ABSOLUTE
    _printf_widthprec                        0x00000000   Number         0  stubs.o ABSOLUTE
    _printf_x                                0x00000000   Number         0  stubs.o ABSOLUTE
    __cpp_initialize__aeabi_                  - Undefined Weak Reference
    __cxa_finalize                            - Undefined Weak Reference
    __decompress                              - Undefined Weak Reference
    _clock_init                               - Undefined Weak Reference
    _microlib_exit                            - Undefined Weak Reference
    __Vectors_Size                           0x00000130   Number         0  startup_stm32f10x_hd.o ABSOLUTE
    __Vectors                                0x08000000   Data           4  startup_stm32f10x_hd.o(RESET)
    __Vectors_End                            0x08000130   Data           0  startup_stm32f10x_hd.o(RESET)
    __main                                   0x08000131   Thumb Code     0  entry.o(.ARM.Collect$$$$00000000)
    _main_stk                                0x08000131   Thumb Code     0  entry2.o(.ARM.Collect$$$$00000001)
    _main_scatterload                        0x08000135   Thumb Code     0  entry5.o(.ARM.Collect$$$$00000004)
    __main_after_scatterload                 0x08000139   Thumb Code     0  entry5.o(.ARM.Collect$$$$00000004)
    _main_clock                              0x08000139   Thumb Code     0  entry7b.o(.ARM.Collect$$$$00000008)
    _main_cpp_init                           0x08000139   Thumb Code     0  entry8b.o(.ARM.Collect$$$$0000000A)
    _main_init                               0x08000139   Thumb Code     0  entry9a.o(.ARM.Collect$$$$0000000B)
    __rt_final_cpp                           0x08000141   Thumb Code     0  entry10a.o(.ARM.Collect$$$$0000000D)
    __rt_final_exit                          0x08000141   Thumb Code     0  entry11a.o(.ARM.Collect$$$$0000000F)
    Reset_Handler                            0x08000145   Thumb Code     8  startup_stm32f10x_hd.o(.text)
    ADC1_2_IRQHandler                        0x0800015f   Thumb Code     0  startup_stm32f10x_hd.o(.text)
    ADC3_IRQHandler                          0x0800015f   Thumb Code     0  startup_stm32f10x_hd.o(.text)
    CAN1_RX1_IRQHandler                      0x0800015f   Thumb Code     0  startup_stm32f10x_hd.o(.text)
    CAN1_SCE_IRQHandler                      0x0800015f   Thumb Code     0  startup_stm32f10x_hd.o(.text)
    DMA1_Channel1_IRQHandler                 0x0800015f   Thumb Code     0  startup_stm32f10x_hd.o(.text)
    DMA1_Channel2_IRQHandler                 0x0800015f   Thumb Code     0  startup_stm32f10x_hd.o(.text)
    DMA1_Channel3_IRQHandler                 0x0800015f   Thumb Code     0  startup_stm32f10x_hd.o(.text)
    DMA1_Channel4_IRQHandler                 0x0800015f   Thumb Code     0  startup_stm32f10x_hd.o(.text)
    DMA1_Channel5_IRQHandler                 0x0800015f   Thumb Code     0  startup_stm32f10x_hd.o(.text)
    DMA1_Channel6_IRQHandler                 0x0800015f   Thumb Code     0  startup_stm32f10x_hd.o(.text)
    DMA1_Channel7_IRQHandler                 0x0800015f   Thumb Code     0  startup_stm32f10x_hd.o(.text)
    DMA2_Channel1_IRQHandler                 0x0800015f   Thumb Code     0  startup_stm32f10x_hd.o(.text)
    DMA2_Channel2_IRQHandler                 0x0800015f   Thumb Code     0  startup_stm32f10x_hd.o(.text)
    DMA2_Channel3_IRQHandler                 0x0800015f   Thumb Code     0  startup_stm32f10x_hd.o(.text)
    DMA2_Channel4_5_IRQHandler               0x0800015f   Thumb Code     0  startup_stm32f10x_hd.o(.text)
    EXTI15_10_IRQHandler                     0x0800015f   Thumb Code     0  startup_stm32f10x_hd.o(.text)
    EXTI1_IRQHandler                         0x0800015f   Thumb Code     0  startup_stm32f10x_hd.o(.text)
    EXTI2_IRQHandler                         0x0800015f   Thumb Code     0  startup_stm32f10x_hd.o(.text)
    EXTI3_IRQHandler                         0x0800015f   Thumb Code     0  startup_stm32f10x_hd.o(.text)
    EXTI4_IRQHandler                         0x0800015f   Thumb Code     0  startup_stm32f10x_hd.o(.text)
    EXTI9_5_IRQHandler                       0x0800015f   Thumb Code     0  startup_stm32f10x_hd.o(.text)
    FLASH_IRQHandler                         0x0800015f   Thumb Code     0  startup_stm32f10x_hd.o(.text)
    FSMC_IRQHandler                          0x0800015f   Thumb Code     0  startup_stm32f10x_hd.o(.text)
    I2C1_ER_IRQHandler                       0x0800015f   Thumb Code     0  startup_stm32f10x_hd.o(.text)
    I2C1_EV_IRQHandler                       0x0800015f   Thumb Code     0  startup_stm32f10x_hd.o(.text)
    I2C2_ER_IRQHandler                       0x0800015f   Thumb Code     0  startup_stm32f10x_hd.o(.text)
    I2C2_EV_IRQHandler                       0x0800015f   Thumb Code     0  startup_stm32f10x_hd.o(.text)
    PVD_IRQHandler                           0x0800015f   Thumb Code     0  startup_stm32f10x_hd.o(.text)
    RCC_IRQHandler                           0x0800015f   Thumb Code     0  startup_stm32f10x_hd.o(.text)
    RTCAlarm_IRQHandler                      0x0800015f   Thumb Code     0  startup_stm32f10x_hd.o(.text)
    RTC_IRQHandler                           0x0800015f   Thumb Code     0  startup_stm32f10x_hd.o(.text)
    SDIO_IRQHandler                          0x0800015f   Thumb Code     0  startup_stm32f10x_hd.o(.text)
    SPI1_IRQHandler                          0x0800015f   Thumb Code     0  startup_stm32f10x_hd.o(.text)
    SPI2_IRQHandler                          0x0800015f   Thumb Code     0  startup_stm32f10x_hd.o(.text)
    SPI3_IRQHandler                          0x0800015f   Thumb Code     0  startup_stm32f10x_hd.o(.text)
    TAMPER_IRQHandler                        0x0800015f   Thumb Code     0  startup_stm32f10x_hd.o(.text)
    TIM1_BRK_IRQHandler                      0x0800015f   Thumb Code     0  startup_stm32f10x_hd.o(.text)
    TIM1_CC_IRQHandler                       0x0800015f   Thumb Code     0  startup_stm32f10x_hd.o(.text)
    TIM1_TRG_COM_IRQHandler                  0x0800015f   Thumb Code     0  startup_stm32f10x_hd.o(.text)
    TIM1_UP_IRQHandler                       0x0800015f   Thumb Code     0  startup_stm32f10x_hd.o(.text)
    TIM2_IRQHandler                          0x0800015f   Thumb Code     0  startup_stm32f10x_hd.o(.text)
    TIM3_IRQHandler                          0x0800015f   Thumb Code     0  startup_stm32f10x_hd.o(.text)
    TIM4_IRQHandler                          0x0800015f   Thumb Code     0  startup_stm32f10x_hd.o(.text)
    TIM5_IRQHandler                          0x0800015f   Thumb Code     0  startup_stm32f10x_hd.o(.text)
    TIM6_IRQHandler                          0x0800015f   Thumb Code     0  startup_stm32f10x_hd.o(.text)
    TIM7_IRQHandler                          0x0800015f   Thumb Code     0  startup_stm32f10x_hd.o(.text)
    TIM8_BRK_IRQHandler                      0x0800015f   Thumb Code     0  startup_stm32f10x_hd.o(.text)
    TIM8_CC_IRQHandler                       0x0800015f   Thumb Code     0  startup_stm32f10x_hd.o(.text)
    TIM8_TRG_COM_IRQHandler                  0x0800015f   Thumb Code     0  startup_stm32f10x_hd.o(.text)
    TIM8_UP_IRQHandler                       0x0800015f   Thumb Code     0  startup_stm32f10x_hd.o(.text)
    UART4_IRQHandler                         0x0800015f   Thumb Code     0  startup_stm32f10x_hd.o(.text)
    UART5_IRQHandler                         0x0800015f   Thumb Code     0  startup_stm32f10x_hd.o(.text)
    USBWakeUp_IRQHandler                     0x0800015f   Thumb Code     0  startup_stm32f10x_hd.o(.text)
    USB_HP_CAN1_TX_IRQHandler                0x0800015f   Thumb Code     0  startup_stm32f10x_hd.o(.text)
    USB_LP_CAN1_RX0_IRQHandler               0x0800015f   Thumb Code     0  startup_stm32f10x_hd.o(.text)
    WWDG_IRQHandler                          0x0800015f   Thumb Code     0  startup_stm32f10x_hd.o(.text)
    __aeabi_memset                           0x08000169   Thumb Code    14  memseta.o(.text)
    __aeabi_memset4                          0x08000169   Thumb Code     0  memseta.o(.text)
    __aeabi_memset8                          0x08000169   Thumb Code     0  memseta.o(.text)
    __aeabi_memclr                           0x08000177   Thumb Code     4  memseta.o(.text)
    __aeabi_memclr4                          0x08000177   Thumb Code     0  memseta.o(.text)
    __aeabi_memclr8                          0x08000177   Thumb Code     0  memseta.o(.text)
    _memset$wrapper                          0x0800017b   Thumb Code    18  memseta.o(.text)
    strstr                                   0x0800018d   Thumb Code    36  strstr.o(.text)
    __aeabi_uidiv                            0x080001b1   Thumb Code     0  uidiv.o(.text)
    __aeabi_uidivmod                         0x080001b1   Thumb Code    44  uidiv.o(.text)
    __scatterload                            0x080001dd   Thumb Code    28  init.o(.text)
    __scatterload_rt2                        0x080001dd   Thumb Code     0  init.o(.text)
    BusFault_Handler                         0x08000201   Thumb Code     4  stm32f10x_it.o(i.BusFault_Handler)
    CPU_TS_TmrInit                           0x08000205   Thumb Code    30  core_delay.o(i.CPU_TS_TmrInit)
    CPU_TS_TmrRd                             0x0800022d   Thumb Code     6  core_delay.o(i.CPU_TS_TmrRd)
    CPU_TS_Tmr_Delay_US                      0x08000239   Thumb Code    76  core_delay.o(i.CPU_TS_Tmr_Delay_US)
    DebugMon_Handler                         0x0800028d   Thumb Code     2  stm32f10x_it.o(i.DebugMon_Handler)
    Delay_ms                                 0x0800028f   Thumb Code    18  bsp_esp8266.o(i.Delay_ms)
    Delay_us                                 0x080002a1   Thumb Code    36  bsp_systick.o(i.Delay_us)
    ESP8266_AT_Test                          0x080002c9   Thumb Code    58  bsp_esp8266.o(i.ESP8266_AT_Test)
    ESP8266_Cmd                              0x08000311   Thumb Code   194  bsp_esp8266.o(i.ESP8266_Cmd)
    ESP8266_Enable_MultipleId                0x080003e9   Thumb Code    42  bsp_esp8266.o(i.ESP8266_Enable_MultipleId)
    ESP8266_ExitUnvarnishSend                0x08000429   Thumb Code    28  bsp_esp8266.o(i.ESP8266_ExitUnvarnishSend)
    ESP8266_Get_LinkStatus                   0x08000491   Thumb Code    64  bsp_esp8266.o(i.ESP8266_Get_LinkStatus)
    ESP8266_Init                             0x0800050d   Thumb Code    32  bsp_esp8266.o(i.ESP8266_Init)
    ESP8266_JoinAP                           0x08000531   Thumb Code    38  bsp_esp8266.o(i.ESP8266_JoinAP)
    ESP8266_Link_Server                      0x08000571   Thumb Code   110  bsp_esp8266.o(i.ESP8266_Link_Server)
    ESP8266_Net_Mode_Choose                  0x08000631   Thumb Code    68  bsp_esp8266.o(i.ESP8266_Net_Mode_Choose)
    ESP8266_Rst                              0x080006a9   Thumb Code    32  bsp_esp8266.o(i.ESP8266_Rst)
    ESP8266_StaTcpClient_UnvarnishTest       0x080006cd   Thumb Code   284  bsp_esp8266.o(i.ESP8266_StaTcpClient_UnvarnishTest)
    ESP8266_StaTcpClient_startUnvarnishTest  0x08000871   Thumb Code    90  bsp_esp8266.o(i.ESP8266_StaTcpClient_startUnvarnishTest)
    ESP8266_UnvarnishSend                    0x08000a11   Thumb Code    38  bsp_esp8266.o(i.ESP8266_UnvarnishSend)
    EXTI0_IRQHandler                         0x08000a5d   Thumb Code    18  stm32f10x_it.o(i.EXTI0_IRQHandler)
    EXTI_ClearITPendingBit                   0x08000a71   Thumb Code     6  stm32f10x_exti.o(i.EXTI_ClearITPendingBit)
    EXTI_GetITStatus                         0x08000a7d   Thumb Code    34  stm32f10x_exti.o(i.EXTI_GetITStatus)
    Esp8266_Revdata_Analysis                 0x08000aa5   Thumb Code   222  bsp_esp8266.o(i.Esp8266_Revdata_Analysis)
    GPIO_Init                                0x08000bed   Thumb Code   278  stm32f10x_gpio.o(i.GPIO_Init)
    GPIO_ReadOutputDataBit                   0x08000d03   Thumb Code    18  stm32f10x_gpio.o(i.GPIO_ReadOutputDataBit)
    GPIO_ResetBits                           0x08000d15   Thumb Code     4  stm32f10x_gpio.o(i.GPIO_ResetBits)
    GPIO_SetBits                             0x08000d19   Thumb Code     4  stm32f10x_gpio.o(i.GPIO_SetBits)
    HardFault_Handler                        0x08000d1d   Thumb Code     4  stm32f10x_it.o(i.HardFault_Handler)
    IIC_Ack                                  0x08000d21   Thumb Code    66  myiic.o(i.IIC_Ack)
    IIC_Init                                 0x08000d71   Thumb Code    52  myiic.o(i.IIC_Init)
    IIC_NAck                                 0x08000db1   Thumb Code    66  myiic.o(i.IIC_NAck)
    IIC_Read_Byte                            0x08000e01   Thumb Code    98  myiic.o(i.IIC_Read_Byte)
    IIC_Send_Byte                            0x08000e71   Thumb Code    90  myiic.o(i.IIC_Send_Byte)
    IIC_Start                                0x08000ed9   Thumb Code    64  myiic.o(i.IIC_Start)
    IIC_Stop                                 0x08000f25   Thumb Code    62  myiic.o(i.IIC_Stop)
    IIC_Wait_Ack                             0x08000f71   Thumb Code    86  myiic.o(i.IIC_Wait_Ack)
    LED_Init                                 0x08001001   Thumb Code    16  bsp_led.o(i.LED_Init)
    MemManage_Handler                        0x08001015   Thumb Code     4  stm32f10x_it.o(i.MemManage_Handler)
    NMI_Handler                              0x08001019   Thumb Code     2  stm32f10x_it.o(i.NMI_Handler)
    NVIC_Init                                0x08001041   Thumb Code   100  misc.o(i.NVIC_Init)
    NVIC_PriorityGroupConfig                 0x080010b1   Thumb Code    10  misc.o(i.NVIC_PriorityGroupConfig)
    Opt_Init                                 0x080010c5   Thumb Code    12  main.o(i.Opt_Init)
    PendSV_Handler                           0x080010dd   Thumb Code     2  stm32f10x_it.o(i.PendSV_Handler)
    RCC_APB1PeriphClockCmd                   0x080010e1   Thumb Code    26  stm32f10x_rcc.o(i.RCC_APB1PeriphClockCmd)
    RCC_APB2PeriphClockCmd                   0x08001101   Thumb Code    26  stm32f10x_rcc.o(i.RCC_APB2PeriphClockCmd)
    RCC_GetClocksFreq                        0x08001121   Thumb Code   192  stm32f10x_rcc.o(i.RCC_GetClocksFreq)
    Red_ir_init                              0x080011f5   Thumb Code   196  main.o(i.Red_ir_init)
    SVC_Handler                              0x080012ed   Thumb Code     2  stm32f10x_it.o(i.SVC_Handler)
    Send_Data2Server                         0x080012f1   Thumb Code    86  main.o(i.Send_Data2Server)
    SysTick_Handler                          0x0800143d   Thumb Code     8  stm32f10x_it.o(i.SysTick_Handler)
    SysTick_Init                             0x08001445   Thumb Code   106  bsp_systick.o(i.SysTick_Init)
    SystemInit                               0x080014c1   Thumb Code    78  system_stm32f10x.o(i.SystemInit)
    TimingDelay_Decrement                    0x08001521   Thumb Code    18  bsp_systick.o(i.TimingDelay_Decrement)
    Toggle_Led                               0x08001539   Thumb Code    56  main.o(i.Toggle_Led)
    USART1_IRQHandler                        0x08001579   Thumb Code   114  stm32f10x_it.o(i.USART1_IRQHandler)
    USART2_IRQHandler                        0x080015f5   Thumb Code    14  stm32f10x_it.o(i.USART2_IRQHandler)
    USART3_IRQHandler                        0x08001609   Thumb Code   134  stm32f10x_it.o(i.USART3_IRQHandler)
    USART_Cmd                                0x080016a9   Thumb Code    24  stm32f10x_usart.o(i.USART_Cmd)
    USART_Config                             0x080016c1   Thumb Code   148  bsp_usart.o(i.USART_Config)
    USART_GetFlagStatus                      0x0800175d   Thumb Code    26  stm32f10x_usart.o(i.USART_GetFlagStatus)
    USART_GetITStatus                        0x08001777   Thumb Code    84  stm32f10x_usart.o(i.USART_GetITStatus)
    USART_ITConfig                           0x080017cb   Thumb Code    74  stm32f10x_usart.o(i.USART_ITConfig)
    USART_Init                               0x08001815   Thumb Code   210  stm32f10x_usart.o(i.USART_Init)
    USART_ReceiveData                        0x080018ed   Thumb Code    10  stm32f10x_usart.o(i.USART_ReceiveData)
    USART_SendData                           0x080018f7   Thumb Code     8  stm32f10x_usart.o(i.USART_SendData)
    USART_printf                             0x080018ff   Thumb Code   262  common.o(i.USART_printf)
    UsageFault_Handler                       0x08001a05   Thumb Code     4  stm32f10x_it.o(i.UsageFault_Handler)
    __0printf$6                              0x08001a09   Thumb Code    22  printf6.o(i.__0printf$6)
    __1printf$6                              0x08001a09   Thumb Code     0  printf6.o(i.__0printf$6)
    __2printf                                0x08001a09   Thumb Code     0  printf6.o(i.__0printf$6)
    __0sprintf$6                             0x08001a29   Thumb Code    34  printf6.o(i.__0sprintf$6)
    __1sprintf$6                             0x08001a29   Thumb Code     0  printf6.o(i.__0sprintf$6)
    __2sprintf                               0x08001a29   Thumb Code     0  printf6.o(i.__0sprintf$6)
    __scatterload_copy                       0x08001a51   Thumb Code    14  handlers.o(i.__scatterload_copy)
    __scatterload_null                       0x08001a5f   Thumb Code     2  handlers.o(i.__scatterload_null)
    __scatterload_zeroinit                   0x08001a61   Thumb Code    14  handlers.o(i.__scatterload_zeroinit)
    fputc                                    0x08001dbd   Thumb Code    32  bsp_usart.o(i.fputc)
    main                                     0x08001e43   Thumb Code    56  main.o(i.main)
    max30102_Bus_Read                        0x08001e7b   Thumb Code    82  max30102.o(i.max30102_Bus_Read)
    max30102_Bus_Write                       0x08001ecd   Thumb Code    68  max30102.o(i.max30102_Bus_Write)
    max30102_FIFO_ReadBytes                  0x08001f11   Thumb Code   128  max30102.o(i.max30102_FIFO_ReadBytes)
    max30102_init                            0x08001f91   Thumb Code   130  max30102.o(i.max30102_init)
    max30102_reset                           0x08002019   Thumb Code    20  max30102.o(i.max30102_reset)
    maxim_find_peaks                         0x0800202d   Thumb Code    66  algorithm.o(i.maxim_find_peaks)
    maxim_heart_rate_and_oxygen_saturation   0x08002071   Thumb Code  1272  algorithm.o(i.maxim_heart_rate_and_oxygen_saturation)
    maxim_peaks_above_min_height             0x08002571   Thumb Code   122  algorithm.o(i.maxim_peaks_above_min_height)
    maxim_remove_close_peaks                 0x080025eb   Thumb Code   114  algorithm.o(i.maxim_remove_close_peaks)
    maxim_sort_ascend                        0x0800265d   Thumb Code    54  algorithm.o(i.maxim_sort_ascend)
    maxim_sort_indices_descend               0x08002693   Thumb Code    64  algorithm.o(i.maxim_sort_indices_descend)
    auw_hamm                                 0x080026d2   Data          62  algorithm.o(.constdata)
    uch_spo2_table                           0x08002710   Data         184  algorithm.o(.constdata)
    Region$$Table$$Base                      0x080027c8   Number         0  anon$$obj.o(Region$$Table)
    Region$$Table$$Limit                     0x080027e8   Number         0  anon$$obj.o(Region$$Table)
    SystemCoreClock                          0x20000000   Data           4  system_stm32f10x.o(.data)
    AHBPrescTable                            0x20000004   Data          16  system_stm32f10x.o(.data)
    n_ir_buffer_length                       0x20000028   Data           4  main.o(.data)
    n_sp02                                   0x2000002c   Data           4  main.o(.data)
    ch_spo2_valid                            0x20000030   Data           1  main.o(.data)
    n_heart_rate                             0x20000034   Data           4  main.o(.data)
    ch_hr_valid                              0x20000038   Data           1  main.o(.data)
    un_min                                   0x2000003c   Data           4  main.o(.data)
    un_max                                   0x20000040   Data           4  main.o(.data)
    un_prev_data                             0x20000044   Data           4  main.o(.data)
    n_brightness                             0x20000048   Data           4  main.o(.data)
    f_temp                                   0x2000004c   Data           4  main.o(.data)
    temp_num                                 0x20000050   Data           1  main.o(.data)
    temp                                     0x20000051   Data           6  main.o(.data)
    dis_hr                                   0x20000057   Data           1  main.o(.data)
    dis_spo2                                 0x20000058   Data           1  main.o(.data)
    dev_data                                 0x2000005c   Data           8  main.o(.data)
    measureflag                              0x2000006c   Data           1  bsp_systick.o(.data)
    TmMeasDelay                              0x20000070   Data           4  bsp_systick.o(.data)
    ucTcpClosedFlag                          0x20000074   Data           1  bsp_esp8266.o(.data)
    __stdout                                 0x20000080   Data           4  stdout.o(.data)
    aun_ir_buffer                            0x20000084   Data        2000  main.o(.bss)
    aun_red_buffer                           0x20000854   Data        2000  main.o(.bss)
    str                                      0x20001024   Data         100  main.o(.bss)
    strEsp8266_Fram_Record                   0x20001088   Data        1026  bsp_esp8266.o(.bss)
    strUSART_Fram_Record                     0x2000148a   Data        1026  bsp_esp8266.o(.bss)
    __initial_sp                             0x200033f0   Data           0  startup_stm32f10x_hd.o(STACK)



==============================================================================

Memory Map of the image

  Image Entry point : 0x08000131

  Load Region LR_IROM1 (Base: 0x08000000, Size: 0x0000286c, Max: 0x00080000, ABSOLUTE)

    Execution Region ER_IROM1 (Exec base: 0x08000000, Load base: 0x08000000, Size: 0x000027e8, Max: 0x00080000, ABSOLUTE)

    Exec Addr    Load Addr    Size         Type   Attr      Idx    E Section Name        Object

    0x08000000   0x08000000   0x00000130   Data   RO            3    RESET               startup_stm32f10x_hd.o
    0x08000130   0x08000130   0x00000000   Code   RO         4327  * .ARM.Collect$$$$00000000  mc_w.l(entry.o)
    0x08000130   0x08000130   0x00000004   Code   RO         4615    .ARM.Collect$$$$00000001  mc_w.l(entry2.o)
    0x08000134   0x08000134   0x00000004   Code   RO         4618    .ARM.Collect$$$$00000004  mc_w.l(entry5.o)
    0x08000138   0x08000138   0x00000000   Code   RO         4620    .ARM.Collect$$$$00000008  mc_w.l(entry7b.o)
    0x08000138   0x08000138   0x00000000   Code   RO         4622    .ARM.Collect$$$$0000000A  mc_w.l(entry8b.o)
    0x08000138   0x08000138   0x00000008   Code   RO         4623    .ARM.Collect$$$$0000000B  mc_w.l(entry9a.o)
    0x08000140   0x08000140   0x00000000   Code   RO         4625    .ARM.Collect$$$$0000000D  mc_w.l(entry10a.o)
    0x08000140   0x08000140   0x00000000   Code   RO         4627    .ARM.Collect$$$$0000000F  mc_w.l(entry11a.o)
    0x08000140   0x08000140   0x00000004   Code   RO         4616    .ARM.Collect$$$$00002712  mc_w.l(entry2.o)
    0x08000144   0x08000144   0x00000024   Code   RO            4    .text               startup_stm32f10x_hd.o
    0x08000168   0x08000168   0x00000024   Code   RO         4332    .text               mc_w.l(memseta.o)
    0x0800018c   0x0800018c   0x00000024   Code   RO         4334    .text               mc_w.l(strstr.o)
    0x080001b0   0x080001b0   0x0000002c   Code   RO         4630    .text               mc_w.l(uidiv.o)
    0x080001dc   0x080001dc   0x00000024   Code   RO         4647    .text               mc_w.l(init.o)
    0x08000200   0x08000200   0x00000004   Code   RO         3209    i.BusFault_Handler  stm32f10x_it.o
    0x08000204   0x08000204   0x00000028   Code   RO         3395    i.CPU_TS_TmrInit    core_delay.o
    0x0800022c   0x0800022c   0x0000000c   Code   RO         3396    i.CPU_TS_TmrRd      core_delay.o
    0x08000238   0x08000238   0x00000054   Code   RO         3397    i.CPU_TS_Tmr_Delay_US  core_delay.o
    0x0800028c   0x0800028c   0x00000002   Code   RO         3210    i.DebugMon_Handler  stm32f10x_it.o
    0x0800028e   0x0800028e   0x00000012   Code   RO         3481    i.Delay_ms          bsp_esp8266.o
    0x080002a0   0x080002a0   0x00000028   Code   RO         3422    i.Delay_us          bsp_systick.o
    0x080002c8   0x080002c8   0x00000048   Code   RO         3482    i.ESP8266_AT_Test   bsp_esp8266.o
    0x08000310   0x08000310   0x000000d8   Code   RO         3484    i.ESP8266_Cmd       bsp_esp8266.o
    0x080003e8   0x080003e8   0x00000040   Code   RO         3485    i.ESP8266_Enable_MultipleId  bsp_esp8266.o
    0x08000428   0x08000428   0x00000024   Code   RO         3486    i.ESP8266_ExitUnvarnishSend  bsp_esp8266.o
    0x0800044c   0x0800044c   0x00000044   Code   RO         3487    i.ESP8266_GPIO_Config  bsp_esp8266.o
    0x08000490   0x08000490   0x0000007c   Code   RO         3489    i.ESP8266_Get_LinkStatus  bsp_esp8266.o
    0x0800050c   0x0800050c   0x00000024   Code   RO         3490    i.ESP8266_Init      bsp_esp8266.o
    0x08000530   0x08000530   0x00000040   Code   RO         3492    i.ESP8266_JoinAP    bsp_esp8266.o
    0x08000570   0x08000570   0x000000c0   Code   RO         3493    i.ESP8266_Link_Server  bsp_esp8266.o
    0x08000630   0x08000630   0x00000078   Code   RO         3494    i.ESP8266_Net_Mode_Choose  bsp_esp8266.o
    0x080006a8   0x080006a8   0x00000024   Code   RO         3496    i.ESP8266_Rst       bsp_esp8266.o
    0x080006cc   0x080006cc   0x000001a4   Code   RO         3498    i.ESP8266_StaTcpClient_UnvarnishTest  bsp_esp8266.o
    0x08000870   0x08000870   0x000000dc   Code   RO         3499    i.ESP8266_StaTcpClient_startUnvarnishTest  bsp_esp8266.o
    0x0800094c   0x0800094c   0x0000009c   Code   RO         3501    i.ESP8266_USART_Config  bsp_esp8266.o
    0x080009e8   0x080009e8   0x00000028   Code   RO         3502    i.ESP8266_USART_NVIC_Configuration  bsp_esp8266.o
    0x08000a10   0x08000a10   0x0000004c   Code   RO         3503    i.ESP8266_UnvarnishSend  bsp_esp8266.o
    0x08000a5c   0x08000a5c   0x00000012   Code   RO         3211    i.EXTI0_IRQHandler  stm32f10x_it.o
    0x08000a6e   0x08000a6e   0x00000002   PAD
    0x08000a70   0x08000a70   0x0000000c   Code   RO          939    i.EXTI_ClearITPendingBit  stm32f10x_exti.o
    0x08000a7c   0x08000a7c   0x00000028   Code   RO          943    i.EXTI_GetITStatus  stm32f10x_exti.o
    0x08000aa4   0x08000aa4   0x00000148   Code   RO         3504    i.Esp8266_Revdata_Analysis  bsp_esp8266.o
    0x08000bec   0x08000bec   0x00000116   Code   RO         1292    i.GPIO_Init         stm32f10x_gpio.o
    0x08000d02   0x08000d02   0x00000012   Code   RO         1298    i.GPIO_ReadOutputDataBit  stm32f10x_gpio.o
    0x08000d14   0x08000d14   0x00000004   Code   RO         1299    i.GPIO_ResetBits    stm32f10x_gpio.o
    0x08000d18   0x08000d18   0x00000004   Code   RO         1300    i.GPIO_SetBits      stm32f10x_gpio.o
    0x08000d1c   0x08000d1c   0x00000004   Code   RO         3212    i.HardFault_Handler  stm32f10x_it.o
    0x08000d20   0x08000d20   0x00000050   Code   RO         3803    i.IIC_Ack           myiic.o
    0x08000d70   0x08000d70   0x00000040   Code   RO         3804    i.IIC_Init          myiic.o
    0x08000db0   0x08000db0   0x00000050   Code   RO         3805    i.IIC_NAck          myiic.o
    0x08000e00   0x08000e00   0x00000070   Code   RO         3807    i.IIC_Read_Byte     myiic.o
    0x08000e70   0x08000e70   0x00000068   Code   RO         3809    i.IIC_Send_Byte     myiic.o
    0x08000ed8   0x08000ed8   0x0000004c   Code   RO         3810    i.IIC_Start         myiic.o
    0x08000f24   0x08000f24   0x0000004c   Code   RO         3811    i.IIC_Stop          myiic.o
    0x08000f70   0x08000f70   0x00000064   Code   RO         3812    i.IIC_Wait_Ack      myiic.o
    0x08000fd4   0x08000fd4   0x0000002c   Code   RO         3657    i.LED_GPIO_Config   bsp_led.o
    0x08001000   0x08001000   0x00000014   Code   RO         3658    i.LED_Init          bsp_led.o
    0x08001014   0x08001014   0x00000004   Code   RO         3213    i.MemManage_Handler  stm32f10x_it.o
    0x08001018   0x08001018   0x00000002   Code   RO         3214    i.NMI_Handler       stm32f10x_it.o
    0x0800101a   0x0800101a   0x00000026   Code   RO         3345    i.NVIC_Configuration  bsp_usart.o
    0x08001040   0x08001040   0x00000070   Code   RO          137    i.NVIC_Init         misc.o
    0x080010b0   0x080010b0   0x00000014   Code   RO          138    i.NVIC_PriorityGroupConfig  misc.o
    0x080010c4   0x080010c4   0x00000018   Code   RO         3109    i.Opt_Init          main.o
    0x080010dc   0x080010dc   0x00000002   Code   RO         3215    i.PendSV_Handler    stm32f10x_it.o
    0x080010de   0x080010de   0x00000002   PAD
    0x080010e0   0x080010e0   0x00000020   Code   RO         1708    i.RCC_APB1PeriphClockCmd  stm32f10x_rcc.o
    0x08001100   0x08001100   0x00000020   Code   RO         1710    i.RCC_APB2PeriphClockCmd  stm32f10x_rcc.o
    0x08001120   0x08001120   0x000000d4   Code   RO         1718    i.RCC_GetClocksFreq  stm32f10x_rcc.o
    0x080011f4   0x080011f4   0x000000f8   Code   RO         3110    i.Red_ir_init       main.o
    0x080012ec   0x080012ec   0x00000002   Code   RO         3216    i.SVC_Handler       stm32f10x_it.o
    0x080012ee   0x080012ee   0x00000002   PAD
    0x080012f0   0x080012f0   0x00000064   Code   RO         3111    i.Send_Data2Server  main.o
    0x08001354   0x08001354   0x00000008   Code   RO           24    i.SetSysClock       system_stm32f10x.o
    0x0800135c   0x0800135c   0x000000e0   Code   RO           25    i.SetSysClockTo72   system_stm32f10x.o
    0x0800143c   0x0800143c   0x00000008   Code   RO         3217    i.SysTick_Handler   stm32f10x_it.o
    0x08001444   0x08001444   0x0000007c   Code   RO         3424    i.SysTick_Init      bsp_systick.o
    0x080014c0   0x080014c0   0x00000060   Code   RO           27    i.SystemInit        system_stm32f10x.o
    0x08001520   0x08001520   0x00000018   Code   RO         3425    i.TimingDelay_Decrement  bsp_systick.o
    0x08001538   0x08001538   0x00000040   Code   RO         3112    i.Toggle_Led        main.o
    0x08001578   0x08001578   0x0000007c   Code   RO         3218    i.USART1_IRQHandler  stm32f10x_it.o
    0x080015f4   0x080015f4   0x00000014   Code   RO         3219    i.USART2_IRQHandler  stm32f10x_it.o
    0x08001608   0x08001608   0x000000a0   Code   RO         3220    i.USART3_IRQHandler  stm32f10x_it.o
    0x080016a8   0x080016a8   0x00000018   Code   RO         2878    i.USART_Cmd         stm32f10x_usart.o
    0x080016c0   0x080016c0   0x0000009c   Code   RO         3346    i.USART_Config      bsp_usart.o
    0x0800175c   0x0800175c   0x0000001a   Code   RO         2881    i.USART_GetFlagStatus  stm32f10x_usart.o
    0x08001776   0x08001776   0x00000054   Code   RO         2882    i.USART_GetITStatus  stm32f10x_usart.o
    0x080017ca   0x080017ca   0x0000004a   Code   RO         2884    i.USART_ITConfig    stm32f10x_usart.o
    0x08001814   0x08001814   0x000000d8   Code   RO         2885    i.USART_Init        stm32f10x_usart.o
    0x080018ec   0x080018ec   0x0000000a   Code   RO         2892    i.USART_ReceiveData  stm32f10x_usart.o
    0x080018f6   0x080018f6   0x00000008   Code   RO         2895    i.USART_SendData    stm32f10x_usart.o
    0x080018fe   0x080018fe   0x00000106   Code   RO         3635    i.USART_printf      common.o
    0x08001a04   0x08001a04   0x00000004   Code   RO         3221    i.UsageFault_Handler  stm32f10x_it.o
    0x08001a08   0x08001a08   0x00000020   Code   RO         4497    i.__0printf$6       mc_w.l(printf6.o)
    0x08001a28   0x08001a28   0x00000028   Code   RO         4499    i.__0sprintf$6      mc_w.l(printf6.o)
    0x08001a50   0x08001a50   0x0000000e   Code   RO         4657    i.__scatterload_copy  mc_w.l(handlers.o)
    0x08001a5e   0x08001a5e   0x00000002   Code   RO         4658    i.__scatterload_null  mc_w.l(handlers.o)
    0x08001a60   0x08001a60   0x0000000e   Code   RO         4659    i.__scatterload_zeroinit  mc_w.l(handlers.o)
    0x08001a6e   0x08001a6e   0x00000002   PAD
    0x08001a70   0x08001a70   0x000002f0   Code   RO         4504    i._printf_core      mc_w.l(printf6.o)
    0x08001d60   0x08001d60   0x00000024   Code   RO         4505    i._printf_post_padding  mc_w.l(printf6.o)
    0x08001d84   0x08001d84   0x0000002e   Code   RO         4506    i._printf_pre_padding  mc_w.l(printf6.o)
    0x08001db2   0x08001db2   0x0000000a   Code   RO         4508    i._sputc            mc_w.l(printf6.o)
    0x08001dbc   0x08001dbc   0x00000024   Code   RO         3351    i.fputc             bsp_usart.o
    0x08001de0   0x08001de0   0x00000062   Code   RO         3636    i.itoa              common.o
    0x08001e42   0x08001e42   0x00000038   Code   RO         3113    i.main              main.o
    0x08001e7a   0x08001e7a   0x00000052   Code   RO         3740    i.max30102_Bus_Read  max30102.o
    0x08001ecc   0x08001ecc   0x00000044   Code   RO         3741    i.max30102_Bus_Write  max30102.o
    0x08001f10   0x08001f10   0x00000080   Code   RO         3742    i.max30102_FIFO_ReadBytes  max30102.o
    0x08001f90   0x08001f90   0x00000088   Code   RO         3744    i.max30102_init     max30102.o
    0x08002018   0x08002018   0x00000014   Code   RO         3745    i.max30102_reset    max30102.o
    0x0800202c   0x0800202c   0x00000042   Code   RO         3694    i.maxim_find_peaks  algorithm.o
    0x0800206e   0x0800206e   0x00000002   PAD
    0x08002070   0x08002070   0x00000500   Code   RO         3695    i.maxim_heart_rate_and_oxygen_saturation  algorithm.o
    0x08002570   0x08002570   0x0000007a   Code   RO         3696    i.maxim_peaks_above_min_height  algorithm.o
    0x080025ea   0x080025ea   0x00000072   Code   RO         3697    i.maxim_remove_close_peaks  algorithm.o
    0x0800265c   0x0800265c   0x00000036   Code   RO         3698    i.maxim_sort_ascend  algorithm.o
    0x08002692   0x08002692   0x00000040   Code   RO         3699    i.maxim_sort_indices_descend  algorithm.o
    0x080026d2   0x080026d2   0x000000f6   Data   RO         3701    .constdata          algorithm.o
    0x080027c8   0x080027c8   0x00000020   Data   RO         4655    Region$$Table       anon$$obj.o


    Execution Region RW_IRAM1 (Exec base: 0x20000000, Load base: 0x080027e8, Size: 0x000033f0, Max: 0x00010000, ABSOLUTE)

    Exec Addr    Load Addr    Size         Type   Attr      Idx    E Section Name        Object

    0x20000000   0x080027e8   0x00000014   Data   RW           28    .data               system_stm32f10x.o
    0x20000014   0x080027fc   0x00000014   Data   RW         1738    .data               stm32f10x_rcc.o
    0x20000028   0x08002810   0x0000003f   Data   RW         3115    .data               main.o
    0x20000067   0x0800284f   0x00000001   PAD
    0x20000068   0x08002850   0x0000000c   Data   RW         3429    .data               bsp_systick.o
    0x20000074   0x0800285c   0x00000009   Data   RW         3506    .data               bsp_esp8266.o
    0x2000007d   0x08002865   0x00000003   PAD
    0x20000080   0x08002868   0x00000004   Data   RW         4629    .data               mc_w.l(stdout.o)
    0x20000084        -       0x00001004   Zero   RW         3114    .bss                main.o
    0x20001088        -       0x00000804   Zero   RW         3505    .bss                bsp_esp8266.o
    0x2000188c        -       0x00001760   Zero   RW         3700    .bss                algorithm.o
    0x20002fec   0x0800286c   0x00000004   PAD
    0x20002ff0        -       0x00000400   Zero   RW            1    STACK               startup_stm32f10x_hd.o


==============================================================================

Image component sizes


      Code (inc. data)   RO Data    RW Data    ZI Data      Debug   Object Name

      1700         30        246          0       5984       7477   algorithm.o
      2286        716          0          9       2052      14342   bsp_esp8266.o
        64         10          0          0          0        927   bsp_led.o
       188         28          0         12          0      17478   bsp_systick.o
       230         12          0          0          0       1695   bsp_usart.o
       360          0          0          0          0       2679   common.o
         0          0          0          0          0       4500   core_cm3.o
       136         24          0          0          0       1558   core_delay.o
       492         86          0         63       4100       6062   main.o
       434          6          0          0          0       3544   max30102.o
       132         22          0          0          0       1563   misc.o
       692        108          0          0          0       4310   myiic.o
        36          8        304          0       1024        872   startup_stm32f10x_hd.o
        52         12          0          0          0       1148   stm32f10x_exti.o
       304          0          0          0          0       3701   stm32f10x_gpio.o
       354         42          0          0          0       6017   stm32f10x_it.o
       276         32          0         20          0       4482   stm32f10x_rcc.o
       442          6          0          0          0       6237   stm32f10x_usart.o
       328         28          0         20          0     230381   system_stm32f10x.o

    ----------------------------------------------------------------------
      8514       1170        582        128      13164     318973   Object Totals
         0          0         32          0          0          0   (incl. Generated)
         8          0          0          4          4          0   (incl. Padding)

    ----------------------------------------------------------------------

      Code (inc. data)   RO Data    RW Data    ZI Data      Debug   Library Member Name

         0          0          0          0          0          0   entry.o
         0          0          0          0          0          0   entry10a.o
         0          0          0          0          0          0   entry11a.o
         8          4          0          0          0          0   entry2.o
         4          0          0          0          0          0   entry5.o
         0          0          0          0          0          0   entry7b.o
         0          0          0          0          0          0   entry8b.o
         8          4          0          0          0          0   entry9a.o
        30          0          0          0          0          0   handlers.o
        36          8          0          0          0         68   init.o
        36          0          0          0          0        108   memseta.o
       916         20          0          0          0        504   printf6.o
         0          0          0          4          0          0   stdout.o
        36          0          0          0          0         80   strstr.o
        44          0          0          0          0         80   uidiv.o

    ----------------------------------------------------------------------
      1120         36          0          4          0        840   Library Totals
         2          0          0          0          0          0   (incl. Padding)

    ----------------------------------------------------------------------

      Code (inc. data)   RO Data    RW Data    ZI Data      Debug   Library Name

      1118         36          0          4          0        840   mc_w.l

    ----------------------------------------------------------------------
      1120         36          0          4          0        840   Library Totals

    ----------------------------------------------------------------------

==============================================================================


      Code (inc. data)   RO Data    RW Data    ZI Data      Debug   

      9634       1206        582        132      13164     315233   Grand Totals
      9634       1206        582        132      13164     315233   ELF Image Totals
      9634       1206        582        132          0          0   ROM Totals

==============================================================================

    Total RO  Size (Code + RO Data)                10216 (   9.98kB)
    Total RW  Size (RW Data + ZI Data)             13296 (  12.98kB)
    Total ROM Size (Code + RO Data + RW Data)      10348 (  10.11kB)

==============================================================================

